<html>
<body>
<pre>
<h1>µVision Build Log</h1>
<h2>Project:</h2>
E:\Project_Git_NewGenie\NewGenie_Execution_Git\baseos_Code\USER\UCOS.uvproj
Project File Date:  <unknown>

<h2>Output:</h2>
Rebuild target 'RAM'
compiling main.c...
compiling stm32f4xx_it.c...
compiling system_stm32f4xx.c...
compiling Beep.c...
compiling adc.c...
compiling DICA.c...
compiling Relay.c...
compiling Printf.c...
compiling UartCmd.c...
UartCmd.c(19): warning:  #177-D: variable "UcLogLevel" was declared but never referenced
compiling CanCmd.c...
compiling config.c...
compiling serial.c...
compiling display.c...
compiling valve.c...
compiling ad840x.c...
compiling AT.C...
compiling qmi.c...
compiling zb.c...
assembling startup_stm32f40_41xxx.s...
compiling misc.c...
compiling stm32f4xx_gpio.c...
compiling stm32f4xx_rcc.c...
compiling stm32f4xx_syscfg.c...
compiling stm32f4xx_usart.c...
compiling stm32f4xx_adc.c...
compiling stm32f4xx_can.c...
compiling stm32f4xx_flash.c...
compiling stm32f4xx_i2c.c...
compiling stm32f4xx_pwr.c...
compiling stm32f4xx_rtc.c...
compiling stm32f4xx_spi.c...
compiling stm32f4xx_tim.c...
compiling stm32f4xx_iwdg.c...
compiling stm32f4xx_dma.c...
compiling stm32f4xx_exti.c...
compiling stm32f4xx_sdio.c...
linking...
Program Size: Code=76300 RO-data=1332 RW-data=788 ZI-data=29748  
FromELF: creating hex file...
"..\Obj\0860210008PWEA_Main_V_1_0.axf" - 0 Errors, 1 Warning(s).
Rebuild target 'RAM'
compiling main.c...
compiling stm32f4xx_it.c...
compiling system_stm32f4xx.c...
compiling Beep.c...
compiling adc.c...
compiling DICA.c...
compiling Relay.c...
compiling Printf.c...
compiling UartCmd.c...
UartCmd.c(19): warning:  #177-D: variable "UcLogLevel" was declared but never referenced
compiling CanCmd.c...
compiling config.c...
compiling serial.c...
compiling display.c...
compiling valve.c...
compiling ad840x.c...
compiling AT.C...
compiling qmi.c...
compiling zb.c...
assembling startup_stm32f40_41xxx.s...
compiling misc.c...
compiling stm32f4xx_gpio.c...
compiling stm32f4xx_rcc.c...
compiling stm32f4xx_syscfg.c...
compiling stm32f4xx_usart.c...
compiling stm32f4xx_adc.c...
compiling stm32f4xx_can.c...
compiling stm32f4xx_flash.c...
compiling stm32f4xx_i2c.c...
compiling stm32f4xx_pwr.c...
compiling stm32f4xx_rtc.c...
compiling stm32f4xx_spi.c...
compiling stm32f4xx_tim.c...
compiling stm32f4xx_iwdg.c...
compiling stm32f4xx_dma.c...
compiling stm32f4xx_exti.c...
compiling stm32f4xx_sdio.c...
linking...
Program Size: Code=76300 RO-data=1332 RW-data=788 ZI-data=29748  
FromELF: creating hex file...
"..\Obj\0860210008PWEA_Main_V_1_0.axf" - 0 Errors, 1 Warning(s).
