Component: ARM Compiler 5.06 update 6 (build 750) Tool: armlink [4d35ed]

==============================================================================

Section Cross References

    main.o(.text) refers to iwdg_driver.o(.text) for IWDG_Feed
    main.o(.text) refers to timer.o(.text) for TimerProc
    main.o(.text) refers to system_time.o(.text) for system_time_proc
    main.o(.text) refers to serial.o(.text) for Serial_CheckRcvIdleTime
    main.o(.text) refers to stm32f4xx_rcc.o(.text) for RCC_ClearFlag
    main.o(.text) refers to voslog.o(.text) for VOS_SetLogLevel
    main.o(.text) refers to gpio.o(.text) for stm32_gpio_init
    main.o(.text) refers to uartcmd.o(.text) for UartCmdInit
    main.o(.text) refers to osal_snv.o(.text) for osal_snv_init
    main.o(.text) refers to config.o(.text) for Config_Init
    main.o(.text) refers to relay.o(.text) for InitRelays
    main.o(.text) refers to dica.o(.text) for Ioctrl_input_init
    main.o(.text) refers to beep.o(.text) for BeepInit
    main.o(.text) refers to keyboard.o(.text) for KeyboardInit
    main.o(.text) refers to valve.o(.text) for ValveInit
    main.o(.text) refers to ad840x.o(.text) for AD840x_Init
    main.o(.text) refers to adc.o(.text) for ADC_Meas_Init
    main.o(.text) refers to cancmd.o(.text) for CanCmdInit
    main.o(.text) refers to qmi.o(.text) for appQmiInit
    main.o(.text) refers to display.o(.text) for Disp_Init
    main.o(.text) refers to sapp.o(.text) for SHZNAPP_SerialAppProc
    main.o(.text) refers to msg.o(.text) for MessageAlloc
    main.o(.text) refers to task.o(.text) for VOS_CreateTask
    main.o(.text) refers to os_task.o(.text) for OSTaskNameSet
    main.o(.text) refers to os_time.o(.text) for OSTimeDlyHMSM
    main.o(.text) refers to cpu_a.o(.text) for CPU_IntDis
    main.o(.text) refers to bsp.o(.text) for BSP_Init
    main.o(.text) refers to misc.o(.text) for NVIC_SetVectorTable
    main.o(.text) refers to os_core.o(.text) for OSInit
    main.o(.text) refers to main.o(.data) for gulSecond
    main.o(.text) refers to sapp.o(.data) for sappItfType
    main.o(.text) refers to sapp.o(.constdata) for sbRxBuf
    main.o(.text) refers to main.o(.bss) for AppTaskMainStk
    stm32f4xx_it.o(.text) refers to os_cpu_a.o(.text) for OS_CPU_SR_Save
    stm32f4xx_it.o(.text) refers to os_core.o(.text) for OSTimeTick
    stm32f4xx_it.o(.text) refers to stm32f4xx_usart.o(.text) for USART_GetITStatus
    stm32f4xx_it.o(.text) refers to serial.o(.text) for Serial_FillRcvBuf
    stm32f4xx_it.o(.text) refers to uartcmd.o(.text) for UartCmdPutData
    stm32f4xx_it.o(.text) refers to stm32f4xx_tim.o(.text) for TIM_GetITStatus
    stm32f4xx_it.o(.text) refers to timer_driver.o(.text) for TIM_event_handler
    stm32f4xx_it.o(.text) refers to os_core.o(.data) for OSRunning
    stm32f4xx_it.o(.text) refers to serial.o(.bss) for Serial
    stm32f4xx_it.o(.text) refers to msg.o(.text) for MessageAlloc
    stm32f4xx_it.o(.text) refers to stm32f4xx_can.o(.text) for CAN_Receive
    stm32f4xx_it.o(.text) refers to cancmd.o(.text) for SndCanData
    stm32f4xx_it.o(.text) refers to stm32f4xx_exti.o(.text) for EXTI_ClearITPendingBit
    stm32f4xx_it.o(.text) refers to gpio.o(.text) for sensor_event_handler
    stm32f4xx_it.o(.text) refers to stm32f4xx_adc.o(.text) for ADC_GetITStatus
    stm32f4xx_it.o(.text) refers to stm32f4xx_dma.o(.text) for DMA_ClearFlag
    stm32f4xx_it.o(.text) refers to adc.o(.text) for Oversampling_GetConversion
    system_stm32f4xx.o(.text) refers to system_stm32f4xx.o(.data) for SystemCoreClock
    beep.o(.text) refers to gpio.o(.text) for stm32_gpio_cfgpin
    beep.o(.text) refers to timer.o(.text) for AddTimer
    adc.o(.text) refers to misc.o(.text) for NVIC_Init
    adc.o(.text) refers to stm32f4xx_adc.o(.text) for ADC_Cmd
    adc.o(.text) refers to timer_driver.o(.text) for TIM_Init_General
    adc.o(.text) refers to stm32f4xx_rcc.o(.text) for RCC_AHB1PeriphClockCmd
    adc.o(.text) refers to stm32f4xx_gpio.o(.text) for GPIO_StructInit
    adc.o(.text) refers to adc_driver.o(.text) for ADC_DMA_Configuration
    adc.o(.text) refers to adc.o(.bss) for ADC_ConvertedValue
    adc.o(.text) refers to valve.o(.bss) for gValve
    adc.o(.text) refers to display.o(.bss) for Display
    dica.o(.text) refers to stm32f4xx_gpio.o(.text) for GPIO_ReadInputData
    dica.o(.text) refers to display.o(.text) for Disp_DinStateChange
    dica.o(.text) refers to stm32f4xx_rcc.o(.text) for RCC_APB1PeriphClockCmd
    dica.o(.text) refers to stm32f4xx_pwr.o(.text) for PWR_BackupAccessCmd
    dica.o(.text) refers to gpio.o(.text) for stm32_gpio_cfgpin
    dica.o(.text) refers to dica.o(.data) for Ioctrl_input_debounce_queue
    dica.o(.text) refers to dica.o(.constdata) for inputs
    dica.o(.text) refers to display.o(.bss) for Display
    relay.o(.text) refers to gpio.o(.text) for stm32_gpio_cfgpin
    relay.o(.text) refers to memseta.o(.text) for __aeabi_memclr4
    relay.o(.text) refers to system_time.o(.text) for system_timeout
[...]
    SPI_SSOutputCmd                          0x08015685   Thumb Code    24  stm32f4xx_spi.o(.text)
    SPI_TIModeCmd                            0x0801569d   Thumb Code    24  stm32f4xx_spi.o(.text)
    I2S_FullDuplexConfig                     0x080156b5   Thumb Code    80  stm32f4xx_spi.o(.text)
    SPI_I2S_ReceiveData                      0x08015705   Thumb Code     6  stm32f4xx_spi.o(.text)
    SPI_I2S_SendData                         0x0801570b   Thumb Code     4  stm32f4xx_spi.o(.text)
    SPI_CalculateCRC                         0x0801570f   Thumb Code    24  stm32f4xx_spi.o(.text)
    SPI_TransmitCRC                          0x08015727   Thumb Code    10  stm32f4xx_spi.o(.text)
    SPI_GetCRC                               0x08015731   Thumb Code    16  stm32f4xx_spi.o(.text)
    SPI_GetCRCPolynomial                     0x08015741   Thumb Code     6  stm32f4xx_spi.o(.text)
    SPI_I2S_DMACmd                           0x08015747   Thumb Code    18  stm32f4xx_spi.o(.text)
    SPI_I2S_ITConfig                         0x08015759   Thumb Code    68  stm32f4xx_spi.o(.text)
    SPI_I2S_GetFlagStatus                    0x0801579d   Thumb Code    18  stm32f4xx_spi.o(.text)
    SPI_I2S_ClearFlag                        0x080157af   Thumb Code     6  stm32f4xx_spi.o(.text)
    SPI_I2S_GetITStatus                      0x080157b5   Thumb Code    52  stm32f4xx_spi.o(.text)
    SPI_I2S_ClearITPendingBit                0x080157e9   Thumb Code    20  stm32f4xx_spi.o(.text)
    TIM_DeInit                               0x080157fd   Thumb Code   346  stm32f4xx_tim.o(.text)
    TIM_TimeBaseInit                         0x08015957   Thumb Code   104  stm32f4xx_tim.o(.text)
    TIM_TimeBaseStructInit                   0x080159bf   Thumb Code    18  stm32f4xx_tim.o(.text)
    TIM_PrescalerConfig                      0x080159d1   Thumb Code     6  stm32f4xx_tim.o(.text)
    TIM_CounterModeConfig                    0x080159d7   Thumb Code    18  stm32f4xx_tim.o(.text)
    TIM_SetCounter                           0x080159e9   Thumb Code     4  stm32f4xx_tim.o(.text)
    TIM_SetAutoreload                        0x080159ed   Thumb Code     4  stm32f4xx_tim.o(.text)
    TIM_GetCounter                           0x080159f1   Thumb Code     6  stm32f4xx_tim.o(.text)
    TIM_GetPrescaler                         0x080159f7   Thumb Code     6  stm32f4xx_tim.o(.text)
    TIM_UpdateDisableConfig                  0x080159fd   Thumb Code    24  stm32f4xx_tim.o(.text)
    TIM_UpdateRequestConfig                  0x08015a15   Thumb Code    24  stm32f4xx_tim.o(.text)
    TIM_ARRPreloadConfig                     0x08015a2d   Thumb Code    24  stm32f4xx_tim.o(.text)
    TIM_SelectOnePulseMode                   0x08015a45   Thumb Code    18  stm32f4xx_tim.o(.text)
    TIM_SetClockDivision                     0x08015a57   Thumb Code    18  stm32f4xx_tim.o(.text)
    TIM_Cmd                                  0x08015a69   Thumb Code    24  stm32f4xx_tim.o(.text)
    TIM_OC1Init                              0x08015a81   Thumb Code   114  stm32f4xx_tim.o(.text)
    TIM_OC2Init                              0x08015af3   Thumb Code   154  stm32f4xx_tim.o(.text)
    TIM_OC3Init                              0x08015b8d   Thumb Code   204  stm32f4xx_tim.o(.text)
    TIM_OC4Init                              0x08015c59   Thumb Code   112  stm32f4xx_tim.o(.text)
    TIM_OCStructInit                         0x08015cc9   Thumb Code    20  stm32f4xx_tim.o(.text)
    TIM_SelectOCxM                           0x08015cdd   Thumb Code    86  stm32f4xx_tim.o(.text)
    TIM_SetCompare1                          0x08015d33   Thumb Code     4  stm32f4xx_tim.o(.text)
    TIM_SetCompare2                          0x08015d37   Thumb Code     4  stm32f4xx_tim.o(.text)
    TIM_SetCompare3                          0x08015d3b   Thumb Code     4  stm32f4xx_tim.o(.text)
    TIM_SetCompare4                          0x08015d3f   Thumb Code     4  stm32f4xx_tim.o(.text)
    TIM_ForcedOC1Config                      0x08015d43   Thumb Code    18  stm32f4xx_tim.o(.text)
    TIM_ForcedOC2Config                      0x08015d55   Thumb Code    26  stm32f4xx_tim.o(.text)
    TIM_ForcedOC3Config                      0x08015d6f   Thumb Code    18  stm32f4xx_tim.o(.text)
    TIM_ForcedOC4Config                      0x08015d81   Thumb Code    26  stm32f4xx_tim.o(.text)
    TIM_OC1PreloadConfig                     0x08015d9b   Thumb Code    18  stm32f4xx_tim.o(.text)
    TIM_OC2PreloadConfig                     0x08015dad   Thumb Code    26  stm32f4xx_tim.o(.text)
    TIM_OC3PreloadConfig                     0x08015dc7   Thumb Code    18  stm32f4xx_tim.o(.text)
    TIM_OC4PreloadConfig                     0x08015dd9   Thumb Code    26  stm32f4xx_tim.o(.text)
    TIM_OC1FastConfig                        0x08015df3   Thumb Code    18  stm32f4xx_tim.o(.text)
    TIM_OC2FastConfig                        0x08015e05   Thumb Code    26  stm32f4xx_tim.o(.text)
    TIM_OC3FastConfig                        0x08015e1f   Thumb Code    18  stm32f4xx_tim.o(.text)
    TIM_OC4FastConfig                        0x08015e31   Thumb Code    26  stm32f4xx_tim.o(.text)
    TIM_ClearOC1Ref                          0x08015e4b   Thumb Code    18  stm32f4xx_tim.o(.text)
    TIM_ClearOC2Ref                          0x08015e5d   Thumb Code    24  stm32f4xx_tim.o(.text)
    TIM_ClearOC3Ref                          0x08015e75   Thumb Code    18  stm32f4xx_tim.o(.text)
    TIM_ClearOC4Ref                          0x08015e87   Thumb Code    24  stm32f4xx_tim.o(.text)
    TIM_OC1PolarityConfig                    0x08015e9f   Thumb Code    18  stm32f4xx_tim.o(.text)
    TIM_OC1NPolarityConfig                   0x08015eb1   Thumb Code    18  stm32f4xx_tim.o(.text)
    TIM_OC2PolarityConfig                    0x08015ec3   Thumb Code    26  stm32f4xx_tim.o(.text)
    TIM_OC2NPolarityConfig                   0x08015edd   Thumb Code    26  stm32f4xx_tim.o(.text)
    TIM_OC3PolarityConfig                    0x08015ef7   Thumb Code    26  stm32f4xx_tim.o(.text)
    TIM_OC3NPolarityConfig                   0x08015f11   Thumb Code    26  stm32f4xx_tim.o(.text)
    TIM_OC4PolarityConfig                    0x08015f2b   Thumb Code    26  stm32f4xx_tim.o(.text)
    TIM_CCxCmd                               0x08015f45   Thumb Code    30  stm32f4xx_tim.o(.text)
    TIM_CCxNCmd                              0x08015f63   Thumb Code    30  stm32f4xx_tim.o(.text)
    TIM_SetIC4Prescaler                      0x08015f81   Thumb Code    26  stm32f4xx_tim.o(.text)
    TIM_SetIC3Prescaler                      0x08015feb   Thumb Code    18  stm32f4xx_tim.o(.text)
    TIM_SetIC2Prescaler                      0x08016045   Thumb Code    26  stm32f4xx_tim.o(.text)
    TIM_SetIC1Prescaler                      0x080160b9   Thumb Code    18  stm32f4xx_tim.o(.text)
    TIM_ICInit                               0x08016105   Thumb Code   110  stm32f4xx_tim.o(.text)
    TIM_ICStructInit                         0x08016173   Thumb Code    18  stm32f4xx_tim.o(.text)
    TIM_PWMIConfig                           0x08016185   Thumb Code   124  stm32f4xx_tim.o(.text)
    TIM_GetCapture1                          0x08016201   Thumb Code     6  stm32f4xx_tim.o(.text)
    TIM_GetCapture2                          0x08016207   Thumb Code     6  stm32f4xx_tim.o(.text)
    TIM_GetCapture3                          0x0801620d   Thumb Code     6  stm32f4xx_tim.o(.text)
    TIM_GetCapture4                          0x08016213   Thumb Code     6  stm32f4xx_tim.o(.text)
    TIM_BDTRConfig                           0x08016219   Thumb Code    32  stm32f4xx_tim.o(.text)
    TIM_BDTRStructInit                       0x08016239   Thumb Code    18  stm32f4xx_tim.o(.text)
    TIM_CtrlPWMOutputs                       0x0801624b   Thumb Code    30  stm32f4xx_tim.o(.text)
    TIM_SelectCOM                            0x08016269   Thumb Code    24  stm32f4xx_tim.o(.text)
    TIM_CCPreloadControl                     0x08016281   Thumb Code    24  stm32f4xx_tim.o(.text)
    TIM_ITConfig                             0x08016299   Thumb Code    18  stm32f4xx_tim.o(.text)
    TIM_GenerateEvent                        0x080162ab   Thumb Code     4  stm32f4xx_tim.o(.text)
    TIM_GetFlagStatus                        0x080162af   Thumb Code    18  stm32f4xx_tim.o(.text)
    TIM_ClearFlag                            0x080162c1   Thumb Code     6  stm32f4xx_tim.o(.text)
    TIM_GetITStatus                          0x080162c7   Thumb Code    34  stm32f4xx_tim.o(.text)
    TIM_ClearITPendingBit                    0x080162e9   Thumb Code     6  stm32f4xx_tim.o(.text)
    TIM_DMAConfig                            0x080162ef   Thumb Code    10  stm32f4xx_tim.o(.text)
    TIM_DMACmd                               0x080162f9   Thumb Code    18  stm32f4xx_tim.o(.text)
    TIM_SelectCCDMA                          0x0801630b   Thumb Code    24  stm32f4xx_tim.o(.text)
    TIM_InternalClockConfig                  0x08016323   Thumb Code    12  stm32f4xx_tim.o(.text)
    TIM_SelectInputTrigger                   0x0801632f   Thumb Code    18  stm32f4xx_tim.o(.text)
    TIM_ITRxExternalClockConfig              0x08016341   Thumb Code    24  stm32f4xx_tim.o(.text)
    TIM_TIxExternalClockConfig               0x08016359   Thumb Code    62  stm32f4xx_tim.o(.text)
    TIM_ETRConfig                            0x08016397   Thumb Code    28  stm32f4xx_tim.o(.text)
    TIM_ETRClockMode1Config                  0x080163b3   Thumb Code    54  stm32f4xx_tim.o(.text)
    TIM_ETRClockMode2Config                  0x080163e9   Thumb Code    32  stm32f4xx_tim.o(.text)
    TIM_SelectOutputTrigger                  0x08016409   Thumb Code    18  stm32f4xx_tim.o(.text)
    TIM_SelectSlaveMode                      0x0801641b   Thumb Code    18  stm32f4xx_tim.o(.text)
    TIM_SelectMasterSlaveMode                0x0801642d   Thumb Code    18  stm32f4xx_tim.o(.text)
    TIM_EncoderInterfaceConfig               0x0801643f   Thumb Code    66  stm32f4xx_tim.o(.text)
    TIM_SelectHallSensor                     0x08016481   Thumb Code    24  stm32f4xx_tim.o(.text)
    TIM_RemapConfig                          0x08016499   Thumb Code     6  stm32f4xx_tim.o(.text)
    IWDG_WriteAccessCmd                      0x080164a1   Thumb Code     6  stm32f4xx_iwdg.o(.text)
    IWDG_SetPrescaler                        0x080164a7   Thumb Code     6  stm32f4xx_iwdg.o(.text)
    IWDG_SetReload                           0x080164ad   Thumb Code     6  stm32f4xx_iwdg.o(.text)
    IWDG_ReloadCounter                       0x080164b3   Thumb Code    10  stm32f4xx_iwdg.o(.text)
    IWDG_Enable                              0x080164bd   Thumb Code    10  stm32f4xx_iwdg.o(.text)
    IWDG_GetFlagStatus                       0x080164c7   Thumb Code    20  stm32f4xx_iwdg.o(.text)
    DMA_DeInit                               0x080164e1   Thumb Code   324  stm32f4xx_dma.o(.text)
    DMA_Init                                 0x08016625   Thumb Code    82  stm32f4xx_dma.o(.text)
    DMA_StructInit                           0x08016677   Thumb Code    34  stm32f4xx_dma.o(.text)
    DMA_Cmd                                  0x08016699   Thumb Code    22  stm32f4xx_dma.o(.text)
    DMA_PeriphIncOffsetSizeConfig            0x080166af   Thumb Code    22  stm32f4xx_dma.o(.text)
    DMA_FlowControllerConfig                 0x080166c5   Thumb Code    22  stm32f4xx_dma.o(.text)
    DMA_SetCurrDataCounter                   0x080166db   Thumb Code     4  stm32f4xx_dma.o(.text)
    DMA_GetCurrDataCounter                   0x080166df   Thumb Code     8  stm32f4xx_dma.o(.text)
    DMA_DoubleBufferModeConfig               0x080166e7   Thumb Code    24  stm32f4xx_dma.o(.text)
    DMA_DoubleBufferModeCmd                  0x080166ff   Thumb Code    22  stm32f4xx_dma.o(.text)
    DMA_MemoryTargetConfig                   0x08016715   Thumb Code    10  stm32f4xx_dma.o(.text)
    DMA_GetCurrentMemoryTarget               0x0801671f   Thumb Code    20  stm32f4xx_dma.o(.text)
    DMA_GetCmdStatus                         0x08016733   Thumb Code    20  stm32f4xx_dma.o(.text)
    DMA_GetFIFOStatus                        0x08016747   Thumb Code    12  stm32f4xx_dma.o(.text)
    DMA_GetFlagStatus                        0x08016753   Thumb Code    56  stm32f4xx_dma.o(.text)
    DMA_ClearFlag                            0x0801678b   Thumb Code    40  stm32f4xx_dma.o(.text)
    DMA_ITConfig                             0x080167b3   Thumb Code    58  stm32f4xx_dma.o(.text)
    DMA_GetITStatus                          0x080167ed   Thumb Code    84  stm32f4xx_dma.o(.text)
    DMA_ClearITPendingBit                    0x08016841   Thumb Code    40  stm32f4xx_dma.o(.text)
    EXTI_DeInit                              0x08016889   Thumb Code    28  stm32f4xx_exti.o(.text)
    EXTI_Init                                0x080168a5   Thumb Code   142  stm32f4xx_exti.o(.text)
    EXTI_StructInit                          0x08016933   Thumb Code    16  stm32f4xx_exti.o(.text)
    EXTI_GenerateSWInterrupt                 0x08016943   Thumb Code    16  stm32f4xx_exti.o(.text)
    EXTI_GetFlagStatus                       0x08016953   Thumb Code    22  stm32f4xx_exti.o(.text)
    EXTI_ClearFlag                           0x08016969   Thumb Code     8  stm32f4xx_exti.o(.text)
    EXTI_GetITStatus                         0x08016971   Thumb Code    22  stm32f4xx_exti.o(.text)
    EXTI_ClearITPendingBit                   0x08016987   Thumb Code     8  stm32f4xx_exti.o(.text)
    Config_SetAddress                        0x080169c1   Thumb Code    72  sapp.o(.text)
    SHZNAPP_SerialAppProc                    0x08016a49   Thumb Code   214  sapp.o(.text)
    SHZNAPP_SerialBootProc                   0x08016b1f   Thumb Code   238  sapp.o(.text)
    SHZNAPP_SerialUnknowProc                 0x08016c0d   Thumb Code    48  sapp.o(.text)
    SHZNAPP_SerialResp                       0x08016c3d   Thumb Code    84  sapp.o(.text)
    SHZNAPP_SerialParse                      0x08016c91   Thumb Code   212  sapp.o(.text)
    SHZNAPP_CanParse                         0x08016d65   Thumb Code   214  sapp.o(.text)
    SHZNAPP_SetTgtType                       0x08016e3b   Thumb Code     6  sapp.o(.text)
    SHZNAPP_SerialInit                       0x08016e41   Thumb Code    26  sapp.o(.text)
    CPU_IntDis                               0x08016e81   Thumb Code     0  cpu_a.o(.text)
    CPU_IntEn                                0x08016e85   Thumb Code     0  cpu_a.o(.text)
    CPU_SR_Save                              0x08016e89   Thumb Code     0  cpu_a.o(.text)
    CPU_SR_Restore                           0x08016e91   Thumb Code     0  cpu_a.o(.text)
    CPU_EN_VFP                               0x08016e97   Thumb Code     0  cpu_a.o(.text)
    OS_CPU_SR_Save                           0x08016ea9   Thumb Code     0  os_cpu_a.o(.text)
    OS_CPU_SR_Restore                        0x08016eb1   Thumb Code     0  os_cpu_a.o(.text)
    OSStartHighRdy                           0x08016eb7   Thumb Code     0  os_cpu_a.o(.text)
    OSCtxSw                                  0x08016ed7   Thumb Code     0  os_cpu_a.o(.text)
    OSIntCtxSw                               0x08016ee1   Thumb Code     0  os_cpu_a.o(.text)
    PendSV_Handler                           0x08016eeb   Thumb Code     0  os_cpu_a.o(.text)
    OS_StrCopy                               0x08016f61   Thumb Code    28  os_core.o(.text)
    OSEventNameGet                           0x08016f7d   Thumb Code   126  os_core.o(.text)
    OS_StrLen                                0x08016ffb   Thumb Code    20  os_core.o(.text)
    OSEventNameSet                           0x0801700f   Thumb Code   140  os_core.o(.text)
    OS_TaskIdle                              0x0801709b   Thumb Code    32  os_core.o(.text)
    OS_MemClr                                0x080170f1   Thumb Code    18  os_core.o(.text)
    OSInit                                   0x080171ef   Thumb Code    44  os_core.o(.text)
    OSIntEnter                               0x0801721b   Thumb Code    28  os_core.o(.text)
    OSIntExit                                0x0801725d   Thumb Code   100  os_core.o(.text)
    OSSchedLock                              0x080172c1   Thumb Code    50  os_core.o(.text)
    OS_Sched                                 0x080172f3   Thumb Code    74  os_core.o(.text)
    OSSchedUnlock                            0x0801733d   Thumb Code   192  os_core.o(.text)
    OSStart                                  0x080173fd   Thumb Code    48  os_core.o(.text)
    OSTimeTick                               0x0801742d   Thumb Code   158  os_core.o(.text)
    OSVersion                                0x080174cb   Thumb Code     6  os_core.o(.text)
    OS_Dummy                                 0x080174d1   Thumb Code     2  os_core.o(.text)
    OS_EventTaskRdy                          0x080174d3   Thumb Code   202  os_core.o(.text)
    OS_EventTaskWait                         0x0801759d   Thumb Code   112  os_core.o(.text)
    OS_EventTOAbort                          0x0801760d   Thumb Code    76  os_core.o(.text)
    OS_EventWaitListInit                     0x08017659   Thumb Code    28  os_core.o(.text)
    OS_MemCopy                               0x08017675   Thumb Code    20  os_core.o(.text)
    OS_TaskStatStkChk                        0x08017689   Thumb Code    54  os_core.o(.text)
    OS_TCBInit                               0x080176bf   Thumb Code   260  os_core.o(.text)
    OSMboxAccept                             0x080177f9   Thumb Code    44  os_mbox.o(.text)
    OSMboxCreate                             0x08017825   Thumb Code    78  os_mbox.o(.text)
    OSMboxDel                                0x08017873   Thumb Code   236  os_mbox.o(.text)
    OSMboxPend                               0x0801795f   Thumb Code   268  os_mbox.o(.text)
    OSMboxPendAbort                          0x08017a6b   Thumb Code   144  os_mbox.o(.text)
    OSMboxPost                               0x08017afb   Thumb Code    92  os_mbox.o(.text)
    OSMboxPostOpt                            0x08017b57   Thumb Code   132  os_mbox.o(.text)
    OSMboxQuery                              0x08017bdb   Thumb Code   104  os_mbox.o(.text)
    OSTaskChangePrio                         0x08017c45   Thumb Code   340  os_task.o(.text)
    OSTaskCreate                             0x08017d99   Thumb Code   158  os_task.o(.text)
    OS_TaskStkClr                            0x08017e37   Thumb Code    26  os_task.o(.text)
    OSTaskCreateExt                          0x08017e51   Thumb Code   180  os_task.o(.text)
    OSTaskDel                                0x08017f05   Thumb Code   388  os_task.o(.text)
    OSTaskDelReq                             0x08018089   Thumb Code   112  os_task.o(.text)
    OSTaskNameGet                            0x080180f9   Thumb Code   148  os_task.o(.text)
    OSTaskNameSet                            0x0801818d   Thumb Code   160  os_task.o(.text)
    OSTaskResume                             0x0801822d   Thumb Code   162  os_task.o(.text)
    OSTaskStkChk                             0x080182cf   Thumb Code   150  os_task.o(.text)
    OSTaskSuspend                            0x08018365   Thumb Code   172  os_task.o(.text)
    OSTaskQuery                              0x08018411   Thumb Code   100  os_task.o(.text)
    OSTimeDly                                0x0801848d   Thumb Code    96  os_time.o(.text)
    OSTimeDlyHMSM                            0x080184ed   Thumb Code   160  os_time.o(.text)
    OSTimeDlyResume                          0x0801858d   Thumb Code   168  os_time.o(.text)
    OSTimeGet                                0x08018635   Thumb Code    24  os_time.o(.text)
    OSTimeSet                                0x0801864d   Thumb Code    24  os_time.o(.text)
    stm32_gpio_cfgpin                        0x080187bb   Thumb Code    48  gpio.o(.text)
    stm32_gpio_getcfg                        0x080187eb   Thumb Code    40  gpio.o(.text)
    stm32_gpio_get_value                     0x08018813   Thumb Code    30  gpio.o(.text)
    stm32_gpio_set_value                     0x08018831   Thumb Code    30  gpio.o(.text)
    stm32_gpio_toggle_value                  0x0801884f   Thumb Code    26  gpio.o(.text)
    stm32_gpio_cfg_irq                       0x08018869   Thumb Code   128  gpio.o(.text)
    stm32_gpio_disable_irq                   0x080188e9   Thumb Code    36  gpio.o(.text)
    stm32_gpio_get_ext_state                 0x0801890d   Thumb Code    38  gpio.o(.text)
    stm32_gpio_get_ext_line                  0x08018933   Thumb Code    18  gpio.o(.text)
    CheckSensor                              0x08018945   Thumb Code    30  gpio.o(.text)
    InstallSensorHandler                     0x08018963   Thumb Code   204  gpio.o(.text)
    UninstallSensorHandler                   0x08018a2f   Thumb Code    56  gpio.o(.text)
    UninstallSingleSensorHandler             0x08018a67   Thumb Code   110  gpio.o(.text)
    sensor_event_handler                     0x08018ad5   Thumb Code   162  gpio.o(.text)
    stm32_gpio_init                          0x08018b77   Thumb Code    34  gpio.o(.text)
    keyboard_get_keystate                    0x08018b99   Thumb Code    36  keyboard.o(.text)
    keyboard_get_linestate                   0x08018bbd   Thumb Code     6  keyboard.o(.text)
    KeyboardInit                             0x08018bc3   Thumb Code    24  keyboard.o(.text)
    keyboard_report                          0x08018bdb   Thumb Code    32  keyboard.o(.text)
    keyboard_to                              0x08018bfb   Thumb Code    54  keyboard.o(.text)
    keyboard_sh                              0x08018c31   Thumb Code    94  keyboard.o(.text)
    RegisterKey                              0x08018c8f   Thumb Code   176  keyboard.o(.text)
    UnregisterKey                            0x08018d3f   Thumb Code   110  keyboard.o(.text)
    InitMem                                  0x08018db9   Thumb Code   158  memory.o(.text)
    AllocMem                                 0x08018e57   Thumb Code   138  memory.o(.text)
    FreeMem                                  0x08018ee1   Thumb Code    70  memory.o(.text)
    MemCheck                                 0x08018f27   Thumb Code     2  memory.o(.text)
    MessageQueueFull                         0x08018f39   Thumb Code    36  msg.o(.text)
    MessageQueueEmpty                        0x08018f5d   Thumb Code    18  msg.o(.text)
    MessageQueueInit                         0x08018f6f   Thumb Code    44  msg.o(.text)
    createMessageQueue                       0x08018f9b   Thumb Code    90  msg.o(.text)
    queueMessage                             0x08018ff5   Thumb Code    72  msg.o(.text)
    waitMessage                              0x0801903d   Thumb Code    80  msg.o(.text)
    MessageQueueDestroy                      0x0801908d   Thumb Code    56  msg.o(.text)
    MessageAlloc                             0x080190c5   Thumb Code    42  msg.o(.text)
    MessageFree                              0x080190ef   Thumb Code    18  msg.o(.text)
    MessageSend                              0x08019101   Thumb Code    74  msg.o(.text)
    VOS_TaskInit                             0x08019159   Thumb Code    18  task.o(.text)
    VOS_TaskEntry                            0x0801916b   Thumb Code    30  task.o(.text)
    VOS_CreateTask                           0x08019189   Thumb Code   168  task.o(.text)
    VOS_DestroyTask                          0x08019231   Thumb Code    50  task.o(.text)
    VOS_GetTaskByPid                         0x08019263   Thumb Code    26  task.o(.text)
    VOS_GetTaskQueueByPid                    0x0801927d   Thumb Code    44  task.o(.text)
    halGetTick                               0x080192b1   Thumb Code     6  timer.o(.text)
    InitTimer                                0x080192b7   Thumb Code    20  timer.o(.text)
    FreeTimerSlot                            0x080192cb   Thumb Code    10  timer.o(.text)
    RmvTimer                                 0x080192d5   Thumb Code    30  timer.o(.text)
    CheckTimer                               0x080192f3   Thumb Code    24  timer.o(.text)
    ModTimer                                 0x0801930b   Thumb Code    84  timer.o(.text)
    AddTimer                                 0x0801935f   Thumb Code   130  timer.o(.text)
    TimerProc                                0x080193e1   Thumb Code   150  timer.o(.text)
    VOS_logger                               0x08019485   Thumb Code    64  voslog.o(.text)
    VOS_SetLogLevel                          0x080194c5   Thumb Code    18  voslog.o(.text)
    sys_arch_timeouts                        0x08019509   Thumb Code     4  system_time.o(.text)
    __system_untimeout                       0x0801950d   Thumb Code    68  system_time.o(.text)
    system_untimeout                         0x08019551   Thumb Code    30  system_time.o(.text)
    __system_timeout                         0x0801956f   Thumb Code   108  system_time.o(.text)
    system_timeout                           0x080195db   Thumb Code    64  system_time.o(.text)
    system_time_match                        0x0801961b   Thumb Code    40  system_time.o(.text)
    system_time_ticking                      0x08019643   Thumb Code    30  system_time.o(.text)
    system_time_proc                         0x08019661   Thumb Code    96  system_time.o(.text)
    system_inittime                          0x080196c1   Thumb Code     8  system_time.o(.text)
    Att_value_split_list                     0x080196f1   Thumb Code    86  help.o(.text)
    Att_value_split                          0x08019747   Thumb Code    50  help.o(.text)
    Att_value_count                          0x08019779   Thumb Code    46  help.o(.text)
    Att_value_replace                        0x080197a7   Thumb Code    50  help.o(.text)
    att_helper_trim                          0x080197d9   Thumb Code    78  help.o(.text)
    Att_value_parse                          0x08019827   Thumb Code    62  help.o(.text)
    Att_latof                                0x08019865   Thumb Code   380  help.o(.text)
    Att_latoi                                0x080199e1   Thumb Code    92  help.o(.text)
    Att_latodate                             0x08019a3d   Thumb Code   280  help.o(.text)
    ADC_DMA_Configuration                    0x08019b55   Thumb Code   288  adc_driver.o(.text)
    SysTick_Configuration                    0x08019ca5   Thumb Code   100  bsp.o(.text)
    BSP_Init                                 0x08019d09   Thumb Code    52  bsp.o(.text)
    BSP_IntDisAll                            0x08019d3d   Thumb Code     2  bsp.o(.text)
    SysTick_DelayUs                          0x08019d3f   Thumb Code    84  bsp.o(.text)
    SysTick_DelayMs                          0x08019d93   Thumb Code    54  bsp.o(.text)
    STM_EVAL_CANInit                         0x08019de1   Thumb Code   244  can_driver.o(.text)
    CANSendMsgNoWait                         0x08019ed5   Thumb Code   112  can_driver.o(.text)
    STM32_CANSendMsgNoWait                   0x08019f45   Thumb Code   136  can_driver.o(.text)
    hal_SPI2_CS_LOW                          0x0801a005   Thumb Code     2  hal_spi_driver.o(.text)
    hal_SPI2_CS_HIGH                         0x0801a007   Thumb Code     2  hal_spi_driver.o(.text)
    hal_SPI2_LowLevel_DeInit                 0x0801a009   Thumb Code    76  hal_spi_driver.o(.text)
    hal_SPI2_LowLevel_Init                   0x0801a055   Thumb Code   112  hal_spi_driver.o(.text)
    hal_SPI2_DeInit                          0x0801a0c5   Thumb Code     8  hal_spi_driver.o(.text)
    hal_SPI2_SendByte                        0x0801a0cd   Thumb Code    50  hal_spi_driver.o(.text)
    hal_SPI2_ReadByte                        0x0801a0ff   Thumb Code    10  hal_spi_driver.o(.text)
    hal_SPI2_State                           0x0801a109   Thumb Code    12  hal_spi_driver.o(.text)
    hal_SPI2_GetDin                          0x0801a115   Thumb Code     4  hal_spi_driver.o(.text)
    hal_SPI2_Init                            0x0801a119   Thumb Code    92  hal_spi_driver.o(.text)
    hal_SPI1_LowLevel_DeInit                 0x0801a175   Thumb Code    70  hal_spi_driver.o(.text)
    hal_SPI1_LowLevel_Init                   0x0801a1bb   Thumb Code   106  hal_spi_driver.o(.text)
    hal_SPI1_DeInit                          0x0801a225   Thumb Code     8  hal_spi_driver.o(.text)
    hal_SPI1_SendByte                        0x0801a22d   Thumb Code    50  hal_spi_driver.o(.text)
    hal_SPI1_CS_LOW                          0x0801a25f   Thumb Code     2  hal_spi_driver.o(.text)
    hal_SPI1_CS_HIGH                         0x0801a261   Thumb Code     2  hal_spi_driver.o(.text)
    hal_SPI1_ReadByte                        0x0801a263   Thumb Code    10  hal_spi_driver.o(.text)
    hal_SPI1_State                           0x0801a26d   Thumb Code    12  hal_spi_driver.o(.text)
    hal_SPI1_GetDin                          0x0801a279   Thumb Code     4  hal_spi_driver.o(.text)
    hal_SPI1_Init                            0x0801a27d   Thumb Code    92  hal_spi_driver.o(.text)
    hal_spi_Init                             0x0801a2d9   Thumb Code   132  hal_spi_driver.o(.text)
    osal_snv_reset                           0x0801a785   Thumb Code    44  osal_snv.o(.text)
    osal_snv_init                            0x0801a7b1   Thumb Code    20  osal_snv.o(.text)
    osal_snv_write                           0x0801a7c5   Thumb Code   180  osal_snv.o(.text)
    osal_snv_read                            0x0801a879   Thumb Code    52  osal_snv.o(.text)
    osal_snv_compact                         0x0801a8ad   Thumb Code    56  osal_snv.o(.text)
    STM_EVAL_COMInit                         0x0801a8f1   Thumb Code   202  serial_driver.o(.text)
    TIM_Init_CMP                             0x0801a9e9   Thumb Code   278  timer_driver.o(.text)
    TIM_Init_PWM                             0x0801aaff   Thumb Code   710  timer_driver.o(.text)
    TIM_PwmStart                             0x0801adc5   Thumb Code    68  timer_driver.o(.text)
    TIM_PwmStop                              0x0801ae09   Thumb Code    32  timer_driver.o(.text)
    TIM_Init_General                         0x0801ae29   Thumb Code   256  timer_driver.o(.text)
    TIM_Init_ETR                             0x0801af29   Thumb Code   550  timer_driver.o(.text)
    TIM_SwitchOuputMode                      0x0801b14f   Thumb Code    38  timer_driver.o(.text)
    TIM_InstallHandler                       0x0801b175   Thumb Code    72  timer_driver.o(.text)
    TIM_UninstallHandler                     0x0801b1bd   Thumb Code    80  timer_driver.o(.text)
    TIM_event_handler                        0x0801b20d   Thumb Code    54  timer_driver.o(.text)
    FLASH_PagesMask                          0x0801b249   Thumb Code     4  common.o(.text)
    FLASH_DisableWriteProtectionPages        0x0801b24d   Thumb Code     2  common.o(.text)
    FLASH_Prepare                            0x0801b24f   Thumb Code     2  common.o(.text)
    HAL_SYSTEM_RESET                         0x0801b251   Thumb Code    34  common.o(.text)
    checkRC                                  0x0801b273   Thumb Code    22  common.o(.text)
    GetDeviceElecId                          0x0801b289   Thumb Code    32  common.o(.text)
    CmpDeviceElecId                          0x0801b2a9   Thumb Code    42  common.o(.text)
    HashDeviceElecId                         0x0801b2d3   Thumb Code    26  common.o(.text)
    Flash_IsProtected                        0x0801b2ed   Thumb Code    14  common.o(.text)
    IWDG_Init                                0x0801b315   Thumb Code    52  iwdg_driver.o(.text)
    IWDG_Feed                                0x0801b349   Thumb Code     8  iwdg_driver.o(.text)
    IWDG_Stop                                0x0801b351   Thumb Code    10  iwdg_driver.o(.text)
    IWDG_Start                               0x0801b35b   Thumb Code    22  iwdg_driver.o(.text)
    App_TaskCreateHook                       0x0801b371   Thumb Code     2  os_cpu_c.o(.text)
    App_TaskDelHook                          0x0801b373   Thumb Code     2  os_cpu_c.o(.text)
    App_TaskStatHook                         0x0801b377   Thumb Code     2  os_cpu_c.o(.text)
    App_TaskSwHook                           0x0801b379   Thumb Code     2  os_cpu_c.o(.text)
    App_TCBInitHook                          0x0801b37b   Thumb Code     2  os_cpu_c.o(.text)
    OSInitHookBegin                          0x0801b37f   Thumb Code     2  os_cpu_c.o(.text)
    OSInitHookEnd                            0x0801b381   Thumb Code     2  os_cpu_c.o(.text)
    OSTaskCreateHook                         0x0801b383   Thumb Code    12  os_cpu_c.o(.text)
    OSTaskDelHook                            0x0801b38f   Thumb Code    12  os_cpu_c.o(.text)
    OSTaskIdleHook                           0x0801b39b   Thumb Code     8  os_cpu_c.o(.text)
    OSTaskStatHook                           0x0801b3a3   Thumb Code     8  os_cpu_c.o(.text)
    OSTaskStkInit                            0x0801b3ab   Thumb Code   492  os_cpu_c.o(.text)
    OSTaskSwHook                             0x0801b597   Thumb Code     8  os_cpu_c.o(.text)
    OSTCBInitHook                            0x0801b59f   Thumb Code    12  os_cpu_c.o(.text)
    OSTimeTickHook                           0x0801b5ab   Thumb Code     8  os_cpu_c.o(.text)
    OSFlagAccept                             0x0801b5b5   Thumb Code   268  os_flag.o(.text)
    OSFlagCreate                             0x0801b6c1   Thumb Code    98  os_flag.o(.text)
    OS_FlagUnlink                            0x0801b723   Thumb Code    36  os_flag.o(.text)
    OSFlagDel                                0x0801b799   Thumb Code   240  os_flag.o(.text)
    OSFlagNameGet                            0x0801b889   Thumb Code   108  os_flag.o(.text)
    OSFlagNameSet                            0x0801b8f5   Thumb Code   122  os_flag.o(.text)
    OSFlagPend                               0x0801ba07   Thumb Code   628  os_flag.o(.text)
    OSFlagPendGetFlagsRdy                    0x0801bc7b   Thumb Code    26  os_flag.o(.text)
    OSFlagPost                               0x0801bc95   Thumb Code   326  os_flag.o(.text)
    OSFlagQuery                              0x0801bddb   Thumb Code    64  os_flag.o(.text)
    OS_FlagInit                              0x0801be1b   Thumb Code    68  os_flag.o(.text)
    OSMemCreate                              0x0801be6d   Thumb Code   166  os_mem.o(.text)
    OSMemGet                                 0x0801bf13   Thumb Code    78  os_mem.o(.text)
    OSMemNameGet                             0x0801bf61   Thumb Code    88  os_mem.o(.text)
    OSMemNameSet                             0x0801bfb9   Thumb Code   104  os_mem.o(.text)
    OSMemPut                                 0x0801c021   Thumb Code    66  os_mem.o(.text)
    OSMemQuery                               0x0801c063   Thumb Code    64  os_mem.o(.text)
    OS_MemInit                               0x0801c0a3   Thumb Code    68  os_mem.o(.text)
    OSQAccept                                0x0801c0f5   Thumb Code   106  os_q.o(.text)
    OSQCreate                                0x0801c15f   Thumb Code   150  os_q.o(.text)
    OSQDel                                   0x0801c1f5   Thumb Code   270  os_q.o(.text)
    OSQFlush                                 0x0801c303   Thumb Code    52  os_q.o(.text)
    OSQPend                                  0x0801c337   Thumb Code   296  os_q.o(.text)
    OSQPendAbort                             0x0801c45f   Thumb Code   144  os_q.o(.text)
    OSQPost                                  0x0801c4ef   Thumb Code   142  os_q.o(.text)
    OSQPostFront                             0x0801c57d   Thumb Code   122  os_q.o(.text)
    OSQPostOpt                               0x0801c5f7   Thumb Code   188  os_q.o(.text)
    OSQQuery                                 0x0801c6b3   Thumb Code   112  os_q.o(.text)
    OS_QInit                                 0x0801c723   Thumb Code    46  os_q.o(.text)
    VOS_CreateSem                            0x0801c759   Thumb Code    26  vos.o(.text)
    VOS_SemP                                 0x0801c773   Thumb Code    24  vos.o(.text)
    VOS_SemV                                 0x0801c78b   Thumb Code    30  vos.o(.text)
    VOS_DestroySem                           0x0801c7a9   Thumb Code    20  vos.o(.text)
    Version_CopyrightPins                    0x0801c7bd   Thumb Code    60  version.o(.text)
    Version_Copyright                        0x0801c7f9   Thumb Code     8  version.o(.text)
    halAssertHandler                         0x0801c805   Thumb Code     4  hal_assert.o(.text)
    halAssertHazardLights                    0x0801c809   Thumb Code     2  hal_assert.o(.text)
    HalFlashRead                             0x0801c80d   Thumb Code    58  hal_flash.o(.text)
    HalFlashWrite                            0x0801c847   Thumb Code    80  hal_flash.o(.text)
    HalFlashWritePage                        0x0801c897   Thumb Code   258  hal_flash.o(.text)
    HalFlashErase                            0x0801c999   Thumb Code    46  hal_flash.o(.text)
    HalFlashErasePage                        0x0801c9c7   Thumb Code    30  hal_flash.o(.text)
    HalFlashGetSector                        0x0801c9e5   Thumb Code   134  hal_flash.o(.text)
    HalFlashGetSize                          0x0801ca6b   Thumb Code    50  hal_flash.o(.text)
    HalFlashCheckPage                        0x0801ca9d   Thumb Code   136  hal_flash.o(.text)
    HalGetPageAddress                        0x0801cb25   Thumb Code    26  hal_flash.o(.text)
    RTC_InitBackupRegister                   0x0801cb89   Thumb Code    26  rtc_driver.o(.text)
    RTC_ReadBackup                           0x0801cba3   Thumb Code    98  rtc_driver.o(.text)
    RTC_WriteBackup                          0x0801cc05   Thumb Code   106  rtc_driver.o(.text)
    RTC_Get_Week                             0x0801cc6f   Thumb Code   116  rtc_driver.o(.text)
    RTC_Set_Date                             0x0801cce3   Thumb Code    36  rtc_driver.o(.text)
    RTC_Set_Time                             0x0801cd07   Thumb Code    36  rtc_driver.o(.text)
    Is_Leap_Year                             0x0801cd2b   Thumb Code    58  rtc_driver.o(.text)
    RTC_Set                                  0x0801cd65   Thumb Code   172  rtc_driver.o(.text)
    RTC_Config                               0x0801ce11   Thumb Code   184  rtc_driver.o(.text)
    RTC_Calc_Second                          0x0801cec9   Thumb Code   154  rtc_driver.o(.text)
    RTC_Get_Helper                           0x0801cf63   Thumb Code   264  rtc_driver.o(.text)
    RTC_Get_Second                           0x0801d06b   Thumb Code    58  rtc_driver.o(.text)
    RTC_Get                                  0x0801d0a5   Thumb Code    22  rtc_driver.o(.text)
    RTC_Get_ShortSecond                      0x0801d0bb   Thumb Code    50  rtc_driver.o(.text)
    CopyRight_Init                           0x0801d0f9   Thumb Code    26  copyright.o(.text)
    CopyRight_return_type                    0x0801d14f   Thumb Code    80  copyright.o(.text)
    CopyRight_VersionCheck                   0x0801d19f   Thumb Code    14  copyright.o(.text)
    OSSemAccept                              0x0801d1b5   Thumb Code    50  os_sem.o(.text)
    OSSemCreate                              0x0801d1e7   Thumb Code    78  os_sem.o(.text)
    OSSemDel                                 0x0801d235   Thumb Code   236  os_sem.o(.text)
    OSSemPend                                0x0801d321   Thumb Code   234  os_sem.o(.text)
    OSSemPendAbort                           0x0801d40b   Thumb Code   144  os_sem.o(.text)
    OSSemPost                                0x0801d49b   Thumb Code    94  os_sem.o(.text)
    OSSemQuery                               0x0801d4f9   Thumb Code    94  os_sem.o(.text)
    OSSemSet                                 0x0801d557   Thumb Code    80  os_sem.o(.text)
    rand                                     0x0801d5b9   Thumb Code    20  rand.o(.text)
    srand                                    0x0801d5cd   Thumb Code     6  rand.o(.text)
    __aeabi_memcpy                           0x0801d5dd   Thumb Code    36  memcpya.o(.text)
    __aeabi_memcpy4                          0x0801d5dd   Thumb Code     0  memcpya.o(.text)
    __aeabi_memcpy8                          0x0801d5dd   Thumb Code     0  memcpya.o(.text)
    __aeabi_memset                           0x0801d601   Thumb Code    14  memseta.o(.text)
    __aeabi_memset4                          0x0801d601   Thumb Code     0  memseta.o(.text)
    __aeabi_memset8                          0x0801d601   Thumb Code     0  memseta.o(.text)
    __aeabi_memclr                           0x0801d60f   Thumb Code     4  memseta.o(.text)
    __aeabi_memclr4                          0x0801d60f   Thumb Code     0  memseta.o(.text)
    __aeabi_memclr8                          0x0801d60f   Thumb Code     0  memseta.o(.text)
    _memset$wrapper                          0x0801d613   Thumb Code    18  memseta.o(.text)
    strchr                                   0x0801d625   Thumb Code    20  strchr.o(.text)
    strlen                                   0x0801d639   Thumb Code    14  strlen.o(.text)
    strcmp                                   0x0801d647   Thumb Code    28  strcmp.o(.text)
    memcmp                                   0x0801d663   Thumb Code    26  memcmp.o(.text)
    strcpy                                   0x0801d67d   Thumb Code    18  strcpy.o(.text)
    strncmp                                  0x0801d68f   Thumb Code    30  strncmp.o(.text)
    atoi                                     0x0801d6ad   Thumb Code    26  atoi.o(.text)
    __aeabi_dadd                             0x0801d6c7   Thumb Code   322  dadd.o(.text)
    __aeabi_dsub                             0x0801d809   Thumb Code     6  dadd.o(.text)
    __aeabi_drsub                            0x0801d80f   Thumb Code     6  dadd.o(.text)
    __aeabi_dmul                             0x0801d815   Thumb Code   228  dmul.o(.text)
    __aeabi_ddiv                             0x0801d8f9   Thumb Code   222  ddiv.o(.text)
    __aeabi_i2d                              0x0801d9d7   Thumb Code    34  dflti.o(.text)
    __aeabi_f2d                              0x0801d9f9   Thumb Code    38  f2d.o(.text)
    __aeabi_cdcmpeq                          0x0801da21   Thumb Code     0  cdcmple.o(.text)
    __aeabi_cdcmple                          0x0801da21   Thumb Code    48  cdcmple.o(.text)
    __aeabi_cdrcmple                         0x0801da51   Thumb Code    48  cdrcmple.o(.text)
    __aeabi_d2f                              0x0801da81   Thumb Code    56  d2f.o(.text)
    __aeabi_uidiv                            0x0801dab9   Thumb Code     0  uidiv.o(.text)
    __aeabi_uidivmod                         0x0801dab9   Thumb Code    44  uidiv.o(.text)
    __aeabi_uldivmod                         0x0801dae5   Thumb Code    98  uldiv.o(.text)
    __aeabi_llsl                             0x0801db47   Thumb Code    30  llshl.o(.text)
    _ll_shift_l                              0x0801db47   Thumb Code     0  llshl.o(.text)
    __aeabi_lasr                             0x0801db65   Thumb Code    36  llsshr.o(.text)
    _ll_sshift_r                             0x0801db65   Thumb Code     0  llsshr.o(.text)
    strtol                                   0x0801db89   Thumb Code   112  strtol.o(.text)
    __I$use$fp                               0x0801dbf9   Thumb Code     0  iusefp.o(.text)
    _float_round                             0x0801dbf9   Thumb Code    18  fepilogue.o(.text)
    _float_epilogue                          0x0801dc0b   Thumb Code    92  fepilogue.o(.text)
    _double_round                            0x0801dc67   Thumb Code    30  depilogue.o(.text)
    _double_epilogue                         0x0801dc85   Thumb Code   156  depilogue.o(.text)
    __aeabi_d2ulz                            0x0801dd21   Thumb Code    48  dfixul.o(.text)
    __scatterload                            0x0801dd51   Thumb Code    28  init.o(.text)
    __scatterload_rt2                        0x0801dd51   Thumb Code     0  init.o(.text)
    __aeabi_llsr                             0x0801dd75   Thumb Code    32  llushr.o(.text)
    _ll_ushift_r                             0x0801dd75   Thumb Code     0  llushr.o(.text)
    __rt_ctype_table                         0x0801dd95   Thumb Code     4  ctype_o.o(.text)
    _strtoul                                 0x0801dd9d   Thumb Code   158  _strtoul.o(.text)
    _chval                                   0x0801de3b   Thumb Code    28  _chval.o(.text)
    __decompress                             0x0801de57   Thumb Code     0  __dczerorl2.o(.text)
    __decompress1                            0x0801de57   Thumb Code    86  __dczerorl2.o(.text)
    __0printf                                0x0801dead   Thumb Code    22  printfa.o(i.__0printf)
    __1printf                                0x0801dead   Thumb Code     0  printfa.o(i.__0printf)
    __2printf                                0x0801dead   Thumb Code     0  printfa.o(i.__0printf)
    __c89printf                              0x0801dead   Thumb Code     0  printfa.o(i.__0printf)
    printf                                   0x0801dead   Thumb Code     0  printfa.o(i.__0printf)
    __0sprintf                               0x0801decd   Thumb Code    34  printfa.o(i.__0sprintf)
    __1sprintf                               0x0801decd   Thumb Code     0  printfa.o(i.__0sprintf)
    __2sprintf                               0x0801decd   Thumb Code     0  printfa.o(i.__0sprintf)
    __c89sprintf                             0x0801decd   Thumb Code     0  printfa.o(i.__0sprintf)
    sprintf                                  0x0801decd   Thumb Code     0  printfa.o(i.__0sprintf)
    __0vprintf                               0x0801def5   Thumb Code     8  printfa.o(i.__0vprintf)
    __1vprintf                               0x0801def5   Thumb Code     0  printfa.o(i.__0vprintf)
    __2vprintf                               0x0801def5   Thumb Code     0  printfa.o(i.__0vprintf)
    __c89vprintf                             0x0801def5   Thumb Code     0  printfa.o(i.__0vprintf)
    vprintf                                  0x0801def5   Thumb Code     0  printfa.o(i.__0vprintf)
    __0vsprintf                              0x0801df05   Thumb Code    30  printfa.o(i.__0vsprintf)
    __1vsprintf                              0x0801df05   Thumb Code     0  printfa.o(i.__0vsprintf)
    __2vsprintf                              0x0801df05   Thumb Code     0  printfa.o(i.__0vsprintf)
    __c89vsprintf                            0x0801df05   Thumb Code     0  printfa.o(i.__0vsprintf)
    vsprintf                                 0x0801df05   Thumb Code     0  printfa.o(i.__0vsprintf)
    __aeabi_errno_addr                       0x0801df29   Thumb Code     4  errno.o(i.__aeabi_errno_addr)
    __rt_errno_addr                          0x0801df29   Thumb Code     0  errno.o(i.__aeabi_errno_addr)
    __scatterload_copy                       0x0801df31   Thumb Code    14  handlers.o(i.__scatterload_copy)
    __scatterload_null                       0x0801df3f   Thumb Code     2  handlers.o(i.__scatterload_null)
    __scatterload_zeroinit                   0x0801df41   Thumb Code    14  handlers.o(i.__scatterload_zeroinit)
    inputs                                   0x0801e80c   Data           3  dica.o(.constdata)
    relays                                   0x0801e80f   Data          16  relay.o(.constdata)
    aRelayDefaults                           0x0801e81f   Data          16  relay.o(.constdata)
    DataStr                                  0x0801e82f   Data          12  config.o(.constdata)
    TimeStr                                  0x0801e83b   Data           9  config.o(.constdata)
    version                                  0x0801e844   Data          19  config.o(.constdata)
    dtype                                    0x0801e857   Data           9  config.o(.constdata)
    Serial_DataBits                          0x0801e860   Data           4  serial.o(.constdata)
    Serial_StopBits                          0x0801e864   Data           6  serial.o(.constdata)
    Serial_Parity                            0x0801e86a   Data           6  serial.o(.constdata)
    sbRxBuf                                  0x0801e89c   Data           4  sapp.o(.constdata)
    sbTxBuf                                  0x0801e8a0   Data           4  sapp.o(.constdata)
    OSUnMapTbl                               0x0801e8a4   Data         256  os_core.o(.constdata)
    CAN_CLK                                  0x0801e9a4   Data           4  can_driver.o(.constdata)
    CAN_TX_PORT_CLK                          0x0801e9a8   Data           4  can_driver.o(.constdata)
    CAN_RX_PORT_CLK                          0x0801e9ac   Data           4  can_driver.o(.constdata)
    CAN_TX_PIN                               0x0801e9b0   Data           2  can_driver.o(.constdata)
    CAN_TX_SRC                               0x0801e9b2   Data           2  can_driver.o(.constdata)
    CAN_RX_PIN                               0x0801e9b4   Data           2  can_driver.o(.constdata)
    CAN_RX_SRC                               0x0801e9b6   Data           2  can_driver.o(.constdata)
    CAN_CAN_AF                               0x0801e9b8   Data           2  can_driver.o(.constdata)
    COM_USART                                0x0801e9bc   Data          24  serial_driver.o(.constdata)
    COM_TX_PORT                              0x0801e9d4   Data          24  serial_driver.o(.constdata)
    COM_RX_PORT                              0x0801e9ec   Data          24  serial_driver.o(.constdata)
    COM_USART_CLK                            0x0801ea04   Data          24  serial_driver.o(.constdata)
    COM_TX_PORT_CLK                          0x0801ea1c   Data          24  serial_driver.o(.constdata)
    COM_RX_PORT_CLK                          0x0801ea34   Data          24  serial_driver.o(.constdata)
    COM_TX_PIN                               0x0801ea4c   Data          12  serial_driver.o(.constdata)
    COM_TX_SRC                               0x0801ea58   Data          12  serial_driver.o(.constdata)
    COM_RX_PIN                               0x0801ea64   Data          12  serial_driver.o(.constdata)
    COM_RX_SRC                               0x0801ea70   Data          12  serial_driver.o(.constdata)
    COM_IRQn                                 0x0801ea7c   Data          12  serial_driver.o(.constdata)
    COM_AF                                   0x0801ea88   Data          12  serial_driver.o(.constdata)
    TIMER_IRQ                                0x0801ea94   Data           8  timer_driver.o(.constdata)
    TIMER_IRQ_UP                             0x0801ea9c   Data           8  timer_driver.o(.constdata)
    TIMER_CLK                                0x0801eaa4   Data          16  timer_driver.o(.constdata)
    BackupRegs                               0x0801eac4   Data          19  rtc_driver.o(.constdata)
    table_week                               0x0801ead7   Data          12  rtc_driver.o(.constdata)
    mon_table                                0x0801eae3   Data          12  rtc_driver.o(.constdata)
    __ctype_table                            0x0801eaef   Data         129  ctype_o.o(.constdata)
    Region$$Table$$Base                      0x0801eb98   Number         0  anon$$obj.o(Region$$Table)
    Region$$Table$$Limit                     0x0801ebb8   Number         0  anon$$obj.o(Region$$Table)
    gulSecond                                0x20000000   Data           4  main.o(.data)
    SystemCoreClock                          0x20000004   Data           4  system_stm32f4xx.o(.data)
    AHBPrescTable                            0x20000008   Data          16  system_stm32f4xx.o(.data)
    Ioctrl_input_last_report_key_status      0x20000018   Data           2  dica.o(.data)
    Ioctrl_input_last_key_status             0x2000001a   Data           2  dica.o(.data)
    Ioctrl_input_current_state               0x2000001c   Data           2  dica.o(.data)
    Ioctrl_input_last_state                  0x2000001e   Data           2  dica.o(.data)
    Ioctrl_input_key_delta                   0x20000020   Data           2  dica.o(.data)
    Ioctrl_input_key_change                  0x20000022   Data           2  dica.o(.data)
    Ioctrl_input_key                         0x20000024   Data           2  dica.o(.data)
    ucSndbufAllocMask                        0x2000002c   Data           1  cancmd.o(.data)
    ucSndBufFront                            0x2000002d   Data           1  cancmd.o(.data)
    ucSndBufRear                             0x2000002e   Data           1  cancmd.o(.data)
    aSndBufQueue                             0x2000002f   Data           8  cancmd.o(.data)
    ucCanOutFlag                             0x20000037   Data           1  cancmd.o(.data)
    ucCanBusySecond                          0x20000038   Data           1  cancmd.o(.data)
    CanAddress                               0x2000003a   Data           2  cancmd.o(.data)
    CanHashAddr                              0x2000003c   Data           2  cancmd.o(.data)
    ucZombieCcbIndex                         0x2000003e   Data           1  cancmd.o(.data)
    gCanSndEmptyCB                           0x20000040   Data           4  cancmd.o(.data)
    gusDeviceId                              0x20000044   Data           2  config.o(.data)
    aDevType                                 0x20000046   Data           8  config.o(.data)
    sbFcs                                    0x20000071   Data           1  sapp.o(.data)
    sbIdx                                    0x20000072   Data           1  sapp.o(.data)
    sbLen                                    0x20000073   Data           1  sapp.o(.data)
    sappFlags                                0x20000075   Data           1  sapp.o(.data)
    sappItfType                              0x20000076   Data           1  sapp.o(.data)
    sappItfPort                              0x20000077   Data           1  sapp.o(.data)
    sappTgtType                              0x20000078   Data           1  sapp.o(.data)
    OSCtxSwCtr                               0x2000007c   Data           4  os_core.o(.data)
    OSEventFreeList                          0x20000080   Data           4  os_core.o(.data)
    OSFlagFreeList                           0x20000084   Data           4  os_core.o(.data)
    OSIntNesting                             0x20000088   Data           1  os_core.o(.data)
    OSLockNesting                            0x20000089   Data           1  os_core.o(.data)
    OSPrioCur                                0x2000008a   Data           1  os_core.o(.data)
    OSPrioHighRdy                            0x2000008b   Data           1  os_core.o(.data)
    OSRdyGrp                                 0x2000008c   Data           1  os_core.o(.data)
    OSRdyTbl                                 0x2000008d   Data           8  os_core.o(.data)
    OSRunning                                0x20000095   Data           1  os_core.o(.data)
    OSTaskCtr                                0x20000096   Data           1  os_core.o(.data)
    OSIdleCtr                                0x20000098   Data           4  os_core.o(.data)
    OSTCBCur                                 0x2000009c   Data           4  os_core.o(.data)
    OSTCBFreeList                            0x200000a0   Data           4  os_core.o(.data)
    OSTCBHighRdy                             0x200000a4   Data           4  os_core.o(.data)
    OSTCBList                                0x200000a8   Data           4  os_core.o(.data)
    OSMemFreeList                            0x200000ac   Data           4  os_core.o(.data)
    OSQFreeList                              0x200000b0   Data           4  os_core.o(.data)
    OSTime                                   0x200000b4   Data           4  os_core.o(.data)
    memStat                                  0x200001be   Data           2  memory.o(.data)
    default_timeouts                         0x200001d0   Data           4  system_time.o(.data)
    _ctype                                   0x200001d4   Data         256  ctype.o(.data)
    CAN                                      0x200002dc   Data           4  can_driver.o(.data)
    CAN_TX_PORT                              0x200002e0   Data           4  can_driver.o(.data)
    CAN_RX_PORT                              0x200002e4   Data           4  can_driver.o(.data)
    TIMER_Def                                0x200002f0   Data          16  timer_driver.o(.data)
    BlockNbr                                 0x20000300   Data           4  common.o(.data)
    UserMemoryMask                           0x20000304   Data           4  common.o(.data)
    FlashProtection                          0x20000308   Data           4  common.o(.data)
    __stdout                                 0x20000314   Data           4  stdout.o(.data)
    ADC_ConvertedValue                       0x20002b20   Data         416  adc.o(.bss)
    ADC_Result                               0x20002cc0   Data          52  adc.o(.bss)
    aPulseCtrl                               0x20002cf4   Data         512  relay.o(.bss)
    UartCmdStru                              0x20002ef4   Data         520  uartcmd.o(.bss)
    CanCcb                                   0x200030fc   Data         704  cancmd.o(.bss)
    CanRcvBuff                               0x200033bc   Data         128  cancmd.o(.bss)
    CanSndBuff                               0x2000343c   Data         192  cancmd.o(.bss)
    Config_buff                              0x200034fc   Data        1024  config.o(.bss)
    gSerialNoCfg                             0x200038fc   Data          10  config.o(.bss)
    gAdmin                                   0x20003906   Data          34  config.o(.bss)
    Serial                                   0x20003928   Data        2664  serial.o(.bss)
    Display                                  0x200043a8   Data         240  display.o(.bss)
    gValve                                   0x200044d8   Data         112  valve.o(.bss)
    ModbusSheduler                           0x20004558   Data         404  qmi.o(.bss)
    aucModbus_buff                           0x200046ec   Data          32  qmi.o(.bss)
    rpcBuf                                   0x200047d4   Data         392  sapp.o(.bss)
    OSEventTbl                               0x2000495c   Data         864  os_core.o(.bss)
    OSFlagTbl                                0x20004cbc   Data         140  os_core.o(.bss)
    OSTaskIdleStk                            0x20004d48   Data        2048  os_core.o(.bss)
    OSTCBPrioTbl                             0x20005548   Data         256  os_core.o(.bss)
    OSTCBTbl                                 0x20005648   Data        1496  os_core.o(.bss)
    OSMemTbl                                 0x20005c20   Data         180  os_core.o(.bss)
    OSQTbl                                   0x20005cd4   Data         192  os_core.o(.bss)
    EXTI_PORT                                0x20005d94   Data          64  gpio.o(.bss)
    aSensorHandler                           0x20005dd4   Data         384  gpio.o(.bss)
    memblock                                 0x20006054   Data        4000  memory.o(.bss)
    memIndex                                 0x20006ff4   Data          40  memory.o(.bss)
    memOffset                                0x2000701c   Data          80  memory.o(.bss)
    TimerArray                               0x20007240   Data         192  timer.o(.bss)
    TimerIndex                               0x20007300   Data          16  timer.o(.bss)
    aTimerHandler                            0x20007340   Data          64  timer_driver.o(.bss)
    timer                                    0x20007380   Data          10  rtc_driver.o(.bss)
    __initial_sp                             0x20007790   Data           0  startup_stm32f40_41xxx.o(STACK)



==============================================================================

Memory Map of the image

  Image Entry point : 0x0800c001

  Load Region LR_IROM1 (Base: 0x08000000, Size: 0x000004a4, Max: 0x00004000, ABSOLUTE, COMPRESSED[0x0000026c])

    Execution Region ER_IROM1 (Exec base: 0x08000000, Load base: 0x08000000, Size: 0x00000188, Max: 0x00004000, ABSOLUTE)

    Exec Addr    Load Addr    Size         Type   Attr      Idx    E Section Name        Object

    0x08000000   0x08000000   0x00000188   Data   RO          992    RESET               startup_stm32f40_41xxx.o


    Execution Region RW_IRAM1 (Exec base: 0x20000000, Load base: 0x08000188, Size: 0x00007790, Max: 0x00020000, ABSOLUTE, COMPRESSED[0x000000e4])

    Exec Addr    Load Addr    Size         Type   Attr      Idx    E Section Name        Object

    0x20000000   COMPRESSED   0x00000004   Data   RW            5    .data               main.o
    0x20000004   COMPRESSED   0x00000014   Data   RW          353    .data               system_stm32f4xx.o
    0x20000018   COMPRESSED   0x00000014   Data   RW          475    .data               dica.o
    0x2000002c   COMPRESSED   0x00000018   Data   RW          610    .data               cancmd.o
    0x20000044   COMPRESSED   0x0000000a   Data   RW          677    .data               config.o
    0x2000004e   COMPRESSED   0x00000002   PAD
    0x20000050   COMPRESSED   0x0000000c   Data   RW          755    .data               display.o
    0x2000005c   COMPRESSED   0x00000001   Data   RW          881    .data               at.o
    0x2000005d   COMPRESSED   0x00000004   Data   RW          944    .data               zb.o
    0x20000061   COMPRESSED   0x00000010   Data   RW         1040    .data               stm32f4xx_rcc.o
    0x20000071   COMPRESSED   0x00000008   Data   RW         1344    .data               STM32F4xxlib.lib(sapp.o)
    0x20000079   COMPRESSED   0x00000003   PAD
    0x2000007c   COMPRESSED   0x0000003c   Data   RW         1529    .data               STM32F4xxlib.lib(os_core.o)
    0x200000b8   COMPRESSED   0x00000104   Data   RW         1617    .data               STM32F4xxlib.lib(gpio.o)
    0x200001bc   COMPRESSED   0x00000002   Data   RW         1656    .data               STM32F4xxlib.lib(keyboard.o)
    0x200001be   COMPRESSED   0x00000002   Data   RW         1685    .data               STM32F4xxlib.lib(memory.o)
    0x200001c0   COMPRESSED   0x00000008   Data   RW         1712    .data               STM32F4xxlib.lib(msg.o)
    0x200001c8   COMPRESSED   0x00000004   Data   RW         1773    .data               STM32F4xxlib.lib(task.o)
    0x200001cc   COMPRESSED   0x00000004   Data   RW         1826    .data               STM32F4xxlib.lib(voslog.o)
    0x200001d0   COMPRESSED   0x00000004   Data   RW         1852    .data               STM32F4xxlib.lib(system_time.o)
    0x200001d4   COMPRESSED   0x00000100   Data   RW         1893    .data               STM32F4xxlib.lib(ctype.o)
    0x200002d4   COMPRESSED   0x00000008   Data   RW         1932    .data               STM32F4xxlib.lib(bsp.o)
    0x200002dc   COMPRESSED   0x0000000c   Data   RW         1965    .data               STM32F4xxlib.lib(can_driver.o)
    0x200002e8   COMPRESSED   0x00000005   Data   RW         2022    .data               STM32F4xxlib.lib(osal_snv.o)
    0x200002ed   COMPRESSED   0x00000003   PAD
    0x200002f0   COMPRESSED   0x00000010   Data   RW         2084    .data               STM32F4xxlib.lib(timer_driver.o)
    0x20000300   COMPRESSED   0x0000000c   Data   RW         2111    .data               STM32F4xxlib.lib(common.o)
    0x2000030c   COMPRESSED   0x00000002   Data   RW         2331    .data               STM32F4xxlib.lib(rtc_driver.o)
    0x2000030e   COMPRESSED   0x00000001   Data   RW         2390    .data               STM32F4xxlib.lib(copyright.o)
    0x2000030f   COMPRESSED   0x00000001   PAD
    0x20000310   COMPRESSED   0x00000004   Data   RW         2430    .data               mc_w.l(rand.o)
    0x20000314   COMPRESSED   0x00000004   Data   RW         2743    .data               mc_w.l(stdout.o)
    0x20000318   COMPRESSED   0x00000004   Data   RW         2755    .data               mc_w.l(errno.o)
    0x2000031c   COMPRESSED   0x00000004   PAD
    0x20000320        -       0x00002800   Zero   RW            4    .bss                main.o
    0x20002b20        -       0x000001d4   Zero   RW          431    .bss                adc.o
    0x20002cf4        -       0x00000200   Zero   RW          514    .bss                relay.o
    0x20002ef4        -       0x00000208   Zero   RW          582    .bss                uartcmd.o
    0x200030fc        -       0x00000400   Zero   RW          609    .bss                cancmd.o
    0x200034fc        -       0x0000042c   Zero   RW          675    .bss                config.o
    0x20003928        -       0x00000a80   Zero   RW          708    .bss                serial.o
    0x200043a8        -       0x00000130   Zero   RW          754    .bss                display.o
    0x200044d8        -       0x00000070   Zero   RW          819    .bss                valve.o
    0x20004548        -       0x00000010   Zero   RW          853    .bss                ad840x.o
    0x20004558        -       0x000001b4   Zero   RW          915    .bss                qmi.o
    0x2000470c        -       0x000000c8   Zero   RW          943    .bss                zb.o
    0x200047d4        -       0x00000188   Zero   RW         1342    .bss                STM32F4xxlib.lib(sapp.o)
    0x2000495c        -       0x00001438   Zero   RW         1527    .bss                STM32F4xxlib.lib(os_core.o)
    0x20005d94        -       0x000001c0   Zero   RW         1615    .bss                STM32F4xxlib.lib(gpio.o)
    0x20005f54        -       0x00000100   Zero   RW         1655    .bss                STM32F4xxlib.lib(keyboard.o)
    0x20006054        -       0x00001018   Zero   RW         1684    .bss                STM32F4xxlib.lib(memory.o)
    0x2000706c        -       0x000001b0   Zero   RW         1711    .bss                STM32F4xxlib.lib(msg.o)
    0x2000721c        -       0x00000024   Zero   RW         1772    .bss                STM32F4xxlib.lib(task.o)
    0x20007240        -       0x000000d0   Zero   RW         1798    .bss                STM32F4xxlib.lib(timer.o)
    0x20007310        -       0x00000030   Zero   RW         1997    .bss                STM32F4xxlib.lib(hal_spi_driver.o)
    0x20007340        -       0x00000040   Zero   RW         2082    .bss                STM32F4xxlib.lib(timer_driver.o)
    0x20007380        -       0x0000000a   Zero   RW         2329    .bss                STM32F4xxlib.lib(rtc_driver.o)
    0x2000738a   COMPRESSED   0x00000006   PAD
    0x20007390        -       0x00000400   Zero   RW          990    STACK               startup_stm32f40_41xxx.o



  Load Region LR_IROM2 (Base: 0x0800c000, Size: 0x00012bb8, Max: 0x00100000, ABSOLUTE)

    Execution Region ER_IROM2 (Exec base: 0x0800c000, Load base: 0x0800c000, Size: 0x00012bb8, Max: 0x00100000, ABSOLUTE)

    Exec Addr    Load Addr    Size         Type   Attr      Idx    E Section Name        Object

    0x0800c000   0x0800c000   0x00000000   Code   RO         2426  * .ARM.Collect$$$$00000000  mc_w.l(entry.o)
    0x0800c000   0x0800c000   0x00000004   Code   RO         2729    .ARM.Collect$$$$00000001  mc_w.l(entry2.o)
    0x0800c004   0x0800c004   0x00000004   Code   RO         2732    .ARM.Collect$$$$00000004  mc_w.l(entry5.o)
    0x0800c008   0x0800c008   0x00000000   Code   RO         2734    .ARM.Collect$$$$00000008  mc_w.l(entry7b.o)
    0x0800c008   0x0800c008   0x00000000   Code   RO         2736    .ARM.Collect$$$$0000000A  mc_w.l(entry8b.o)
    0x0800c008   0x0800c008   0x00000008   Code   RO         2737    .ARM.Collect$$$$0000000B  mc_w.l(entry9a.o)
    0x0800c010   0x0800c010   0x00000000   Code   RO         2739    .ARM.Collect$$$$0000000D  mc_w.l(entry10a.o)
    0x0800c010   0x0800c010   0x00000000   Code   RO         2741    .ARM.Collect$$$$0000000F  mc_w.l(entry11a.o)
    0x0800c010   0x0800c010   0x00000004   Code   RO         2730    .ARM.Collect$$$$00002712  mc_w.l(entry2.o)
    0x0800c014   0x0800c014   0x000002c8   Code   RO            3    .text               main.o
    0x0800c2dc   0x0800c2dc   0x000006f8   Code   RO          283    .text               stm32f4xx_it.o
    0x0800c9d4   0x0800c9d4   0x00000210   Code   RO          352    .text               system_stm32f4xx.o
    0x0800cbe4   0x0800cbe4   0x00000112   Code   RO          378    .text               beep.o
    0x0800ccf6   0x0800ccf6   0x00000002   PAD
    0x0800ccf8   0x0800ccf8   0x00000220   Code   RO          430    .text               adc.o
    0x0800cf18   0x0800cf18   0x00000260   Code   RO          473    .text               dica.o
    0x0800d178   0x0800d178   0x0000011c   Code   RO          513    .text               relay.o
    0x0800d294   0x0800d294   0x00000024   Code   RO          554    .text               printf.o
    0x0800d2b8   0x0800d2b8   0x000001d8   Code   RO          581    .text               uartcmd.o
    0x0800d490   0x0800d490   0x00001738   Code   RO          608    .text               cancmd.o
    0x0800ebc8   0x0800ebc8   0x000001a8   Code   RO          674    .text               config.o
    0x0800ed70   0x0800ed70   0x00000d5c   Code   RO          707    .text               serial.o
    0x0800facc   0x0800facc   0x000011fc   Code   RO          753    .text               display.o
    0x08010cc8   0x08010cc8   0x000002b8   Code   RO          818    .text               valve.o
    0x08010f80   0x08010f80   0x000000d0   Code   RO          852    .text               ad840x.o
    0x08011050   0x08011050   0x00000368   Code   RO          878    .text               at.o
    0x080113b8   0x080113b8   0x0000075c   Code   RO          914    .text               qmi.o
    0x08011b14   0x08011b14   0x00000422   Code   RO          942    .text               zb.o
    0x08011f36   0x08011f36   0x00000002   PAD
    0x08011f38   0x08011f38   0x000001ac   Code   RO          978    .text               tocdata.o
    0x080120e4   0x080120e4   0x00000024   Code   RO          993    .text               startup_stm32f40_41xxx.o
    0x08012108   0x08012108   0x000000e0   Code   RO          999    .text               misc.o
    0x080121e8   0x080121e8   0x00000294   Code   RO         1019    .text               stm32f4xx_gpio.o
    0x0801247c   0x0801247c   0x0000065c   Code   RO         1039    .text               stm32f4xx_rcc.o
    0x08012ad8   0x08012ad8   0x00000094   Code   RO         1061    .text               stm32f4xx_syscfg.o
    0x08012b6c   0x08012b6c   0x00000454   Code   RO         1081    .text               stm32f4xx_usart.o
    0x08012fc0   0x08012fc0   0x00000464   Code   RO         1101    .text               stm32f4xx_adc.o
    0x08013424   0x08013424   0x000009f0   Code   RO         1121    .text               stm32f4xx_can.o
    0x08013e14   0x08013e14   0x00000694   Code   RO         1141    .text               stm32f4xx_flash.o
    0x080144a8   0x080144a8   0x0000016c   Code   RO         1181    .text               stm32f4xx_pwr.o
    0x08014614   0x08014614   0x00000d68   Code   RO         1201    .text               stm32f4xx_rtc.o
    0x0801537c   0x0801537c   0x00000480   Code   RO         1221    .text               stm32f4xx_spi.o
    0x080157fc   0x080157fc   0x00000ca2   Code   RO         1241    .text               stm32f4xx_tim.o
    0x0801649e   0x0801649e   0x00000002   PAD
    0x080164a0   0x080164a0   0x00000040   Code   RO         1261    .text               stm32f4xx_iwdg.o
    0x080164e0   0x080164e0   0x000003a8   Code   RO         1281    .text               stm32f4xx_dma.o
    0x08016888   0x08016888   0x00000110   Code   RO         1301    .text               stm32f4xx_exti.o
    0x08016998   0x08016998   0x000004e8   Code   RO         1341    .text               STM32F4xxlib.lib(sapp.o)
    0x08016e80   0x08016e80   0x00000028   Code   RO         1518    .text               STM32F4xxlib.lib(cpu_a.o)
    0x08016ea8   0x08016ea8   0x000000b8   Code   RO         1521    .text               STM32F4xxlib.lib(os_cpu_a.o)
    0x08016f60   0x08016f60   0x00000898   Code   RO         1526    .text               STM32F4xxlib.lib(os_core.o)
    0x080177f8   0x080177f8   0x0000044a   Code   RO         1554    .text               STM32F4xxlib.lib(os_mbox.o)
    0x08017c42   0x08017c42   0x00000002   PAD
    0x08017c44   0x08017c44   0x00000848   Code   RO         1574    .text               STM32F4xxlib.lib(os_task.o)
    0x0801848c   0x0801848c   0x000001f0   Code   RO         1594    .text               STM32F4xxlib.lib(os_time.o)
    0x0801867c   0x0801867c   0x0000051c   Code   RO         1614    .text               STM32F4xxlib.lib(gpio.o)
    0x08018b98   0x08018b98   0x00000220   Code   RO         1654    .text               STM32F4xxlib.lib(keyboard.o)
    0x08018db8   0x08018db8   0x00000180   Code   RO         1683    .text               STM32F4xxlib.lib(memory.o)
    0x08018f38   0x08018f38   0x00000220   Code   RO         1710    .text               STM32F4xxlib.lib(msg.o)
    0x08019158   0x08019158   0x00000158   Code   RO         1771    .text               STM32F4xxlib.lib(task.o)
    0x080192b0   0x080192b0   0x000001d4   Code   RO         1797    .text               STM32F4xxlib.lib(timer.o)
    0x08019484   0x08019484   0x00000084   Code   RO         1825    .text               STM32F4xxlib.lib(voslog.o)
    0x08019508   0x08019508   0x000001c4   Code   RO         1851    .text               STM32F4xxlib.lib(system_time.o)
    0x080196cc   0x080196cc   0x00000488   Code   RO         1872    .text               STM32F4xxlib.lib(help.o)
    0x08019b54   0x08019b54   0x00000130   Code   RO         1911    .text               STM32F4xxlib.lib(adc_driver.o)
    0x08019c84   0x08019c84   0x0000015c   Code   RO         1931    .text               STM32F4xxlib.lib(bsp.o)
    0x08019de0   0x08019de0   0x00000224   Code   RO         1963    .text               STM32F4xxlib.lib(can_driver.o)
    0x0801a004   0x0801a004   0x00000374   Code   RO         1996    .text               STM32F4xxlib.lib(hal_spi_driver.o)
    0x0801a378   0x0801a378   0x00000578   Code   RO         2021    .text               STM32F4xxlib.lib(osal_snv.o)
    0x0801a8f0   0x0801a8f0   0x000000f8   Code   RO         2055    .text               STM32F4xxlib.lib(serial_driver.o)
    0x0801a9e8   0x0801a9e8   0x00000860   Code   RO         2081    .text               STM32F4xxlib.lib(timer_driver.o)
    0x0801b248   0x0801b248   0x000000cc   Code   RO         2109    .text               STM32F4xxlib.lib(common.o)
    0x0801b314   0x0801b314   0x0000005c   Code   RO         2137    .text               STM32F4xxlib.lib(iwdg_driver.o)
    0x0801b370   0x0801b370   0x00000242   Code   RO         2157    .text               STM32F4xxlib.lib(os_cpu_c.o)
    0x0801b5b2   0x0801b5b2   0x00000002   PAD
    0x0801b5b4   0x0801b5b4   0x000008b8   Code   RO         2184    .text               STM32F4xxlib.lib(os_flag.o)
    0x0801be6c   0x0801be6c   0x00000288   Code   RO         2204    .text               STM32F4xxlib.lib(os_mem.o)
    0x0801c0f4   0x0801c0f4   0x00000664   Code   RO         2224    .text               STM32F4xxlib.lib(os_q.o)
    0x0801c758   0x0801c758   0x00000064   Code   RO         2244    .text               STM32F4xxlib.lib(vos.o)
    0x0801c7bc   0x0801c7bc   0x00000048   Code   RO         2271    .text               STM32F4xxlib.lib(version.o)
    0x0801c804   0x0801c804   0x00000006   Code   RO         2291    .text               STM32F4xxlib.lib(hal_assert.o)
    0x0801c80a   0x0801c80a   0x00000002   PAD
    0x0801c80c   0x0801c80c   0x0000037c   Code   RO         2308    .text               STM32F4xxlib.lib(hal_flash.o)
    0x0801cb88   0x0801cb88   0x00000570   Code   RO         2328    .text               STM32F4xxlib.lib(rtc_driver.o)
    0x0801d0f8   0x0801d0f8   0x000000bc   Code   RO         2389    .text               STM32F4xxlib.lib(copyright.o)
    0x0801d1b4   0x0801d1b4   0x00000404   Code   RO         2408    .text               STM32F4xxlib.lib(os_sem.o)
    0x0801d5b8   0x0801d5b8   0x00000024   Code   RO         2429    .text               mc_w.l(rand.o)
    0x0801d5dc   0x0801d5dc   0x00000024   Code   RO         2432    .text               mc_w.l(memcpya.o)
    0x0801d600   0x0801d600   0x00000024   Code   RO         2434    .text               mc_w.l(memseta.o)
    0x0801d624   0x0801d624   0x00000014   Code   RO         2436    .text               mc_w.l(strchr.o)
    0x0801d638   0x0801d638   0x0000000e   Code   RO         2438    .text               mc_w.l(strlen.o)
    0x0801d646   0x0801d646   0x0000001c   Code   RO         2440    .text               mc_w.l(strcmp.o)
    0x0801d662   0x0801d662   0x0000001a   Code   RO         2442    .text               mc_w.l(memcmp.o)
    0x0801d67c   0x0801d67c   0x00000012   Code   RO         2444    .text               mc_w.l(strcpy.o)
    0x0801d68e   0x0801d68e   0x0000001e   Code   RO         2446    .text               mc_w.l(strncmp.o)
    0x0801d6ac   0x0801d6ac   0x0000001a   Code   RO         2711    .text               mc_w.l(atoi.o)
    0x0801d6c6   0x0801d6c6   0x0000014e   Code   RO         2713    .text               mf_w.l(dadd.o)
    0x0801d814   0x0801d814   0x000000e4   Code   RO         2715    .text               mf_w.l(dmul.o)
    0x0801d8f8   0x0801d8f8   0x000000de   Code   RO         2717    .text               mf_w.l(ddiv.o)
    0x0801d9d6   0x0801d9d6   0x00000022   Code   RO         2719    .text               mf_w.l(dflti.o)
    0x0801d9f8   0x0801d9f8   0x00000026   Code   RO         2721    .text               mf_w.l(f2d.o)
    0x0801da1e   0x0801da1e   0x00000002   PAD
    0x0801da20   0x0801da20   0x00000030   Code   RO         2723    .text               mf_w.l(cdcmple.o)
    0x0801da50   0x0801da50   0x00000030   Code   RO         2725    .text               mf_w.l(cdrcmple.o)
    0x0801da80   0x0801da80   0x00000038   Code   RO         2727    .text               mf_w.l(d2f.o)
    0x0801dab8   0x0801dab8   0x0000002c   Code   RO         2744    .text               mc_w.l(uidiv.o)
    0x0801dae4   0x0801dae4   0x00000062   Code   RO         2746    .text               mc_w.l(uldiv.o)
    0x0801db46   0x0801db46   0x0000001e   Code   RO         2748    .text               mc_w.l(llshl.o)
    0x0801db64   0x0801db64   0x00000024   Code   RO         2750    .text               mc_w.l(llsshr.o)
    0x0801db88   0x0801db88   0x00000070   Code   RO         2759    .text               mc_w.l(strtol.o)
    0x0801dbf8   0x0801dbf8   0x00000000   Code   RO         2761    .text               mc_w.l(iusefp.o)
    0x0801dbf8   0x0801dbf8   0x0000006e   Code   RO         2762    .text               mf_w.l(fepilogue.o)
    0x0801dc66   0x0801dc66   0x000000ba   Code   RO         2764    .text               mf_w.l(depilogue.o)
    0x0801dd20   0x0801dd20   0x00000030   Code   RO         2766    .text               mf_w.l(dfixul.o)
    0x0801dd50   0x0801dd50   0x00000024   Code   RO         2768    .text               mc_w.l(init.o)
    0x0801dd74   0x0801dd74   0x00000020   Code   RO         2770    .text               mc_w.l(llushr.o)
    0x0801dd94   0x0801dd94   0x00000008   Code   RO         2772    .text               mc_w.l(ctype_o.o)
    0x0801dd9c   0x0801dd9c   0x0000009e   Code   RO         2800    .text               mc_w.l(_strtoul.o)
    0x0801de3a   0x0801de3a   0x0000001c   Code   RO         2802    .text               mc_w.l(_chval.o)
    0x0801de56   0x0801de56   0x00000056   Code   RO         2812    .text               mc_w.l(__dczerorl2.o)
    0x0801deac   0x0801deac   0x00000020   Code   RO         2683    i.__0printf         mc_w.l(printfa.o)
    0x0801decc   0x0801decc   0x00000028   Code   RO         2685    i.__0sprintf        mc_w.l(printfa.o)
    0x0801def4   0x0801def4   0x00000010   Code   RO         2687    i.__0vprintf        mc_w.l(printfa.o)
    0x0801df04   0x0801df04   0x00000024   Code   RO         2689    i.__0vsprintf       mc_w.l(printfa.o)
    0x0801df28   0x0801df28   0x00000008   Code   RO         2752    i.__aeabi_errno_addr  mc_w.l(errno.o)
    0x0801df30   0x0801df30   0x0000000e   Code   RO         2806    i.__scatterload_copy  mc_w.l(handlers.o)
    0x0801df3e   0x0801df3e   0x00000002   Code   RO         2807    i.__scatterload_null  mc_w.l(handlers.o)
    0x0801df40   0x0801df40   0x0000000e   Code   RO         2808    i.__scatterload_zeroinit  mc_w.l(handlers.o)
    0x0801df4e   0x0801df4e   0x00000002   PAD
    0x0801df50   0x0801df50   0x00000184   Code   RO         2690    i._fp_digits        mc_w.l(printfa.o)
    0x0801e0d4   0x0801e0d4   0x000006dc   Code   RO         2691    i._printf_core      mc_w.l(printfa.o)
    0x0801e7b0   0x0801e7b0   0x00000024   Code   RO         2692    i._printf_post_padding  mc_w.l(printfa.o)
    0x0801e7d4   0x0801e7d4   0x0000002e   Code   RO         2693    i._printf_pre_padding  mc_w.l(printfa.o)
    0x0801e802   0x0801e802   0x0000000a   Code   RO         2695    i._sputc            mc_w.l(printfa.o)
    0x0801e80c   0x0801e80c   0x00000003   Data   RO          474    .constdata          dica.o
    0x0801e80f   0x0801e80f   0x00000020   Data   RO          515    .constdata          relay.o
    0x0801e82f   0x0801e82f   0x00000031   Data   RO          676    .constdata          config.o
    0x0801e860   0x0801e860   0x00000010   Data   RO          709    .constdata          serial.o
    0x0801e870   0x0801e870   0x00000002   Data   RO          854    .constdata          ad840x.o
    0x0801e872   0x0801e872   0x00000002   PAD
    0x0801e874   0x0801e874   0x00000028   Data   RO          879    .constdata          at.o
    0x0801e89c   0x0801e89c   0x00000008   Data   RO         1343    .constdata          STM32F4xxlib.lib(sapp.o)
    0x0801e8a4   0x0801e8a4   0x00000100   Data   RO         1528    .constdata          STM32F4xxlib.lib(os_core.o)
    0x0801e9a4   0x0801e9a4   0x00000016   Data   RO         1964    .constdata          STM32F4xxlib.lib(can_driver.o)
    0x0801e9ba   0x0801e9ba   0x00000002   PAD
    0x0801e9bc   0x0801e9bc   0x000000d8   Data   RO         2056    .constdata          STM32F4xxlib.lib(serial_driver.o)
    0x0801ea94   0x0801ea94   0x00000020   Data   RO         2083    .constdata          STM32F4xxlib.lib(timer_driver.o)
    0x0801eab4   0x0801eab4   0x00000010   Data   RO         2272    .constdata          STM32F4xxlib.lib(version.o)
    0x0801eac4   0x0801eac4   0x0000002b   Data   RO         2330    .constdata          STM32F4xxlib.lib(rtc_driver.o)
    0x0801eaef   0x0801eaef   0x00000081   Data   RO         2773    .constdata          mc_w.l(ctype_o.o)
    0x0801eb70   0x0801eb70   0x00000004   Data   RO         2774    .constdata          mc_w.l(ctype_o.o)
    0x0801eb74   0x0801eb74   0x00000006   Data   RO          880    .conststring        at.o
    0x0801eb7a   0x0801eb7a   0x00000002   PAD
    0x0801eb7c   0x0801eb7c   0x0000001c   Data   RO         1616    .conststring        STM32F4xxlib.lib(gpio.o)
    0x0801eb98   0x0801eb98   0x00000020   Data   RO         2804    Region$$Table       anon$$obj.o


==============================================================================

Image component sizes


      Code (inc. data)   RO Data    RW Data    ZI Data      Debug   Object Name

       208         12          2          0         16       2611   ad840x.o
       544         42          0          0        468       5249   adc.o
       872         70         46          1          0       2525   at.o
       274          0          0          0          0       2516   beep.o
      5944        252          0         24       1024      24919   cancmd.o
       424         52         49         10       1068       7738   config.o
       608         48          3         20          0       4923   dica.o
      4604        122          0         12        304      15094   display.o
       712         76          0          4      10240     387865   main.o
       224         20          0          0          0       1853   misc.o
        36          4          0          0          0       1808   printf.o
      1884         78          0          0        436       8194   qmi.o
       284         12         32          0        512       3588   relay.o
      3420         34         16          0       2688      12290   serial.o
        36          8        392          0       1024        844   startup_stm32f40_41xxx.o
      1124         24          0          0          0      10722   stm32f4xx_adc.o
      2544         38          0          0          0       8180   stm32f4xx_can.o
       936         32          0          0          0       6429   stm32f4xx_dma.o
       272         10          0          0          0       2319   stm32f4xx_exti.o
      1684         28          0          0          0       9454   stm32f4xx_flash.o
       660         44          0          0          0       4193   stm32f4xx_gpio.o
      1784         44          0          0          0       6091   stm32f4xx_it.o
        64          6          0          0          0       1361   stm32f4xx_iwdg.o
       364         12          0          0          0       3811   stm32f4xx_pwr.o
      1628         52          0         16          0      13088   stm32f4xx_rcc.o
      3432         44          0          0          0      15468   stm32f4xx_rtc.o
      1152         36          0          0          0       6941   stm32f4xx_spi.o
       148         12          0          0          0       1861   stm32f4xx_syscfg.o
      3234         60          0          0          0      23048   stm32f4xx_tim.o
      1108         34          0          0          0       7916   stm32f4xx_usart.o
       528         46          0         20          0       1835   system_stm32f4xx.o
       428         24          0          0          0       1826   tocdata.o
       472         20          0          0        520       3537   uartcmd.o
       696         12          0          0        112       3000   valve.o
      1058         30          0          4        200       5675   zb.o

    ----------------------------------------------------------------------
     43396       1438        576        113      18612     618772   Object Totals
         0          0         32          0          0          0   (incl. Generated)
         6          0          4          2          0          0   (incl. Padding)

    ----------------------------------------------------------------------

      Code (inc. data)   RO Data    RW Data    ZI Data      Debug   Library Member Name

       304         16          0          0          0       1376   adc_driver.o
       348         24          0          8          0      28194   bsp.o
       548         56         22         12          0       4772   can_driver.o
       204         26          0         12          0      29187   common.o
       188          8          0          1          0       2618   copyright.o
        40          4          0          0          0        272   cpu_a.o
         0          0          0        256          0        509   ctype.o
      1308         12         28        260        448      10772   gpio.o
         6          0          0          0          0        565   hal_assert.o
       892         74          0          0          0       4229   hal_flash.o
       884         28          0          0         48       6555   hal_spi_driver.o
      1160         18          0          0          0       4194   help.o
        92          0          0          0          0        835   iwdg_driver.o
       544         12          0          2        256       4186   keyboard.o
       384         16          0          2       4120       2446   memory.o
       544         14          0          8        432       6523   msg.o
      2200        160        256         60       5176      17000   os_core.o
       184         40          0          0          0        324   os_cpu_a.o
       578          0          0          0          0      13136   os_cpu_c.o
      2232         38          0          0          0       7136   os_flag.o
      1098         16          0          0          0       4354   os_mbox.o
       648         14          0          0          0       3388   os_mem.o
      1636         28          0          0          0       5769   os_q.o
      1028         18          0          0          0       4074   os_sem.o
      2120         64          0          0          0       7049   os_task.o
       496         24          0          0          0       1918   os_time.o
      1400         24          0          5          0       7761   osal_snv.o
      1392         50         43          2         10       6753   rtc_driver.o
      1256         86          8          8        392     370810   sapp.o
       248         46        216          0          0       4637   serial_driver.o
       452          4          0          4          0       3922   system_time.o
       344          8          0          4         36       2527   task.o
       468         14          0          0        208       3353   timer.o
      2144         74         32         16         64       6748   timer_driver.o
        72          4         16          0          0       1354   version.o
       100          0          0          0          0       2225   vos.o
       132         50          0          4          0       1809   voslog.o
        86          0          0          0          0          0   __dczerorl2.o
        28          0          0          0          0         68   _chval.o
       158          0          0          0          0         92   _strtoul.o
        26          0          0          0          0         80   atoi.o
         8          4        133          0          0         68   ctype_o.o
         0          0          0          0          0          0   entry.o
         0          0          0          0          0          0   entry10a.o
         0          0          0          0          0          0   entry11a.o
         8          4          0          0          0          0   entry2.o
         4          0          0          0          0          0   entry5.o
         0          0          0          0          0          0   entry7b.o
         0          0          0          0          0          0   entry8b.o
         8          4          0          0          0          0   entry9a.o
         8          4          0          4          0         68   errno.o
        30          0          0          0          0          0   handlers.o
        36          8          0          0          0         68   init.o
         0          0          0          0          0          0   iusefp.o
        30          0          0          0          0         68   llshl.o
        36          0          0          0          0         68   llsshr.o
        32          0          0          0          0         68   llushr.o
        26          0          0          0          0         80   memcmp.o
        36          0          0          0          0         68   memcpya.o
        36          0          0          0          0        108   memseta.o
      2360        110          0          0          0        752   printfa.o
        36         10          0          4          0        136   rand.o
         0          0          0          4          0          0   stdout.o
        20          0          0          0          0         68   strchr.o
        28          0          0          0          0         76   strcmp.o
        18          0          0          0          0         68   strcpy.o
        14          0          0          0          0         68   strlen.o
        30          0          0          0          0         80   strncmp.o
       112          0          0          0          0         88   strtol.o
        44          0          0          0          0         80   uidiv.o
        98          0          0          0          0         92   uldiv.o
        48          0          0          0          0         68   cdcmple.o
        48          0          0          0          0         68   cdrcmple.o
        56          0          0          0          0         88   d2f.o
       334          0          0          0          0        148   dadd.o
       222          0          0          0          0        100   ddiv.o
       186          0          0          0          0        176   depilogue.o
        48          0          0          0          0         68   dfixul.o
        34          0          0          0          0         76   dflti.o
       228          0          0          0          0         96   dmul.o
        38          0          0          0          0         68   f2d.o
       110          0          0          0          0        168   fepilogue.o

    ----------------------------------------------------------------------
     32392       1214        756        683      11200     586816   Library Totals
        10          0          2          7         10          0   (incl. Padding)

    ----------------------------------------------------------------------

      Code (inc. data)   RO Data    RW Data    ZI Data      Debug   Library Name

     27674       1070        621        664      11190     583280   STM32F4xxlib.lib
      3356        144        133         12          0       2412   mc_w.l
      1352          0          0          0          0       1124   mf_w.l

    ----------------------------------------------------------------------
     32392       1214        756        683      11200     586816   Library Totals

    ----------------------------------------------------------------------

==============================================================================


      Code (inc. data)   RO Data    RW Data    ZI Data      Debug   

     75788       2652       1332        796      29812    1186996   Grand Totals
     75788       2652       1332        228      29812    1186996   ELF Image Totals (compressed)
     75788       2652       1332        228          0          0   ROM Totals

==============================================================================

    Total RO  Size (Code + RO Data)                77120 (  75.31kB)
    Total RW  Size (RW Data + ZI Data)             30608 (  29.89kB)
    Total ROM Size (Code + RO Data + RW Data)      77348 (  75.54kB)

==============================================================================

