Component: ARM Compiler 5.06 update 6 (build 750) Tool: armlink [4d35ed]

==============================================================================

Section Cross References

    main.o(.text) refers to iwdg_driver.o(.text) for IWDG_Feed
    main.o(.text) refers to timer.o(.text) for TimerProc
    main.o(.text) refers to system_time.o(.text) for system_time_proc
    main.o(.text) refers to serial.o(.text) for Serial_CheckRcvIdleTime
    main.o(.text) refers to stm32f4xx_rcc.o(.text) for RCC_ClearFlag
    main.o(.text) refers to voslog.o(.text) for VOS_SetLogLevel
    main.o(.text) refers to gpio.o(.text) for stm32_gpio_init
    main.o(.text) refers to uartcmd.o(.text) for UartCmdInit
    main.o(.text) refers to osal_snv.o(.text) for osal_snv_init
    main.o(.text) refers to config.o(.text) for Config_Init
    main.o(.text) refers to relay.o(.text) for InitRelays
    main.o(.text) refers to dica.o(.text) for Ioctrl_input_init
    main.o(.text) refers to beep.o(.text) for BeepInit
    main.o(.text) refers to keyboard.o(.text) for KeyboardInit
    main.o(.text) refers to valve.o(.text) for ValveInit
    main.o(.text) refers to ad840x.o(.text) for AD840x_Init
    main.o(.text) refers to adc.o(.text) for ADC_Meas_Init
    main.o(.text) refers to cancmd.o(.text) for CanCmdInit
    main.o(.text) refers to qmi.o(.text) for appQmiInit
    main.o(.text) refers to display.o(.text) for Disp_Init
    main.o(.text) refers to sapp.o(.text) for SHZNAPP_SerialAppProc
    main.o(.text) refers to msg.o(.text) for MessageAlloc
    main.o(.text) refers to task.o(.text) for VOS_CreateTask
    main.o(.text) refers to os_task.o(.text) for OSTaskNameSet
    main.o(.text) refers to os_time.o(.text) for OSTimeDlyHMSM
    main.o(.text) refers to cpu_a.o(.text) for CPU_IntDis
    main.o(.text) refers to bsp.o(.text) for BSP_Init
    main.o(.text) refers to misc.o(.text) for NVIC_SetVectorTable
    main.o(.text) refers to os_core.o(.text) for OSInit
    main.o(.text) refers to main.o(.data) for gulSecond
    main.o(.text) refers to sapp.o(.data) for sappItfType
    main.o(.text) refers to sapp.o(.constdata) for sbRxBuf
    main.o(.text) refers to main.o(.bss) for AppTaskMainStk
    stm32f4xx_it.o(.text) refers to os_cpu_a.o(.text) for OS_CPU_SR_Save
    stm32f4xx_it.o(.text) refers to os_core.o(.text) for OSTimeTick
    stm32f4xx_it.o(.text) refers to stm32f4xx_usart.o(.text) for USART_GetITStatus
    stm32f4xx_it.o(.text) refers to serial.o(.text) for Serial_FillRcvBuf
    stm32f4xx_it.o(.text) refers to uartcmd.o(.text) for UartCmdPutData
    stm32f4xx_it.o(.text) refers to stm32f4xx_tim.o(.text) for TIM_GetITStatus
    stm32f4xx_it.o(.text) refers to timer_driver.o(.text) for TIM_event_handler
    stm32f4xx_it.o(.text) refers to os_core.o(.data) for OSRunning
    stm32f4xx_it.o(.text) refers to serial.o(.bss) for Serial
    stm32f4xx_it.o(.text) refers to msg.o(.text) for MessageAlloc
    stm32f4xx_it.o(.text) refers to stm32f4xx_can.o(.text) for CAN_Receive
    stm32f4xx_it.o(.text) refers to cancmd.o(.text) for SndCanData
    stm32f4xx_it.o(.text) refers to stm32f4xx_exti.o(.text) for EXTI_ClearITPendingBit
    stm32f4xx_it.o(.text) refers to gpio.o(.text) for sensor_event_handler
    stm32f4xx_it.o(.text) refers to stm32f4xx_adc.o(.text) for ADC_GetITStatus
    stm32f4xx_it.o(.text) refers to stm32f4xx_dma.o(.text) for DMA_ClearFlag
    stm32f4xx_it.o(.text) refers to adc.o(.text) for Oversampling_GetConversion
    system_stm32f4xx.o(.text) refers to system_stm32f4xx.o(.data) for SystemCoreClock
    beep.o(.text) refers to gpio.o(.text) for stm32_gpio_cfgpin
    beep.o(.text) refers to timer.o(.text) for AddTimer
    adc.o(.text) refers to misc.o(.text) for NVIC_Init
    adc.o(.text) refers to stm32f4xx_adc.o(.text) for ADC_Cmd
    adc.o(.text) refers to timer_driver.o(.text) for TIM_Init_General
    adc.o(.text) refers to stm32f4xx_rcc.o(.text) for RCC_AHB1PeriphClockCmd
    adc.o(.text) refers to stm32f4xx_gpio.o(.text) for GPIO_StructInit
    adc.o(.text) refers to adc_driver.o(.text) for ADC_DMA_Configuration
    adc.o(.text) refers to adc.o(.bss) for ADC_ConvertedValue
    adc.o(.text) refers to valve.o(.bss) for gValve
    adc.o(.text) refers to display.o(.bss) for Display
    dica.o(.text) refers to stm32f4xx_gpio.o(.text) for GPIO_ReadInputData
    dica.o(.text) refers to display.o(.text) for Disp_DinStateChange
    dica.o(.text) refers to stm32f4xx_rcc.o(.text) for RCC_APB1PeriphClockCmd
    dica.o(.text) refers to stm32f4xx_pwr.o(.text) for PWR_BackupAccessCmd
    dica.o(.text) refers to gpio.o(.text) for stm32_gpio_cfgpin
    dica.o(.text) refers to dica.o(.data) for Ioctrl_input_debounce_queue
    dica.o(.text) refers to dica.o(.constdata) for inputs
    dica.o(.text) refers to display.o(.bss) for Display
    relay.o(.text) refers to gpio.o(.text) for stm32_gpio_cfgpin
    relay.o(.text) refers to memseta.o(.text) for __aeabi_memclr4
    relay.o(.text) refers to system_time.o(.text) for system_timeout
[...]
    I2S_StructInit                           0x080154f9   Thumb Code    20  stm32f4xx_spi.o(.text)
    SPI_Cmd                                  0x0801550d   Thumb Code    24  stm32f4xx_spi.o(.text)
    I2S_Cmd                                  0x08015525   Thumb Code    24  stm32f4xx_spi.o(.text)
    SPI_DataSizeConfig                       0x0801553d   Thumb Code    18  stm32f4xx_spi.o(.text)
    SPI_BiDirectionalLineConfig              0x0801554f   Thumb Code    28  stm32f4xx_spi.o(.text)
    SPI_NSSInternalSoftwareConfig            0x0801556b   Thumb Code    30  stm32f4xx_spi.o(.text)
    SPI_SSOutputCmd                          0x08015589   Thumb Code    24  stm32f4xx_spi.o(.text)
    SPI_TIModeCmd                            0x080155a1   Thumb Code    24  stm32f4xx_spi.o(.text)
    I2S_FullDuplexConfig                     0x080155b9   Thumb Code    80  stm32f4xx_spi.o(.text)
    SPI_I2S_ReceiveData                      0x08015609   Thumb Code     6  stm32f4xx_spi.o(.text)
    SPI_I2S_SendData                         0x0801560f   Thumb Code     4  stm32f4xx_spi.o(.text)
    SPI_CalculateCRC                         0x08015613   Thumb Code    24  stm32f4xx_spi.o(.text)
    SPI_TransmitCRC                          0x0801562b   Thumb Code    10  stm32f4xx_spi.o(.text)
    SPI_GetCRC                               0x08015635   Thumb Code    16  stm32f4xx_spi.o(.text)
    SPI_GetCRCPolynomial                     0x08015645   Thumb Code     6  stm32f4xx_spi.o(.text)
    SPI_I2S_DMACmd                           0x0801564b   Thumb Code    18  stm32f4xx_spi.o(.text)
    SPI_I2S_ITConfig                         0x0801565d   Thumb Code    68  stm32f4xx_spi.o(.text)
    SPI_I2S_GetFlagStatus                    0x080156a1   Thumb Code    18  stm32f4xx_spi.o(.text)
    SPI_I2S_ClearFlag                        0x080156b3   Thumb Code     6  stm32f4xx_spi.o(.text)
    SPI_I2S_GetITStatus                      0x080156b9   Thumb Code    52  stm32f4xx_spi.o(.text)
    SPI_I2S_ClearITPendingBit                0x080156ed   Thumb Code    20  stm32f4xx_spi.o(.text)
    TIM_DeInit                               0x08015701   Thumb Code   346  stm32f4xx_tim.o(.text)
    TIM_TimeBaseInit                         0x0801585b   Thumb Code   104  stm32f4xx_tim.o(.text)
    TIM_TimeBaseStructInit                   0x080158c3   Thumb Code    18  stm32f4xx_tim.o(.text)
    TIM_PrescalerConfig                      0x080158d5   Thumb Code     6  stm32f4xx_tim.o(.text)
    TIM_CounterModeConfig                    0x080158db   Thumb Code    18  stm32f4xx_tim.o(.text)
    TIM_SetCounter                           0x080158ed   Thumb Code     4  stm32f4xx_tim.o(.text)
    TIM_SetAutoreload                        0x080158f1   Thumb Code     4  stm32f4xx_tim.o(.text)
    TIM_GetCounter                           0x080158f5   Thumb Code     6  stm32f4xx_tim.o(.text)
    TIM_GetPrescaler                         0x080158fb   Thumb Code     6  stm32f4xx_tim.o(.text)
    TIM_UpdateDisableConfig                  0x08015901   Thumb Code    24  stm32f4xx_tim.o(.text)
    TIM_UpdateRequestConfig                  0x08015919   Thumb Code    24  stm32f4xx_tim.o(.text)
    TIM_ARRPreloadConfig                     0x08015931   Thumb Code    24  stm32f4xx_tim.o(.text)
    TIM_SelectOnePulseMode                   0x08015949   Thumb Code    18  stm32f4xx_tim.o(.text)
    TIM_SetClockDivision                     0x0801595b   Thumb Code    18  stm32f4xx_tim.o(.text)
    TIM_Cmd                                  0x0801596d   Thumb Code    24  stm32f4xx_tim.o(.text)
    TIM_OC1Init                              0x08015985   Thumb Code   114  stm32f4xx_tim.o(.text)
    TIM_OC2Init                              0x080159f7   Thumb Code   154  stm32f4xx_tim.o(.text)
    TIM_OC3Init                              0x08015a91   Thumb Code   204  stm32f4xx_tim.o(.text)
    TIM_OC4Init                              0x08015b5d   Thumb Code   112  stm32f4xx_tim.o(.text)
    TIM_OCStructInit                         0x08015bcd   Thumb Code    20  stm32f4xx_tim.o(.text)
    TIM_SelectOCxM                           0x08015be1   Thumb Code    86  stm32f4xx_tim.o(.text)
    TIM_SetCompare1                          0x08015c37   Thumb Code     4  stm32f4xx_tim.o(.text)
    TIM_SetCompare2                          0x08015c3b   Thumb Code     4  stm32f4xx_tim.o(.text)
    TIM_SetCompare3                          0x08015c3f   Thumb Code     4  stm32f4xx_tim.o(.text)
    TIM_SetCompare4                          0x08015c43   Thumb Code     4  stm32f4xx_tim.o(.text)
    TIM_ForcedOC1Config                      0x08015c47   Thumb Code    18  stm32f4xx_tim.o(.text)
    TIM_ForcedOC2Config                      0x08015c59   Thumb Code    26  stm32f4xx_tim.o(.text)
    TIM_ForcedOC3Config                      0x08015c73   Thumb Code    18  stm32f4xx_tim.o(.text)
    TIM_ForcedOC4Config                      0x08015c85   Thumb Code    26  stm32f4xx_tim.o(.text)
    TIM_OC1PreloadConfig                     0x08015c9f   Thumb Code    18  stm32f4xx_tim.o(.text)
    TIM_OC2PreloadConfig                     0x08015cb1   Thumb Code    26  stm32f4xx_tim.o(.text)
    TIM_OC3PreloadConfig                     0x08015ccb   Thumb Code    18  stm32f4xx_tim.o(.text)
    TIM_OC4PreloadConfig                     0x08015cdd   Thumb Code    26  stm32f4xx_tim.o(.text)
    TIM_OC1FastConfig                        0x08015cf7   Thumb Code    18  stm32f4xx_tim.o(.text)
    TIM_OC2FastConfig                        0x08015d09   Thumb Code    26  stm32f4xx_tim.o(.text)
    TIM_OC3FastConfig                        0x08015d23   Thumb Code    18  stm32f4xx_tim.o(.text)
    TIM_OC4FastConfig                        0x08015d35   Thumb Code    26  stm32f4xx_tim.o(.text)
    TIM_ClearOC1Ref                          0x08015d4f   Thumb Code    18  stm32f4xx_tim.o(.text)
    TIM_ClearOC2Ref                          0x08015d61   Thumb Code    24  stm32f4xx_tim.o(.text)
    TIM_ClearOC3Ref                          0x08015d79   Thumb Code    18  stm32f4xx_tim.o(.text)
    TIM_ClearOC4Ref                          0x08015d8b   Thumb Code    24  stm32f4xx_tim.o(.text)
    TIM_OC1PolarityConfig                    0x08015da3   Thumb Code    18  stm32f4xx_tim.o(.text)
    TIM_OC1NPolarityConfig                   0x08015db5   Thumb Code    18  stm32f4xx_tim.o(.text)
    TIM_OC2PolarityConfig                    0x08015dc7   Thumb Code    26  stm32f4xx_tim.o(.text)
    TIM_OC2NPolarityConfig                   0x08015de1   Thumb Code    26  stm32f4xx_tim.o(.text)
    TIM_OC3PolarityConfig                    0x08015dfb   Thumb Code    26  stm32f4xx_tim.o(.text)
    TIM_OC3NPolarityConfig                   0x08015e15   Thumb Code    26  stm32f4xx_tim.o(.text)
    TIM_OC4PolarityConfig                    0x08015e2f   Thumb Code    26  stm32f4xx_tim.o(.text)
    TIM_CCxCmd                               0x08015e49   Thumb Code    30  stm32f4xx_tim.o(.text)
    TIM_CCxNCmd                              0x08015e67   Thumb Code    30  stm32f4xx_tim.o(.text)
    TIM_SetIC4Prescaler                      0x08015e85   Thumb Code    26  stm32f4xx_tim.o(.text)
    TIM_SetIC3Prescaler                      0x08015eef   Thumb Code    18  stm32f4xx_tim.o(.text)
    TIM_SetIC2Prescaler                      0x08015f49   Thumb Code    26  stm32f4xx_tim.o(.text)
    TIM_SetIC1Prescaler                      0x08015fbd   Thumb Code    18  stm32f4xx_tim.o(.text)
    TIM_ICInit                               0x08016009   Thumb Code   110  stm32f4xx_tim.o(.text)
    TIM_ICStructInit                         0x08016077   Thumb Code    18  stm32f4xx_tim.o(.text)
    TIM_PWMIConfig                           0x08016089   Thumb Code   124  stm32f4xx_tim.o(.text)
    TIM_GetCapture1                          0x08016105   Thumb Code     6  stm32f4xx_tim.o(.text)
    TIM_GetCapture2                          0x0801610b   Thumb Code     6  stm32f4xx_tim.o(.text)
    TIM_GetCapture3                          0x08016111   Thumb Code     6  stm32f4xx_tim.o(.text)
    TIM_GetCapture4                          0x08016117   Thumb Code     6  stm32f4xx_tim.o(.text)
    TIM_BDTRConfig                           0x0801611d   Thumb Code    32  stm32f4xx_tim.o(.text)
    TIM_BDTRStructInit                       0x0801613d   Thumb Code    18  stm32f4xx_tim.o(.text)
    TIM_CtrlPWMOutputs                       0x0801614f   Thumb Code    30  stm32f4xx_tim.o(.text)
    TIM_SelectCOM                            0x0801616d   Thumb Code    24  stm32f4xx_tim.o(.text)
    TIM_CCPreloadControl                     0x08016185   Thumb Code    24  stm32f4xx_tim.o(.text)
    TIM_ITConfig                             0x0801619d   Thumb Code    18  stm32f4xx_tim.o(.text)
    TIM_GenerateEvent                        0x080161af   Thumb Code     4  stm32f4xx_tim.o(.text)
    TIM_GetFlagStatus                        0x080161b3   Thumb Code    18  stm32f4xx_tim.o(.text)
    TIM_ClearFlag                            0x080161c5   Thumb Code     6  stm32f4xx_tim.o(.text)
    TIM_GetITStatus                          0x080161cb   Thumb Code    34  stm32f4xx_tim.o(.text)
    TIM_ClearITPendingBit                    0x080161ed   Thumb Code     6  stm32f4xx_tim.o(.text)
    TIM_DMAConfig                            0x080161f3   Thumb Code    10  stm32f4xx_tim.o(.text)
    TIM_DMACmd                               0x080161fd   Thumb Code    18  stm32f4xx_tim.o(.text)
    TIM_SelectCCDMA                          0x0801620f   Thumb Code    24  stm32f4xx_tim.o(.text)
    TIM_InternalClockConfig                  0x08016227   Thumb Code    12  stm32f4xx_tim.o(.text)
    TIM_SelectInputTrigger                   0x08016233   Thumb Code    18  stm32f4xx_tim.o(.text)
    TIM_ITRxExternalClockConfig              0x08016245   Thumb Code    24  stm32f4xx_tim.o(.text)
    TIM_TIxExternalClockConfig               0x0801625d   Thumb Code    62  stm32f4xx_tim.o(.text)
    TIM_ETRConfig                            0x0801629b   Thumb Code    28  stm32f4xx_tim.o(.text)
    TIM_ETRClockMode1Config                  0x080162b7   Thumb Code    54  stm32f4xx_tim.o(.text)
    TIM_ETRClockMode2Config                  0x080162ed   Thumb Code    32  stm32f4xx_tim.o(.text)
    TIM_SelectOutputTrigger                  0x0801630d   Thumb Code    18  stm32f4xx_tim.o(.text)
    TIM_SelectSlaveMode                      0x0801631f   Thumb Code    18  stm32f4xx_tim.o(.text)
    TIM_SelectMasterSlaveMode                0x08016331   Thumb Code    18  stm32f4xx_tim.o(.text)
    TIM_EncoderInterfaceConfig               0x08016343   Thumb Code    66  stm32f4xx_tim.o(.text)
    TIM_SelectHallSensor                     0x08016385   Thumb Code    24  stm32f4xx_tim.o(.text)
    TIM_RemapConfig                          0x0801639d   Thumb Code     6  stm32f4xx_tim.o(.text)
    IWDG_WriteAccessCmd                      0x080163a5   Thumb Code     6  stm32f4xx_iwdg.o(.text)
    IWDG_SetPrescaler                        0x080163ab   Thumb Code     6  stm32f4xx_iwdg.o(.text)
    IWDG_SetReload                           0x080163b1   Thumb Code     6  stm32f4xx_iwdg.o(.text)
    IWDG_ReloadCounter                       0x080163b7   Thumb Code    10  stm32f4xx_iwdg.o(.text)
    IWDG_Enable                              0x080163c1   Thumb Code    10  stm32f4xx_iwdg.o(.text)
    IWDG_GetFlagStatus                       0x080163cb   Thumb Code    20  stm32f4xx_iwdg.o(.text)
    DMA_DeInit                               0x080163e5   Thumb Code   324  stm32f4xx_dma.o(.text)
    DMA_Init                                 0x08016529   Thumb Code    82  stm32f4xx_dma.o(.text)
    DMA_StructInit                           0x0801657b   Thumb Code    34  stm32f4xx_dma.o(.text)
    DMA_Cmd                                  0x0801659d   Thumb Code    22  stm32f4xx_dma.o(.text)
    DMA_PeriphIncOffsetSizeConfig            0x080165b3   Thumb Code    22  stm32f4xx_dma.o(.text)
    DMA_FlowControllerConfig                 0x080165c9   Thumb Code    22  stm32f4xx_dma.o(.text)
    DMA_SetCurrDataCounter                   0x080165df   Thumb Code     4  stm32f4xx_dma.o(.text)
    DMA_GetCurrDataCounter                   0x080165e3   Thumb Code     8  stm32f4xx_dma.o(.text)
    DMA_DoubleBufferModeConfig               0x080165eb   Thumb Code    24  stm32f4xx_dma.o(.text)
    DMA_DoubleBufferModeCmd                  0x08016603   Thumb Code    22  stm32f4xx_dma.o(.text)
    DMA_MemoryTargetConfig                   0x08016619   Thumb Code    10  stm32f4xx_dma.o(.text)
    DMA_GetCurrentMemoryTarget               0x08016623   Thumb Code    20  stm32f4xx_dma.o(.text)
    DMA_GetCmdStatus                         0x08016637   Thumb Code    20  stm32f4xx_dma.o(.text)
    DMA_GetFIFOStatus                        0x0801664b   Thumb Code    12  stm32f4xx_dma.o(.text)
    DMA_GetFlagStatus                        0x08016657   Thumb Code    56  stm32f4xx_dma.o(.text)
    DMA_ClearFlag                            0x0801668f   Thumb Code    40  stm32f4xx_dma.o(.text)
    DMA_ITConfig                             0x080166b7   Thumb Code    58  stm32f4xx_dma.o(.text)
    DMA_GetITStatus                          0x080166f1   Thumb Code    84  stm32f4xx_dma.o(.text)
    DMA_ClearITPendingBit                    0x08016745   Thumb Code    40  stm32f4xx_dma.o(.text)
    EXTI_DeInit                              0x0801678d   Thumb Code    28  stm32f4xx_exti.o(.text)
    EXTI_Init                                0x080167a9   Thumb Code   142  stm32f4xx_exti.o(.text)
    EXTI_StructInit                          0x08016837   Thumb Code    16  stm32f4xx_exti.o(.text)
    EXTI_GenerateSWInterrupt                 0x08016847   Thumb Code    16  stm32f4xx_exti.o(.text)
    EXTI_GetFlagStatus                       0x08016857   Thumb Code    22  stm32f4xx_exti.o(.text)
    EXTI_ClearFlag                           0x0801686d   Thumb Code     8  stm32f4xx_exti.o(.text)
    EXTI_GetITStatus                         0x08016875   Thumb Code    22  stm32f4xx_exti.o(.text)
    EXTI_ClearITPendingBit                   0x0801688b   Thumb Code     8  stm32f4xx_exti.o(.text)
    Config_SetAddress                        0x080168c5   Thumb Code    72  sapp.o(.text)
    SHZNAPP_SerialAppProc                    0x0801694d   Thumb Code   214  sapp.o(.text)
    SHZNAPP_SerialBootProc                   0x08016a23   Thumb Code   238  sapp.o(.text)
    SHZNAPP_SerialUnknowProc                 0x08016b11   Thumb Code    48  sapp.o(.text)
    SHZNAPP_SerialResp                       0x08016b41   Thumb Code    84  sapp.o(.text)
    SHZNAPP_SerialParse                      0x08016b95   Thumb Code   212  sapp.o(.text)
    SHZNAPP_CanParse                         0x08016c69   Thumb Code   214  sapp.o(.text)
    SHZNAPP_SetTgtType                       0x08016d3f   Thumb Code     6  sapp.o(.text)
    SHZNAPP_SerialInit                       0x08016d45   Thumb Code    26  sapp.o(.text)
    CPU_IntDis                               0x08016d85   Thumb Code     0  cpu_a.o(.text)
    CPU_IntEn                                0x08016d89   Thumb Code     0  cpu_a.o(.text)
    CPU_SR_Save                              0x08016d8d   Thumb Code     0  cpu_a.o(.text)
    CPU_SR_Restore                           0x08016d95   Thumb Code     0  cpu_a.o(.text)
    CPU_EN_VFP                               0x08016d9b   Thumb Code     0  cpu_a.o(.text)
    OS_CPU_SR_Save                           0x08016dad   Thumb Code     0  os_cpu_a.o(.text)
    OS_CPU_SR_Restore                        0x08016db5   Thumb Code     0  os_cpu_a.o(.text)
    OSStartHighRdy                           0x08016dbb   Thumb Code     0  os_cpu_a.o(.text)
    OSCtxSw                                  0x08016ddb   Thumb Code     0  os_cpu_a.o(.text)
    OSIntCtxSw                               0x08016de5   Thumb Code     0  os_cpu_a.o(.text)
    PendSV_Handler                           0x08016def   Thumb Code     0  os_cpu_a.o(.text)
    OS_StrCopy                               0x08016e65   Thumb Code    28  os_core.o(.text)
    OSEventNameGet                           0x08016e81   Thumb Code   126  os_core.o(.text)
    OS_StrLen                                0x08016eff   Thumb Code    20  os_core.o(.text)
    OSEventNameSet                           0x08016f13   Thumb Code   140  os_core.o(.text)
    OS_TaskIdle                              0x08016f9f   Thumb Code    32  os_core.o(.text)
    OS_MemClr                                0x08016ff5   Thumb Code    18  os_core.o(.text)
    OSInit                                   0x080170f3   Thumb Code    44  os_core.o(.text)
    OSIntEnter                               0x0801711f   Thumb Code    28  os_core.o(.text)
    OSIntExit                                0x08017161   Thumb Code   100  os_core.o(.text)
    OSSchedLock                              0x080171c5   Thumb Code    50  os_core.o(.text)
    OS_Sched                                 0x080171f7   Thumb Code    74  os_core.o(.text)
    OSSchedUnlock                            0x08017241   Thumb Code   192  os_core.o(.text)
    OSStart                                  0x08017301   Thumb Code    48  os_core.o(.text)
    OSTimeTick                               0x08017331   Thumb Code   158  os_core.o(.text)
    OSVersion                                0x080173cf   Thumb Code     6  os_core.o(.text)
    OS_Dummy                                 0x080173d5   Thumb Code     2  os_core.o(.text)
    OS_EventTaskRdy                          0x080173d7   Thumb Code   202  os_core.o(.text)
    OS_EventTaskWait                         0x080174a1   Thumb Code   112  os_core.o(.text)
    OS_EventTOAbort                          0x08017511   Thumb Code    76  os_core.o(.text)
    OS_EventWaitListInit                     0x0801755d   Thumb Code    28  os_core.o(.text)
    OS_MemCopy                               0x08017579   Thumb Code    20  os_core.o(.text)
    OS_TaskStatStkChk                        0x0801758d   Thumb Code    54  os_core.o(.text)
    OS_TCBInit                               0x080175c3   Thumb Code   260  os_core.o(.text)
    OSMboxAccept                             0x080176fd   Thumb Code    44  os_mbox.o(.text)
    OSMboxCreate                             0x08017729   Thumb Code    78  os_mbox.o(.text)
    OSMboxDel                                0x08017777   Thumb Code   236  os_mbox.o(.text)
    OSMboxPend                               0x08017863   Thumb Code   268  os_mbox.o(.text)
    OSMboxPendAbort                          0x0801796f   Thumb Code   144  os_mbox.o(.text)
    OSMboxPost                               0x080179ff   Thumb Code    92  os_mbox.o(.text)
    OSMboxPostOpt                            0x08017a5b   Thumb Code   132  os_mbox.o(.text)
    OSMboxQuery                              0x08017adf   Thumb Code   104  os_mbox.o(.text)
    OSTaskChangePrio                         0x08017b49   Thumb Code   340  os_task.o(.text)
    OSTaskCreate                             0x08017c9d   Thumb Code   158  os_task.o(.text)
    OS_TaskStkClr                            0x08017d3b   Thumb Code    26  os_task.o(.text)
    OSTaskCreateExt                          0x08017d55   Thumb Code   180  os_task.o(.text)
    OSTaskDel                                0x08017e09   Thumb Code   388  os_task.o(.text)
    OSTaskDelReq                             0x08017f8d   Thumb Code   112  os_task.o(.text)
    OSTaskNameGet                            0x08017ffd   Thumb Code   148  os_task.o(.text)
    OSTaskNameSet                            0x08018091   Thumb Code   160  os_task.o(.text)
    OSTaskResume                             0x08018131   Thumb Code   162  os_task.o(.text)
    OSTaskStkChk                             0x080181d3   Thumb Code   150  os_task.o(.text)
    OSTaskSuspend                            0x08018269   Thumb Code   172  os_task.o(.text)
    OSTaskQuery                              0x08018315   Thumb Code   100  os_task.o(.text)
    OSTimeDly                                0x08018391   Thumb Code    96  os_time.o(.text)
    OSTimeDlyHMSM                            0x080183f1   Thumb Code   160  os_time.o(.text)
    OSTimeDlyResume                          0x08018491   Thumb Code   168  os_time.o(.text)
    OSTimeGet                                0x08018539   Thumb Code    24  os_time.o(.text)
    OSTimeSet                                0x08018551   Thumb Code    24  os_time.o(.text)
    stm32_gpio_cfgpin                        0x080186bf   Thumb Code    48  gpio.o(.text)
    stm32_gpio_getcfg                        0x080186ef   Thumb Code    40  gpio.o(.text)
    stm32_gpio_get_value                     0x08018717   Thumb Code    30  gpio.o(.text)
    stm32_gpio_set_value                     0x08018735   Thumb Code    30  gpio.o(.text)
    stm32_gpio_toggle_value                  0x08018753   Thumb Code    26  gpio.o(.text)
    stm32_gpio_cfg_irq                       0x0801876d   Thumb Code   128  gpio.o(.text)
    stm32_gpio_disable_irq                   0x080187ed   Thumb Code    36  gpio.o(.text)
    stm32_gpio_get_ext_state                 0x08018811   Thumb Code    38  gpio.o(.text)
    stm32_gpio_get_ext_line                  0x08018837   Thumb Code    18  gpio.o(.text)
    CheckSensor                              0x08018849   Thumb Code    30  gpio.o(.text)
    InstallSensorHandler                     0x08018867   Thumb Code   204  gpio.o(.text)
    UninstallSensorHandler                   0x08018933   Thumb Code    56  gpio.o(.text)
    UninstallSingleSensorHandler             0x0801896b   Thumb Code   110  gpio.o(.text)
    sensor_event_handler                     0x080189d9   Thumb Code   162  gpio.o(.text)
    stm32_gpio_init                          0x08018a7b   Thumb Code    34  gpio.o(.text)
    keyboard_get_keystate                    0x08018a9d   Thumb Code    36  keyboard.o(.text)
    keyboard_get_linestate                   0x08018ac1   Thumb Code     6  keyboard.o(.text)
    KeyboardInit                             0x08018ac7   Thumb Code    24  keyboard.o(.text)
    keyboard_report                          0x08018adf   Thumb Code    32  keyboard.o(.text)
    keyboard_to                              0x08018aff   Thumb Code    54  keyboard.o(.text)
    keyboard_sh                              0x08018b35   Thumb Code    94  keyboard.o(.text)
    RegisterKey                              0x08018b93   Thumb Code   176  keyboard.o(.text)
    UnregisterKey                            0x08018c43   Thumb Code   110  keyboard.o(.text)
    InitMem                                  0x08018cbd   Thumb Code   158  memory.o(.text)
    AllocMem                                 0x08018d5b   Thumb Code   138  memory.o(.text)
    FreeMem                                  0x08018de5   Thumb Code    70  memory.o(.text)
    MemCheck                                 0x08018e2b   Thumb Code     2  memory.o(.text)
    MessageQueueFull                         0x08018e3d   Thumb Code    36  msg.o(.text)
    MessageQueueEmpty                        0x08018e61   Thumb Code    18  msg.o(.text)
    MessageQueueInit                         0x08018e73   Thumb Code    44  msg.o(.text)
    createMessageQueue                       0x08018e9f   Thumb Code    90  msg.o(.text)
    queueMessage                             0x08018ef9   Thumb Code    72  msg.o(.text)
    waitMessage                              0x08018f41   Thumb Code    80  msg.o(.text)
    MessageQueueDestroy                      0x08018f91   Thumb Code    56  msg.o(.text)
    MessageAlloc                             0x08018fc9   Thumb Code    42  msg.o(.text)
    MessageFree                              0x08018ff3   Thumb Code    18  msg.o(.text)
    MessageSend                              0x08019005   Thumb Code    74  msg.o(.text)
    VOS_TaskInit                             0x0801905d   Thumb Code    18  task.o(.text)
    VOS_TaskEntry                            0x0801906f   Thumb Code    30  task.o(.text)
    VOS_CreateTask                           0x0801908d   Thumb Code   168  task.o(.text)
    VOS_DestroyTask                          0x08019135   Thumb Code    50  task.o(.text)
    VOS_GetTaskByPid                         0x08019167   Thumb Code    26  task.o(.text)
    VOS_GetTaskQueueByPid                    0x08019181   Thumb Code    44  task.o(.text)
    halGetTick                               0x080191b5   Thumb Code     6  timer.o(.text)
    InitTimer                                0x080191bb   Thumb Code    20  timer.o(.text)
    FreeTimerSlot                            0x080191cf   Thumb Code    10  timer.o(.text)
    RmvTimer                                 0x080191d9   Thumb Code    30  timer.o(.text)
    CheckTimer                               0x080191f7   Thumb Code    24  timer.o(.text)
    ModTimer                                 0x0801920f   Thumb Code    84  timer.o(.text)
    AddTimer                                 0x08019263   Thumb Code   130  timer.o(.text)
    TimerProc                                0x080192e5   Thumb Code   150  timer.o(.text)
    VOS_logger                               0x08019389   Thumb Code    64  voslog.o(.text)
    VOS_SetLogLevel                          0x080193c9   Thumb Code    18  voslog.o(.text)
    sys_arch_timeouts                        0x0801940d   Thumb Code     4  system_time.o(.text)
    __system_untimeout                       0x08019411   Thumb Code    68  system_time.o(.text)
    system_untimeout                         0x08019455   Thumb Code    30  system_time.o(.text)
    __system_timeout                         0x08019473   Thumb Code   108  system_time.o(.text)
    system_timeout                           0x080194df   Thumb Code    64  system_time.o(.text)
    system_time_match                        0x0801951f   Thumb Code    40  system_time.o(.text)
    system_time_ticking                      0x08019547   Thumb Code    30  system_time.o(.text)
    system_time_proc                         0x08019565   Thumb Code    96  system_time.o(.text)
    system_inittime                          0x080195c5   Thumb Code     8  system_time.o(.text)
    Att_value_split_list                     0x080195f5   Thumb Code    86  help.o(.text)
    Att_value_split                          0x0801964b   Thumb Code    50  help.o(.text)
    Att_value_count                          0x0801967d   Thumb Code    46  help.o(.text)
    Att_value_replace                        0x080196ab   Thumb Code    50  help.o(.text)
    att_helper_trim                          0x080196dd   Thumb Code    78  help.o(.text)
    Att_value_parse                          0x0801972b   Thumb Code    62  help.o(.text)
    Att_latof                                0x08019769   Thumb Code   380  help.o(.text)
    Att_latoi                                0x080198e5   Thumb Code    92  help.o(.text)
    Att_latodate                             0x08019941   Thumb Code   280  help.o(.text)
    ADC_DMA_Configuration                    0x08019a59   Thumb Code   288  adc_driver.o(.text)
    SysTick_Configuration                    0x08019ba9   Thumb Code   100  bsp.o(.text)
    BSP_Init                                 0x08019c0d   Thumb Code    52  bsp.o(.text)
    BSP_IntDisAll                            0x08019c41   Thumb Code     2  bsp.o(.text)
    SysTick_DelayUs                          0x08019c43   Thumb Code    84  bsp.o(.text)
    SysTick_DelayMs                          0x08019c97   Thumb Code    54  bsp.o(.text)
    STM_EVAL_CANInit                         0x08019ce5   Thumb Code   244  can_driver.o(.text)
    CANSendMsgNoWait                         0x08019dd9   Thumb Code   112  can_driver.o(.text)
    STM32_CANSendMsgNoWait                   0x08019e49   Thumb Code   136  can_driver.o(.text)
    hal_SPI2_CS_LOW                          0x08019f09   Thumb Code     2  hal_spi_driver.o(.text)
    hal_SPI2_CS_HIGH                         0x08019f0b   Thumb Code     2  hal_spi_driver.o(.text)
    hal_SPI2_LowLevel_DeInit                 0x08019f0d   Thumb Code    76  hal_spi_driver.o(.text)
    hal_SPI2_LowLevel_Init                   0x08019f59   Thumb Code   112  hal_spi_driver.o(.text)
    hal_SPI2_DeInit                          0x08019fc9   Thumb Code     8  hal_spi_driver.o(.text)
    hal_SPI2_SendByte                        0x08019fd1   Thumb Code    50  hal_spi_driver.o(.text)
    hal_SPI2_ReadByte                        0x0801a003   Thumb Code    10  hal_spi_driver.o(.text)
    hal_SPI2_State                           0x0801a00d   Thumb Code    12  hal_spi_driver.o(.text)
    hal_SPI2_GetDin                          0x0801a019   Thumb Code     4  hal_spi_driver.o(.text)
    hal_SPI2_Init                            0x0801a01d   Thumb Code    92  hal_spi_driver.o(.text)
    hal_SPI1_LowLevel_DeInit                 0x0801a079   Thumb Code    70  hal_spi_driver.o(.text)
    hal_SPI1_LowLevel_Init                   0x0801a0bf   Thumb Code   106  hal_spi_driver.o(.text)
    hal_SPI1_DeInit                          0x0801a129   Thumb Code     8  hal_spi_driver.o(.text)
    hal_SPI1_SendByte                        0x0801a131   Thumb Code    50  hal_spi_driver.o(.text)
    hal_SPI1_CS_LOW                          0x0801a163   Thumb Code     2  hal_spi_driver.o(.text)
    hal_SPI1_CS_HIGH                         0x0801a165   Thumb Code     2  hal_spi_driver.o(.text)
    hal_SPI1_ReadByte                        0x0801a167   Thumb Code    10  hal_spi_driver.o(.text)
    hal_SPI1_State                           0x0801a171   Thumb Code    12  hal_spi_driver.o(.text)
    hal_SPI1_GetDin                          0x0801a17d   Thumb Code     4  hal_spi_driver.o(.text)
    hal_SPI1_Init                            0x0801a181   Thumb Code    92  hal_spi_driver.o(.text)
    hal_spi_Init                             0x0801a1dd   Thumb Code   132  hal_spi_driver.o(.text)
    osal_snv_reset                           0x0801a689   Thumb Code    44  osal_snv.o(.text)
    osal_snv_init                            0x0801a6b5   Thumb Code    20  osal_snv.o(.text)
    osal_snv_write                           0x0801a6c9   Thumb Code   180  osal_snv.o(.text)
    osal_snv_read                            0x0801a77d   Thumb Code    52  osal_snv.o(.text)
    osal_snv_compact                         0x0801a7b1   Thumb Code    56  osal_snv.o(.text)
    STM_EVAL_COMInit                         0x0801a7f5   Thumb Code   202  serial_driver.o(.text)
    TIM_Init_CMP                             0x0801a8ed   Thumb Code   278  timer_driver.o(.text)
    TIM_Init_PWM                             0x0801aa03   Thumb Code   710  timer_driver.o(.text)
    TIM_PwmStart                             0x0801acc9   Thumb Code    68  timer_driver.o(.text)
    TIM_PwmStop                              0x0801ad0d   Thumb Code    32  timer_driver.o(.text)
    TIM_Init_General                         0x0801ad2d   Thumb Code   256  timer_driver.o(.text)
    TIM_Init_ETR                             0x0801ae2d   Thumb Code   550  timer_driver.o(.text)
    TIM_SwitchOuputMode                      0x0801b053   Thumb Code    38  timer_driver.o(.text)
    TIM_InstallHandler                       0x0801b079   Thumb Code    72  timer_driver.o(.text)
    TIM_UninstallHandler                     0x0801b0c1   Thumb Code    80  timer_driver.o(.text)
    TIM_event_handler                        0x0801b111   Thumb Code    54  timer_driver.o(.text)
    FLASH_PagesMask                          0x0801b14d   Thumb Code     4  common.o(.text)
    FLASH_DisableWriteProtectionPages        0x0801b151   Thumb Code     2  common.o(.text)
    FLASH_Prepare                            0x0801b153   Thumb Code     2  common.o(.text)
    HAL_SYSTEM_RESET                         0x0801b155   Thumb Code    34  common.o(.text)
    checkRC                                  0x0801b177   Thumb Code    22  common.o(.text)
    GetDeviceElecId                          0x0801b18d   Thumb Code    32  common.o(.text)
    CmpDeviceElecId                          0x0801b1ad   Thumb Code    42  common.o(.text)
    HashDeviceElecId                         0x0801b1d7   Thumb Code    26  common.o(.text)
    Flash_IsProtected                        0x0801b1f1   Thumb Code    14  common.o(.text)
    IWDG_Init                                0x0801b219   Thumb Code    52  iwdg_driver.o(.text)
    IWDG_Feed                                0x0801b24d   Thumb Code     8  iwdg_driver.o(.text)
    IWDG_Stop                                0x0801b255   Thumb Code    10  iwdg_driver.o(.text)
    IWDG_Start                               0x0801b25f   Thumb Code    22  iwdg_driver.o(.text)
    App_TaskCreateHook                       0x0801b275   Thumb Code     2  os_cpu_c.o(.text)
    App_TaskDelHook                          0x0801b277   Thumb Code     2  os_cpu_c.o(.text)
    App_TaskStatHook                         0x0801b27b   Thumb Code     2  os_cpu_c.o(.text)
    App_TaskSwHook                           0x0801b27d   Thumb Code     2  os_cpu_c.o(.text)
    App_TCBInitHook                          0x0801b27f   Thumb Code     2  os_cpu_c.o(.text)
    OSInitHookBegin                          0x0801b283   Thumb Code     2  os_cpu_c.o(.text)
    OSInitHookEnd                            0x0801b285   Thumb Code     2  os_cpu_c.o(.text)
    OSTaskCreateHook                         0x0801b287   Thumb Code    12  os_cpu_c.o(.text)
    OSTaskDelHook                            0x0801b293   Thumb Code    12  os_cpu_c.o(.text)
    OSTaskIdleHook                           0x0801b29f   Thumb Code     8  os_cpu_c.o(.text)
    OSTaskStatHook                           0x0801b2a7   Thumb Code     8  os_cpu_c.o(.text)
    OSTaskStkInit                            0x0801b2af   Thumb Code   492  os_cpu_c.o(.text)
    OSTaskSwHook                             0x0801b49b   Thumb Code     8  os_cpu_c.o(.text)
    OSTCBInitHook                            0x0801b4a3   Thumb Code    12  os_cpu_c.o(.text)
    OSTimeTickHook                           0x0801b4af   Thumb Code     8  os_cpu_c.o(.text)
    OSFlagAccept                             0x0801b4b9   Thumb Code   268  os_flag.o(.text)
    OSFlagCreate                             0x0801b5c5   Thumb Code    98  os_flag.o(.text)
    OS_FlagUnlink                            0x0801b627   Thumb Code    36  os_flag.o(.text)
    OSFlagDel                                0x0801b69d   Thumb Code   240  os_flag.o(.text)
    OSFlagNameGet                            0x0801b78d   Thumb Code   108  os_flag.o(.text)
    OSFlagNameSet                            0x0801b7f9   Thumb Code   122  os_flag.o(.text)
    OSFlagPend                               0x0801b90b   Thumb Code   628  os_flag.o(.text)
    OSFlagPendGetFlagsRdy                    0x0801bb7f   Thumb Code    26  os_flag.o(.text)
    OSFlagPost                               0x0801bb99   Thumb Code   326  os_flag.o(.text)
    OSFlagQuery                              0x0801bcdf   Thumb Code    64  os_flag.o(.text)
    OS_FlagInit                              0x0801bd1f   Thumb Code    68  os_flag.o(.text)
    OSMemCreate                              0x0801bd71   Thumb Code   166  os_mem.o(.text)
    OSMemGet                                 0x0801be17   Thumb Code    78  os_mem.o(.text)
    OSMemNameGet                             0x0801be65   Thumb Code    88  os_mem.o(.text)
    OSMemNameSet                             0x0801bebd   Thumb Code   104  os_mem.o(.text)
    OSMemPut                                 0x0801bf25   Thumb Code    66  os_mem.o(.text)
    OSMemQuery                               0x0801bf67   Thumb Code    64  os_mem.o(.text)
    OS_MemInit                               0x0801bfa7   Thumb Code    68  os_mem.o(.text)
    OSQAccept                                0x0801bff9   Thumb Code   106  os_q.o(.text)
    OSQCreate                                0x0801c063   Thumb Code   150  os_q.o(.text)
    OSQDel                                   0x0801c0f9   Thumb Code   270  os_q.o(.text)
    OSQFlush                                 0x0801c207   Thumb Code    52  os_q.o(.text)
    OSQPend                                  0x0801c23b   Thumb Code   296  os_q.o(.text)
    OSQPendAbort                             0x0801c363   Thumb Code   144  os_q.o(.text)
    OSQPost                                  0x0801c3f3   Thumb Code   142  os_q.o(.text)
    OSQPostFront                             0x0801c481   Thumb Code   122  os_q.o(.text)
    OSQPostOpt                               0x0801c4fb   Thumb Code   188  os_q.o(.text)
    OSQQuery                                 0x0801c5b7   Thumb Code   112  os_q.o(.text)
    OS_QInit                                 0x0801c627   Thumb Code    46  os_q.o(.text)
    VOS_CreateSem                            0x0801c65d   Thumb Code    26  vos.o(.text)
    VOS_SemP                                 0x0801c677   Thumb Code    24  vos.o(.text)
    VOS_SemV                                 0x0801c68f   Thumb Code    30  vos.o(.text)
    VOS_DestroySem                           0x0801c6ad   Thumb Code    20  vos.o(.text)
    Version_CopyrightPins                    0x0801c6c1   Thumb Code    60  version.o(.text)
    Version_Copyright                        0x0801c6fd   Thumb Code     8  version.o(.text)
    halAssertHandler                         0x0801c709   Thumb Code     4  hal_assert.o(.text)
    halAssertHazardLights                    0x0801c70d   Thumb Code     2  hal_assert.o(.text)
    HalFlashRead                             0x0801c711   Thumb Code    58  hal_flash.o(.text)
    HalFlashWrite                            0x0801c74b   Thumb Code    80  hal_flash.o(.text)
    HalFlashWritePage                        0x0801c79b   Thumb Code   258  hal_flash.o(.text)
    HalFlashErase                            0x0801c89d   Thumb Code    46  hal_flash.o(.text)
    HalFlashErasePage                        0x0801c8cb   Thumb Code    30  hal_flash.o(.text)
    HalFlashGetSector                        0x0801c8e9   Thumb Code   134  hal_flash.o(.text)
    HalFlashGetSize                          0x0801c96f   Thumb Code    50  hal_flash.o(.text)
    HalFlashCheckPage                        0x0801c9a1   Thumb Code   136  hal_flash.o(.text)
    HalGetPageAddress                        0x0801ca29   Thumb Code    26  hal_flash.o(.text)
    RTC_InitBackupRegister                   0x0801ca8d   Thumb Code    26  rtc_driver.o(.text)
    RTC_ReadBackup                           0x0801caa7   Thumb Code    98  rtc_driver.o(.text)
    RTC_WriteBackup                          0x0801cb09   Thumb Code   106  rtc_driver.o(.text)
    RTC_Get_Week                             0x0801cb73   Thumb Code   116  rtc_driver.o(.text)
    RTC_Set_Date                             0x0801cbe7   Thumb Code    36  rtc_driver.o(.text)
    RTC_Set_Time                             0x0801cc0b   Thumb Code    36  rtc_driver.o(.text)
    Is_Leap_Year                             0x0801cc2f   Thumb Code    58  rtc_driver.o(.text)
    RTC_Set                                  0x0801cc69   Thumb Code   172  rtc_driver.o(.text)
    RTC_Config                               0x0801cd15   Thumb Code   184  rtc_driver.o(.text)
    RTC_Calc_Second                          0x0801cdcd   Thumb Code   154  rtc_driver.o(.text)
    RTC_Get_Helper                           0x0801ce67   Thumb Code   264  rtc_driver.o(.text)
    RTC_Get_Second                           0x0801cf6f   Thumb Code    58  rtc_driver.o(.text)
    RTC_Get                                  0x0801cfa9   Thumb Code    22  rtc_driver.o(.text)
    RTC_Get_ShortSecond                      0x0801cfbf   Thumb Code    50  rtc_driver.o(.text)
    CopyRight_Init                           0x0801cffd   Thumb Code    26  copyright.o(.text)
    CopyRight_return_type                    0x0801d053   Thumb Code    80  copyright.o(.text)
    CopyRight_VersionCheck                   0x0801d0a3   Thumb Code    14  copyright.o(.text)
    OSSemAccept                              0x0801d0b9   Thumb Code    50  os_sem.o(.text)
    OSSemCreate                              0x0801d0eb   Thumb Code    78  os_sem.o(.text)
    OSSemDel                                 0x0801d139   Thumb Code   236  os_sem.o(.text)
    OSSemPend                                0x0801d225   Thumb Code   234  os_sem.o(.text)
    OSSemPendAbort                           0x0801d30f   Thumb Code   144  os_sem.o(.text)
    OSSemPost                                0x0801d39f   Thumb Code    94  os_sem.o(.text)
    OSSemQuery                               0x0801d3fd   Thumb Code    94  os_sem.o(.text)
    OSSemSet                                 0x0801d45b   Thumb Code    80  os_sem.o(.text)
    rand                                     0x0801d4bd   Thumb Code    20  rand.o(.text)
    srand                                    0x0801d4d1   Thumb Code     6  rand.o(.text)
    __aeabi_memcpy                           0x0801d4e1   Thumb Code    36  memcpya.o(.text)
    __aeabi_memcpy4                          0x0801d4e1   Thumb Code     0  memcpya.o(.text)
    __aeabi_memcpy8                          0x0801d4e1   Thumb Code     0  memcpya.o(.text)
    __aeabi_memset                           0x0801d505   Thumb Code    14  memseta.o(.text)
    __aeabi_memset4                          0x0801d505   Thumb Code     0  memseta.o(.text)
    __aeabi_memset8                          0x0801d505   Thumb Code     0  memseta.o(.text)
    __aeabi_memclr                           0x0801d513   Thumb Code     4  memseta.o(.text)
    __aeabi_memclr4                          0x0801d513   Thumb Code     0  memseta.o(.text)
    __aeabi_memclr8                          0x0801d513   Thumb Code     0  memseta.o(.text)
    _memset$wrapper                          0x0801d517   Thumb Code    18  memseta.o(.text)
    strchr                                   0x0801d529   Thumb Code    20  strchr.o(.text)
    strlen                                   0x0801d53d   Thumb Code    14  strlen.o(.text)
    strcmp                                   0x0801d54b   Thumb Code    28  strcmp.o(.text)
    memcmp                                   0x0801d567   Thumb Code    26  memcmp.o(.text)
    strcpy                                   0x0801d581   Thumb Code    18  strcpy.o(.text)
    strncmp                                  0x0801d593   Thumb Code    30  strncmp.o(.text)
    atoi                                     0x0801d5b1   Thumb Code    26  atoi.o(.text)
    __aeabi_dadd                             0x0801d5cb   Thumb Code   322  dadd.o(.text)
    __aeabi_dsub                             0x0801d70d   Thumb Code     6  dadd.o(.text)
    __aeabi_drsub                            0x0801d713   Thumb Code     6  dadd.o(.text)
    __aeabi_dmul                             0x0801d719   Thumb Code   228  dmul.o(.text)
    __aeabi_i2d                              0x0801d7fd   Thumb Code    34  dflti.o(.text)
    __aeabi_f2d                              0x0801d81f   Thumb Code    38  f2d.o(.text)
    __aeabi_d2f                              0x0801d845   Thumb Code    56  d2f.o(.text)
    __aeabi_uidiv                            0x0801d87d   Thumb Code     0  uidiv.o(.text)
    __aeabi_uidivmod                         0x0801d87d   Thumb Code    44  uidiv.o(.text)
    __aeabi_uldivmod                         0x0801d8a9   Thumb Code    98  uldiv.o(.text)
    __aeabi_llsl                             0x0801d90b   Thumb Code    30  llshl.o(.text)
    _ll_shift_l                              0x0801d90b   Thumb Code     0  llshl.o(.text)
    __aeabi_lasr                             0x0801d929   Thumb Code    36  llsshr.o(.text)
    _ll_sshift_r                             0x0801d929   Thumb Code     0  llsshr.o(.text)
    strtol                                   0x0801d94d   Thumb Code   112  strtol.o(.text)
    __I$use$fp                               0x0801d9bd   Thumb Code     0  iusefp.o(.text)
    _float_round                             0x0801d9bd   Thumb Code    18  fepilogue.o(.text)
    _float_epilogue                          0x0801d9cf   Thumb Code    92  fepilogue.o(.text)
    _double_round                            0x0801da2b   Thumb Code    30  depilogue.o(.text)
    _double_epilogue                         0x0801da49   Thumb Code   156  depilogue.o(.text)
    __aeabi_ddiv                             0x0801dae5   Thumb Code   222  ddiv.o(.text)
    __aeabi_d2ulz                            0x0801dbc3   Thumb Code    48  dfixul.o(.text)
    __aeabi_cdrcmple                         0x0801dbf5   Thumb Code    48  cdrcmple.o(.text)
    __scatterload                            0x0801dc25   Thumb Code    28  init.o(.text)
    __scatterload_rt2                        0x0801dc25   Thumb Code     0  init.o(.text)
    __aeabi_llsr                             0x0801dc49   Thumb Code    32  llushr.o(.text)
    _ll_ushift_r                             0x0801dc49   Thumb Code     0  llushr.o(.text)
    __rt_ctype_table                         0x0801dc69   Thumb Code     4  ctype_o.o(.text)
    _strtoul                                 0x0801dc71   Thumb Code   158  _strtoul.o(.text)
    _chval                                   0x0801dd0f   Thumb Code    28  _chval.o(.text)
    __decompress                             0x0801dd2b   Thumb Code     0  __dczerorl2.o(.text)
    __decompress1                            0x0801dd2b   Thumb Code    86  __dczerorl2.o(.text)
    __0printf                                0x0801dd81   Thumb Code    22  printfa.o(i.__0printf)
    __1printf                                0x0801dd81   Thumb Code     0  printfa.o(i.__0printf)
    __2printf                                0x0801dd81   Thumb Code     0  printfa.o(i.__0printf)
    __c89printf                              0x0801dd81   Thumb Code     0  printfa.o(i.__0printf)
    printf                                   0x0801dd81   Thumb Code     0  printfa.o(i.__0printf)
    __0sprintf                               0x0801dda1   Thumb Code    34  printfa.o(i.__0sprintf)
    __1sprintf                               0x0801dda1   Thumb Code     0  printfa.o(i.__0sprintf)
    __2sprintf                               0x0801dda1   Thumb Code     0  printfa.o(i.__0sprintf)
    __c89sprintf                             0x0801dda1   Thumb Code     0  printfa.o(i.__0sprintf)
    sprintf                                  0x0801dda1   Thumb Code     0  printfa.o(i.__0sprintf)
    __0vprintf                               0x0801ddc9   Thumb Code     8  printfa.o(i.__0vprintf)
    __1vprintf                               0x0801ddc9   Thumb Code     0  printfa.o(i.__0vprintf)
    __2vprintf                               0x0801ddc9   Thumb Code     0  printfa.o(i.__0vprintf)
    __c89vprintf                             0x0801ddc9   Thumb Code     0  printfa.o(i.__0vprintf)
    vprintf                                  0x0801ddc9   Thumb Code     0  printfa.o(i.__0vprintf)
    __0vsprintf                              0x0801ddd9   Thumb Code    30  printfa.o(i.__0vsprintf)
    __1vsprintf                              0x0801ddd9   Thumb Code     0  printfa.o(i.__0vsprintf)
    __2vsprintf                              0x0801ddd9   Thumb Code     0  printfa.o(i.__0vsprintf)
    __c89vsprintf                            0x0801ddd9   Thumb Code     0  printfa.o(i.__0vsprintf)
    vsprintf                                 0x0801ddd9   Thumb Code     0  printfa.o(i.__0vsprintf)
    __aeabi_errno_addr                       0x0801ddfd   Thumb Code     4  errno.o(i.__aeabi_errno_addr)
    __rt_errno_addr                          0x0801ddfd   Thumb Code     0  errno.o(i.__aeabi_errno_addr)
    __scatterload_copy                       0x0801de05   Thumb Code    14  handlers.o(i.__scatterload_copy)
    __scatterload_null                       0x0801de13   Thumb Code     2  handlers.o(i.__scatterload_null)
    __scatterload_zeroinit                   0x0801de15   Thumb Code    14  handlers.o(i.__scatterload_zeroinit)
    inputs                                   0x0801e6e0   Data           3  dica.o(.constdata)
    relays                                   0x0801e6e3   Data          16  relay.o(.constdata)
    aRelayDefaults                           0x0801e6f3   Data          16  relay.o(.constdata)
    DataStr                                  0x0801e703   Data          12  config.o(.constdata)
    TimeStr                                  0x0801e70f   Data           9  config.o(.constdata)
    version                                  0x0801e718   Data          19  config.o(.constdata)
    dtype                                    0x0801e72b   Data           9  config.o(.constdata)
    Serial_DataBits                          0x0801e734   Data           4  serial.o(.constdata)
    Serial_StopBits                          0x0801e738   Data           6  serial.o(.constdata)
    Serial_Parity                            0x0801e73e   Data           6  serial.o(.constdata)
    sbRxBuf                                  0x0801e770   Data           4  sapp.o(.constdata)
    sbTxBuf                                  0x0801e774   Data           4  sapp.o(.constdata)
    OSUnMapTbl                               0x0801e778   Data         256  os_core.o(.constdata)
    CAN_CLK                                  0x0801e878   Data           4  can_driver.o(.constdata)
    CAN_TX_PORT_CLK                          0x0801e87c   Data           4  can_driver.o(.constdata)
    CAN_RX_PORT_CLK                          0x0801e880   Data           4  can_driver.o(.constdata)
    CAN_TX_PIN                               0x0801e884   Data           2  can_driver.o(.constdata)
    CAN_TX_SRC                               0x0801e886   Data           2  can_driver.o(.constdata)
    CAN_RX_PIN                               0x0801e888   Data           2  can_driver.o(.constdata)
    CAN_RX_SRC                               0x0801e88a   Data           2  can_driver.o(.constdata)
    CAN_CAN_AF                               0x0801e88c   Data           2  can_driver.o(.constdata)
    COM_USART                                0x0801e890   Data          24  serial_driver.o(.constdata)
    COM_TX_PORT                              0x0801e8a8   Data          24  serial_driver.o(.constdata)
    COM_RX_PORT                              0x0801e8c0   Data          24  serial_driver.o(.constdata)
    COM_USART_CLK                            0x0801e8d8   Data          24  serial_driver.o(.constdata)
    COM_TX_PORT_CLK                          0x0801e8f0   Data          24  serial_driver.o(.constdata)
    COM_RX_PORT_CLK                          0x0801e908   Data          24  serial_driver.o(.constdata)
    COM_TX_PIN                               0x0801e920   Data          12  serial_driver.o(.constdata)
    COM_TX_SRC                               0x0801e92c   Data          12  serial_driver.o(.constdata)
    COM_RX_PIN                               0x0801e938   Data          12  serial_driver.o(.constdata)
    COM_RX_SRC                               0x0801e944   Data          12  serial_driver.o(.constdata)
    COM_IRQn                                 0x0801e950   Data          12  serial_driver.o(.constdata)
    COM_AF                                   0x0801e95c   Data          12  serial_driver.o(.constdata)
    TIMER_IRQ                                0x0801e968   Data           8  timer_driver.o(.constdata)
    TIMER_IRQ_UP                             0x0801e970   Data           8  timer_driver.o(.constdata)
    TIMER_CLK                                0x0801e978   Data          16  timer_driver.o(.constdata)
    BackupRegs                               0x0801e998   Data          19  rtc_driver.o(.constdata)
    table_week                               0x0801e9ab   Data          12  rtc_driver.o(.constdata)
    mon_table                                0x0801e9b7   Data          12  rtc_driver.o(.constdata)
    __ctype_table                            0x0801e9c3   Data         129  ctype_o.o(.constdata)
    Region$$Table$$Base                      0x0801ea6c   Number         0  anon$$obj.o(Region$$Table)
    Region$$Table$$Limit                     0x0801ea8c   Number         0  anon$$obj.o(Region$$Table)
    gulSecond                                0x20000000   Data           4  main.o(.data)
    SystemCoreClock                          0x20000004   Data           4  system_stm32f4xx.o(.data)
    AHBPrescTable                            0x20000008   Data          16  system_stm32f4xx.o(.data)
    Ioctrl_input_last_report_key_status      0x20000018   Data           2  dica.o(.data)
    Ioctrl_input_last_key_status             0x2000001a   Data           2  dica.o(.data)
    Ioctrl_input_current_state               0x2000001c   Data           2  dica.o(.data)
    Ioctrl_input_last_state                  0x2000001e   Data           2  dica.o(.data)
    Ioctrl_input_key_delta                   0x20000020   Data           2  dica.o(.data)
    Ioctrl_input_key_change                  0x20000022   Data           2  dica.o(.data)
    Ioctrl_input_key                         0x20000024   Data           2  dica.o(.data)
    ucSndbufAllocMask                        0x2000002c   Data           1  cancmd.o(.data)
    ucSndBufFront                            0x2000002d   Data           1  cancmd.o(.data)
    ucSndBufRear                             0x2000002e   Data           1  cancmd.o(.data)
    aSndBufQueue                             0x2000002f   Data           8  cancmd.o(.data)
    ucCanOutFlag                             0x20000037   Data           1  cancmd.o(.data)
    ucCanBusySecond                          0x20000038   Data           1  cancmd.o(.data)
    CanAddress                               0x2000003a   Data           2  cancmd.o(.data)
    CanHashAddr                              0x2000003c   Data           2  cancmd.o(.data)
    ucZombieCcbIndex                         0x2000003e   Data           1  cancmd.o(.data)
    gCanSndEmptyCB                           0x20000040   Data           4  cancmd.o(.data)
    gusDeviceId                              0x20000044   Data           2  config.o(.data)
    aDevType                                 0x20000046   Data           8  config.o(.data)
    sbFcs                                    0x20000069   Data           1  sapp.o(.data)
    sbIdx                                    0x2000006a   Data           1  sapp.o(.data)
    sbLen                                    0x2000006b   Data           1  sapp.o(.data)
    sappFlags                                0x2000006d   Data           1  sapp.o(.data)
    sappItfType                              0x2000006e   Data           1  sapp.o(.data)
    sappItfPort                              0x2000006f   Data           1  sapp.o(.data)
    sappTgtType                              0x20000070   Data           1  sapp.o(.data)
    OSCtxSwCtr                               0x20000074   Data           4  os_core.o(.data)
    OSEventFreeList                          0x20000078   Data           4  os_core.o(.data)
    OSFlagFreeList                           0x2000007c   Data           4  os_core.o(.data)
    OSIntNesting                             0x20000080   Data           1  os_core.o(.data)
    OSLockNesting                            0x20000081   Data           1  os_core.o(.data)
    OSPrioCur                                0x20000082   Data           1  os_core.o(.data)
    OSPrioHighRdy                            0x20000083   Data           1  os_core.o(.data)
    OSRdyGrp                                 0x20000084   Data           1  os_core.o(.data)
    OSRdyTbl                                 0x20000085   Data           8  os_core.o(.data)
    OSRunning                                0x2000008d   Data           1  os_core.o(.data)
    OSTaskCtr                                0x2000008e   Data           1  os_core.o(.data)
    OSIdleCtr                                0x20000090   Data           4  os_core.o(.data)
    OSTCBCur                                 0x20000094   Data           4  os_core.o(.data)
    OSTCBFreeList                            0x20000098   Data           4  os_core.o(.data)
    OSTCBHighRdy                             0x2000009c   Data           4  os_core.o(.data)
    OSTCBList                                0x200000a0   Data           4  os_core.o(.data)
    OSMemFreeList                            0x200000a4   Data           4  os_core.o(.data)
    OSQFreeList                              0x200000a8   Data           4  os_core.o(.data)
    OSTime                                   0x200000ac   Data           4  os_core.o(.data)
    memStat                                  0x200001b6   Data           2  memory.o(.data)
    default_timeouts                         0x200001c8   Data           4  system_time.o(.data)
    _ctype                                   0x200001cc   Data         256  ctype.o(.data)
    CAN                                      0x200002d4   Data           4  can_driver.o(.data)
    CAN_TX_PORT                              0x200002d8   Data           4  can_driver.o(.data)
    CAN_RX_PORT                              0x200002dc   Data           4  can_driver.o(.data)
    TIMER_Def                                0x200002e8   Data          16  timer_driver.o(.data)
    BlockNbr                                 0x200002f8   Data           4  common.o(.data)
    UserMemoryMask                           0x200002fc   Data           4  common.o(.data)
    FlashProtection                          0x20000300   Data           4  common.o(.data)
    __stdout                                 0x2000030c   Data           4  stdout.o(.data)
    ADC_ConvertedValue                       0x20002b18   Data         416  adc.o(.bss)
    ADC_Result                               0x20002cb8   Data          52  adc.o(.bss)
    aPulseCtrl                               0x20002cec   Data         512  relay.o(.bss)
    UartCmdStru                              0x20002eec   Data         520  uartcmd.o(.bss)
    CanCcb                                   0x200030f4   Data         704  cancmd.o(.bss)
    CanRcvBuff                               0x200033b4   Data         128  cancmd.o(.bss)
    CanSndBuff                               0x20003434   Data         192  cancmd.o(.bss)
    Config_buff                              0x200034f4   Data        1024  config.o(.bss)
    gSerialNoCfg                             0x200038f4   Data          10  config.o(.bss)
    gAdmin                                   0x200038fe   Data          34  config.o(.bss)
    Serial                                   0x20003920   Data        2664  serial.o(.bss)
    Display                                  0x200043a0   Data         240  display.o(.bss)
    gValve                                   0x20004490   Data         112  valve.o(.bss)
    ModbusSheduler                           0x20004510   Data         404  qmi.o(.bss)
    aucModbus_buff                           0x200046a4   Data          32  qmi.o(.bss)
    rpcBuf                                   0x2000478c   Data         392  sapp.o(.bss)
    OSEventTbl                               0x20004914   Data         864  os_core.o(.bss)
    OSFlagTbl                                0x20004c74   Data         140  os_core.o(.bss)
    OSTaskIdleStk                            0x20004d00   Data        2048  os_core.o(.bss)
    OSTCBPrioTbl                             0x20005500   Data         256  os_core.o(.bss)
    OSTCBTbl                                 0x20005600   Data        1496  os_core.o(.bss)
    OSMemTbl                                 0x20005bd8   Data         180  os_core.o(.bss)
    OSQTbl                                   0x20005c8c   Data         192  os_core.o(.bss)
    EXTI_PORT                                0x20005d4c   Data          64  gpio.o(.bss)
    aSensorHandler                           0x20005d8c   Data         384  gpio.o(.bss)
    memblock                                 0x2000600c   Data        4000  memory.o(.bss)
    memIndex                                 0x20006fac   Data          40  memory.o(.bss)
    memOffset                                0x20006fd4   Data          80  memory.o(.bss)
    TimerArray                               0x200071f8   Data         192  timer.o(.bss)
    TimerIndex                               0x200072b8   Data          16  timer.o(.bss)
    aTimerHandler                            0x200072f8   Data          64  timer_driver.o(.bss)
    timer                                    0x20007338   Data          10  rtc_driver.o(.bss)
    __initial_sp                             0x20007748   Data           0  startup_stm32f40_41xxx.o(STACK)



==============================================================================

Memory Map of the image

  Image Entry point : 0x0800c001

  Load Region LR_IROM1 (Base: 0x08000000, Size: 0x0000049c, Max: 0x00004000, ABSOLUTE, COMPRESSED[0x0000026c])

    Execution Region ER_IROM1 (Exec base: 0x08000000, Load base: 0x08000000, Size: 0x00000188, Max: 0x00004000, ABSOLUTE)

    Exec Addr    Load Addr    Size         Type   Attr      Idx    E Section Name        Object

    0x08000000   0x08000000   0x00000188   Data   RO          977    RESET               startup_stm32f40_41xxx.o


    Execution Region RW_IRAM1 (Exec base: 0x20000000, Load base: 0x08000188, Size: 0x00007748, Max: 0x00020000, ABSOLUTE, COMPRESSED[0x000000e4])

    Exec Addr    Load Addr    Size         Type   Attr      Idx    E Section Name        Object

    0x20000000   COMPRESSED   0x00000004   Data   RW            5    .data               main.o
    0x20000004   COMPRESSED   0x00000014   Data   RW          353    .data               system_stm32f4xx.o
    0x20000018   COMPRESSED   0x00000014   Data   RW          475    .data               dica.o
    0x2000002c   COMPRESSED   0x00000018   Data   RW          610    .data               cancmd.o
    0x20000044   COMPRESSED   0x0000000a   Data   RW          677    .data               config.o
    0x2000004e   COMPRESSED   0x00000002   PAD
    0x20000050   COMPRESSED   0x00000004   Data   RW          755    .data               display.o
    0x20000054   COMPRESSED   0x00000001   Data   RW          878    .data               at.o
    0x20000055   COMPRESSED   0x00000004   Data   RW          941    .data               zb.o
    0x20000059   COMPRESSED   0x00000010   Data   RW         1025    .data               stm32f4xx_rcc.o
    0x20000069   COMPRESSED   0x00000008   Data   RW         1329    .data               STM32F4xxlib.lib(sapp.o)
    0x20000071   COMPRESSED   0x00000003   PAD
    0x20000074   COMPRESSED   0x0000003c   Data   RW         1514    .data               STM32F4xxlib.lib(os_core.o)
    0x200000b0   COMPRESSED   0x00000104   Data   RW         1602    .data               STM32F4xxlib.lib(gpio.o)
    0x200001b4   COMPRESSED   0x00000002   Data   RW         1641    .data               STM32F4xxlib.lib(keyboard.o)
    0x200001b6   COMPRESSED   0x00000002   Data   RW         1670    .data               STM32F4xxlib.lib(memory.o)
    0x200001b8   COMPRESSED   0x00000008   Data   RW         1697    .data               STM32F4xxlib.lib(msg.o)
    0x200001c0   COMPRESSED   0x00000004   Data   RW         1758    .data               STM32F4xxlib.lib(task.o)
    0x200001c4   COMPRESSED   0x00000004   Data   RW         1811    .data               STM32F4xxlib.lib(voslog.o)
    0x200001c8   COMPRESSED   0x00000004   Data   RW         1837    .data               STM32F4xxlib.lib(system_time.o)
    0x200001cc   COMPRESSED   0x00000100   Data   RW         1878    .data               STM32F4xxlib.lib(ctype.o)
    0x200002cc   COMPRESSED   0x00000008   Data   RW         1917    .data               STM32F4xxlib.lib(bsp.o)
    0x200002d4   COMPRESSED   0x0000000c   Data   RW         1950    .data               STM32F4xxlib.lib(can_driver.o)
    0x200002e0   COMPRESSED   0x00000005   Data   RW         2007    .data               STM32F4xxlib.lib(osal_snv.o)
    0x200002e5   COMPRESSED   0x00000003   PAD
    0x200002e8   COMPRESSED   0x00000010   Data   RW         2069    .data               STM32F4xxlib.lib(timer_driver.o)
    0x200002f8   COMPRESSED   0x0000000c   Data   RW         2096    .data               STM32F4xxlib.lib(common.o)
    0x20000304   COMPRESSED   0x00000002   Data   RW         2316    .data               STM32F4xxlib.lib(rtc_driver.o)
    0x20000306   COMPRESSED   0x00000001   Data   RW         2375    .data               STM32F4xxlib.lib(copyright.o)
    0x20000307   COMPRESSED   0x00000001   PAD
    0x20000308   COMPRESSED   0x00000004   Data   RW         2415    .data               mc_w.l(rand.o)
    0x2000030c   COMPRESSED   0x00000004   Data   RW         2722    .data               mc_w.l(stdout.o)
    0x20000310   COMPRESSED   0x00000004   Data   RW         2734    .data               mc_w.l(errno.o)
    0x20000314   COMPRESSED   0x00000004   PAD
    0x20000318        -       0x00002800   Zero   RW            4    .bss                main.o
    0x20002b18        -       0x000001d4   Zero   RW          431    .bss                adc.o
    0x20002cec        -       0x00000200   Zero   RW          514    .bss                relay.o
    0x20002eec        -       0x00000208   Zero   RW          582    .bss                uartcmd.o
    0x200030f4        -       0x00000400   Zero   RW          609    .bss                cancmd.o
    0x200034f4        -       0x0000042c   Zero   RW          675    .bss                config.o
    0x20003920        -       0x00000a80   Zero   RW          708    .bss                serial.o
    0x200043a0        -       0x000000f0   Zero   RW          754    .bss                display.o
    0x20004490        -       0x00000070   Zero   RW          816    .bss                valve.o
    0x20004500        -       0x00000010   Zero   RW          850    .bss                ad840x.o
    0x20004510        -       0x000001b4   Zero   RW          912    .bss                qmi.o
    0x200046c4        -       0x000000c8   Zero   RW          940    .bss                zb.o
    0x2000478c        -       0x00000188   Zero   RW         1327    .bss                STM32F4xxlib.lib(sapp.o)
    0x20004914        -       0x00001438   Zero   RW         1512    .bss                STM32F4xxlib.lib(os_core.o)
    0x20005d4c        -       0x000001c0   Zero   RW         1600    .bss                STM32F4xxlib.lib(gpio.o)
    0x20005f0c        -       0x00000100   Zero   RW         1640    .bss                STM32F4xxlib.lib(keyboard.o)
    0x2000600c        -       0x00001018   Zero   RW         1669    .bss                STM32F4xxlib.lib(memory.o)
    0x20007024        -       0x000001b0   Zero   RW         1696    .bss                STM32F4xxlib.lib(msg.o)
    0x200071d4        -       0x00000024   Zero   RW         1757    .bss                STM32F4xxlib.lib(task.o)
    0x200071f8        -       0x000000d0   Zero   RW         1783    .bss                STM32F4xxlib.lib(timer.o)
    0x200072c8        -       0x00000030   Zero   RW         1982    .bss                STM32F4xxlib.lib(hal_spi_driver.o)
    0x200072f8        -       0x00000040   Zero   RW         2067    .bss                STM32F4xxlib.lib(timer_driver.o)
    0x20007338        -       0x0000000a   Zero   RW         2314    .bss                STM32F4xxlib.lib(rtc_driver.o)
    0x20007342   COMPRESSED   0x00000006   PAD
    0x20007348        -       0x00000400   Zero   RW          975    STACK               startup_stm32f40_41xxx.o



  Load Region LR_IROM2 (Base: 0x0800c000, Size: 0x00012a8c, Max: 0x00100000, ABSOLUTE)

    Execution Region ER_IROM2 (Exec base: 0x0800c000, Load base: 0x0800c000, Size: 0x00012a8c, Max: 0x00100000, ABSOLUTE)

    Exec Addr    Load Addr    Size         Type   Attr      Idx    E Section Name        Object

    0x0800c000   0x0800c000   0x00000000   Code   RO         2411  * .ARM.Collect$$$$00000000  mc_w.l(entry.o)
    0x0800c000   0x0800c000   0x00000004   Code   RO         2708    .ARM.Collect$$$$00000001  mc_w.l(entry2.o)
    0x0800c004   0x0800c004   0x00000004   Code   RO         2711    .ARM.Collect$$$$00000004  mc_w.l(entry5.o)
    0x0800c008   0x0800c008   0x00000000   Code   RO         2713    .ARM.Collect$$$$00000008  mc_w.l(entry7b.o)
    0x0800c008   0x0800c008   0x00000000   Code   RO         2715    .ARM.Collect$$$$0000000A  mc_w.l(entry8b.o)
    0x0800c008   0x0800c008   0x00000008   Code   RO         2716    .ARM.Collect$$$$0000000B  mc_w.l(entry9a.o)
    0x0800c010   0x0800c010   0x00000000   Code   RO         2718    .ARM.Collect$$$$0000000D  mc_w.l(entry10a.o)
    0x0800c010   0x0800c010   0x00000000   Code   RO         2720    .ARM.Collect$$$$0000000F  mc_w.l(entry11a.o)
    0x0800c010   0x0800c010   0x00000004   Code   RO         2709    .ARM.Collect$$$$00002712  mc_w.l(entry2.o)
    0x0800c014   0x0800c014   0x000002c8   Code   RO            3    .text               main.o
    0x0800c2dc   0x0800c2dc   0x000006f8   Code   RO          283    .text               stm32f4xx_it.o
    0x0800c9d4   0x0800c9d4   0x00000210   Code   RO          352    .text               system_stm32f4xx.o
    0x0800cbe4   0x0800cbe4   0x00000112   Code   RO          378    .text               beep.o
    0x0800ccf6   0x0800ccf6   0x00000002   PAD
    0x0800ccf8   0x0800ccf8   0x00000220   Code   RO          430    .text               adc.o
    0x0800cf18   0x0800cf18   0x00000260   Code   RO          473    .text               dica.o
    0x0800d178   0x0800d178   0x0000011c   Code   RO          513    .text               relay.o
    0x0800d294   0x0800d294   0x00000024   Code   RO          554    .text               printf.o
    0x0800d2b8   0x0800d2b8   0x000001d8   Code   RO          581    .text               uartcmd.o
    0x0800d490   0x0800d490   0x00001738   Code   RO          608    .text               cancmd.o
    0x0800ebc8   0x0800ebc8   0x000001a8   Code   RO          674    .text               config.o
    0x0800ed70   0x0800ed70   0x00000d5c   Code   RO          707    .text               serial.o
    0x0800facc   0x0800facc   0x0000129c   Code   RO          753    .text               display.o
    0x08010d68   0x08010d68   0x000002b8   Code   RO          815    .text               valve.o
    0x08011020   0x08011020   0x000000d0   Code   RO          849    .text               ad840x.o
    0x080110f0   0x080110f0   0x00000368   Code   RO          875    .text               at.o
    0x08011458   0x08011458   0x0000076c   Code   RO          911    .text               qmi.o
    0x08011bc4   0x08011bc4   0x00000422   Code   RO          939    .text               zb.o
    0x08011fe6   0x08011fe6   0x00000002   PAD
    0x08011fe8   0x08011fe8   0x00000024   Code   RO          978    .text               startup_stm32f40_41xxx.o
    0x0801200c   0x0801200c   0x000000e0   Code   RO          984    .text               misc.o
    0x080120ec   0x080120ec   0x00000294   Code   RO         1004    .text               stm32f4xx_gpio.o
    0x08012380   0x08012380   0x0000065c   Code   RO         1024    .text               stm32f4xx_rcc.o
    0x080129dc   0x080129dc   0x00000094   Code   RO         1046    .text               stm32f4xx_syscfg.o
    0x08012a70   0x08012a70   0x00000454   Code   RO         1066    .text               stm32f4xx_usart.o
    0x08012ec4   0x08012ec4   0x00000464   Code   RO         1086    .text               stm32f4xx_adc.o
    0x08013328   0x08013328   0x000009f0   Code   RO         1106    .text               stm32f4xx_can.o
    0x08013d18   0x08013d18   0x00000694   Code   RO         1126    .text               stm32f4xx_flash.o
    0x080143ac   0x080143ac   0x0000016c   Code   RO         1166    .text               stm32f4xx_pwr.o
    0x08014518   0x08014518   0x00000d68   Code   RO         1186    .text               stm32f4xx_rtc.o
    0x08015280   0x08015280   0x00000480   Code   RO         1206    .text               stm32f4xx_spi.o
    0x08015700   0x08015700   0x00000ca2   Code   RO         1226    .text               stm32f4xx_tim.o
    0x080163a2   0x080163a2   0x00000002   PAD
    0x080163a4   0x080163a4   0x00000040   Code   RO         1246    .text               stm32f4xx_iwdg.o
    0x080163e4   0x080163e4   0x000003a8   Code   RO         1266    .text               stm32f4xx_dma.o
    0x0801678c   0x0801678c   0x00000110   Code   RO         1286    .text               stm32f4xx_exti.o
    0x0801689c   0x0801689c   0x000004e8   Code   RO         1326    .text               STM32F4xxlib.lib(sapp.o)
    0x08016d84   0x08016d84   0x00000028   Code   RO         1503    .text               STM32F4xxlib.lib(cpu_a.o)
    0x08016dac   0x08016dac   0x000000b8   Code   RO         1506    .text               STM32F4xxlib.lib(os_cpu_a.o)
    0x08016e64   0x08016e64   0x00000898   Code   RO         1511    .text               STM32F4xxlib.lib(os_core.o)
    0x080176fc   0x080176fc   0x0000044a   Code   RO         1539    .text               STM32F4xxlib.lib(os_mbox.o)
    0x08017b46   0x08017b46   0x00000002   PAD
    0x08017b48   0x08017b48   0x00000848   Code   RO         1559    .text               STM32F4xxlib.lib(os_task.o)
    0x08018390   0x08018390   0x000001f0   Code   RO         1579    .text               STM32F4xxlib.lib(os_time.o)
    0x08018580   0x08018580   0x0000051c   Code   RO         1599    .text               STM32F4xxlib.lib(gpio.o)
    0x08018a9c   0x08018a9c   0x00000220   Code   RO         1639    .text               STM32F4xxlib.lib(keyboard.o)
    0x08018cbc   0x08018cbc   0x00000180   Code   RO         1668    .text               STM32F4xxlib.lib(memory.o)
    0x08018e3c   0x08018e3c   0x00000220   Code   RO         1695    .text               STM32F4xxlib.lib(msg.o)
    0x0801905c   0x0801905c   0x00000158   Code   RO         1756    .text               STM32F4xxlib.lib(task.o)
    0x080191b4   0x080191b4   0x000001d4   Code   RO         1782    .text               STM32F4xxlib.lib(timer.o)
    0x08019388   0x08019388   0x00000084   Code   RO         1810    .text               STM32F4xxlib.lib(voslog.o)
    0x0801940c   0x0801940c   0x000001c4   Code   RO         1836    .text               STM32F4xxlib.lib(system_time.o)
    0x080195d0   0x080195d0   0x00000488   Code   RO         1857    .text               STM32F4xxlib.lib(help.o)
    0x08019a58   0x08019a58   0x00000130   Code   RO         1896    .text               STM32F4xxlib.lib(adc_driver.o)
    0x08019b88   0x08019b88   0x0000015c   Code   RO         1916    .text               STM32F4xxlib.lib(bsp.o)
    0x08019ce4   0x08019ce4   0x00000224   Code   RO         1948    .text               STM32F4xxlib.lib(can_driver.o)
    0x08019f08   0x08019f08   0x00000374   Code   RO         1981    .text               STM32F4xxlib.lib(hal_spi_driver.o)
    0x0801a27c   0x0801a27c   0x00000578   Code   RO         2006    .text               STM32F4xxlib.lib(osal_snv.o)
    0x0801a7f4   0x0801a7f4   0x000000f8   Code   RO         2040    .text               STM32F4xxlib.lib(serial_driver.o)
    0x0801a8ec   0x0801a8ec   0x00000860   Code   RO         2066    .text               STM32F4xxlib.lib(timer_driver.o)
    0x0801b14c   0x0801b14c   0x000000cc   Code   RO         2094    .text               STM32F4xxlib.lib(common.o)
    0x0801b218   0x0801b218   0x0000005c   Code   RO         2122    .text               STM32F4xxlib.lib(iwdg_driver.o)
    0x0801b274   0x0801b274   0x00000242   Code   RO         2142    .text               STM32F4xxlib.lib(os_cpu_c.o)
    0x0801b4b6   0x0801b4b6   0x00000002   PAD
    0x0801b4b8   0x0801b4b8   0x000008b8   Code   RO         2169    .text               STM32F4xxlib.lib(os_flag.o)
    0x0801bd70   0x0801bd70   0x00000288   Code   RO         2189    .text               STM32F4xxlib.lib(os_mem.o)
    0x0801bff8   0x0801bff8   0x00000664   Code   RO         2209    .text               STM32F4xxlib.lib(os_q.o)
    0x0801c65c   0x0801c65c   0x00000064   Code   RO         2229    .text               STM32F4xxlib.lib(vos.o)
    0x0801c6c0   0x0801c6c0   0x00000048   Code   RO         2256    .text               STM32F4xxlib.lib(version.o)
    0x0801c708   0x0801c708   0x00000006   Code   RO         2276    .text               STM32F4xxlib.lib(hal_assert.o)
    0x0801c70e   0x0801c70e   0x00000002   PAD
    0x0801c710   0x0801c710   0x0000037c   Code   RO         2293    .text               STM32F4xxlib.lib(hal_flash.o)
    0x0801ca8c   0x0801ca8c   0x00000570   Code   RO         2313    .text               STM32F4xxlib.lib(rtc_driver.o)
    0x0801cffc   0x0801cffc   0x000000bc   Code   RO         2374    .text               STM32F4xxlib.lib(copyright.o)
    0x0801d0b8   0x0801d0b8   0x00000404   Code   RO         2393    .text               STM32F4xxlib.lib(os_sem.o)
    0x0801d4bc   0x0801d4bc   0x00000024   Code   RO         2414    .text               mc_w.l(rand.o)
    0x0801d4e0   0x0801d4e0   0x00000024   Code   RO         2417    .text               mc_w.l(memcpya.o)
    0x0801d504   0x0801d504   0x00000024   Code   RO         2419    .text               mc_w.l(memseta.o)
    0x0801d528   0x0801d528   0x00000014   Code   RO         2421    .text               mc_w.l(strchr.o)
    0x0801d53c   0x0801d53c   0x0000000e   Code   RO         2423    .text               mc_w.l(strlen.o)
    0x0801d54a   0x0801d54a   0x0000001c   Code   RO         2425    .text               mc_w.l(strcmp.o)
    0x0801d566   0x0801d566   0x0000001a   Code   RO         2427    .text               mc_w.l(memcmp.o)
    0x0801d580   0x0801d580   0x00000012   Code   RO         2429    .text               mc_w.l(strcpy.o)
    0x0801d592   0x0801d592   0x0000001e   Code   RO         2431    .text               mc_w.l(strncmp.o)
    0x0801d5b0   0x0801d5b0   0x0000001a   Code   RO         2696    .text               mc_w.l(atoi.o)
    0x0801d5ca   0x0801d5ca   0x0000014e   Code   RO         2698    .text               mf_w.l(dadd.o)
    0x0801d718   0x0801d718   0x000000e4   Code   RO         2700    .text               mf_w.l(dmul.o)
    0x0801d7fc   0x0801d7fc   0x00000022   Code   RO         2702    .text               mf_w.l(dflti.o)
    0x0801d81e   0x0801d81e   0x00000026   Code   RO         2704    .text               mf_w.l(f2d.o)
    0x0801d844   0x0801d844   0x00000038   Code   RO         2706    .text               mf_w.l(d2f.o)
    0x0801d87c   0x0801d87c   0x0000002c   Code   RO         2723    .text               mc_w.l(uidiv.o)
    0x0801d8a8   0x0801d8a8   0x00000062   Code   RO         2725    .text               mc_w.l(uldiv.o)
    0x0801d90a   0x0801d90a   0x0000001e   Code   RO         2727    .text               mc_w.l(llshl.o)
    0x0801d928   0x0801d928   0x00000024   Code   RO         2729    .text               mc_w.l(llsshr.o)
    0x0801d94c   0x0801d94c   0x00000070   Code   RO         2738    .text               mc_w.l(strtol.o)
    0x0801d9bc   0x0801d9bc   0x00000000   Code   RO         2740    .text               mc_w.l(iusefp.o)
    0x0801d9bc   0x0801d9bc   0x0000006e   Code   RO         2741    .text               mf_w.l(fepilogue.o)
    0x0801da2a   0x0801da2a   0x000000ba   Code   RO         2743    .text               mf_w.l(depilogue.o)
    0x0801dae4   0x0801dae4   0x000000de   Code   RO         2745    .text               mf_w.l(ddiv.o)
    0x0801dbc2   0x0801dbc2   0x00000030   Code   RO         2747    .text               mf_w.l(dfixul.o)
    0x0801dbf2   0x0801dbf2   0x00000002   PAD
    0x0801dbf4   0x0801dbf4   0x00000030   Code   RO         2749    .text               mf_w.l(cdrcmple.o)
    0x0801dc24   0x0801dc24   0x00000024   Code   RO         2751    .text               mc_w.l(init.o)
    0x0801dc48   0x0801dc48   0x00000020   Code   RO         2753    .text               mc_w.l(llushr.o)
    0x0801dc68   0x0801dc68   0x00000008   Code   RO         2755    .text               mc_w.l(ctype_o.o)
    0x0801dc70   0x0801dc70   0x0000009e   Code   RO         2783    .text               mc_w.l(_strtoul.o)
    0x0801dd0e   0x0801dd0e   0x0000001c   Code   RO         2785    .text               mc_w.l(_chval.o)
    0x0801dd2a   0x0801dd2a   0x00000056   Code   RO         2795    .text               mc_w.l(__dczerorl2.o)
    0x0801dd80   0x0801dd80   0x00000020   Code   RO         2668    i.__0printf         mc_w.l(printfa.o)
    0x0801dda0   0x0801dda0   0x00000028   Code   RO         2670    i.__0sprintf        mc_w.l(printfa.o)
    0x0801ddc8   0x0801ddc8   0x00000010   Code   RO         2672    i.__0vprintf        mc_w.l(printfa.o)
    0x0801ddd8   0x0801ddd8   0x00000024   Code   RO         2674    i.__0vsprintf       mc_w.l(printfa.o)
    0x0801ddfc   0x0801ddfc   0x00000008   Code   RO         2731    i.__aeabi_errno_addr  mc_w.l(errno.o)
    0x0801de04   0x0801de04   0x0000000e   Code   RO         2789    i.__scatterload_copy  mc_w.l(handlers.o)
    0x0801de12   0x0801de12   0x00000002   Code   RO         2790    i.__scatterload_null  mc_w.l(handlers.o)
    0x0801de14   0x0801de14   0x0000000e   Code   RO         2791    i.__scatterload_zeroinit  mc_w.l(handlers.o)
    0x0801de22   0x0801de22   0x00000002   PAD
    0x0801de24   0x0801de24   0x00000184   Code   RO         2675    i._fp_digits        mc_w.l(printfa.o)
    0x0801dfa8   0x0801dfa8   0x000006dc   Code   RO         2676    i._printf_core      mc_w.l(printfa.o)
    0x0801e684   0x0801e684   0x00000024   Code   RO         2677    i._printf_post_padding  mc_w.l(printfa.o)
    0x0801e6a8   0x0801e6a8   0x0000002e   Code   RO         2678    i._printf_pre_padding  mc_w.l(printfa.o)
    0x0801e6d6   0x0801e6d6   0x0000000a   Code   RO         2680    i._sputc            mc_w.l(printfa.o)
    0x0801e6e0   0x0801e6e0   0x00000003   Data   RO          474    .constdata          dica.o
    0x0801e6e3   0x0801e6e3   0x00000020   Data   RO          515    .constdata          relay.o
    0x0801e703   0x0801e703   0x00000031   Data   RO          676    .constdata          config.o
    0x0801e734   0x0801e734   0x00000010   Data   RO          709    .constdata          serial.o
    0x0801e744   0x0801e744   0x00000002   Data   RO          851    .constdata          ad840x.o
    0x0801e746   0x0801e746   0x00000002   PAD
    0x0801e748   0x0801e748   0x00000028   Data   RO          876    .constdata          at.o
    0x0801e770   0x0801e770   0x00000008   Data   RO         1328    .constdata          STM32F4xxlib.lib(sapp.o)
    0x0801e778   0x0801e778   0x00000100   Data   RO         1513    .constdata          STM32F4xxlib.lib(os_core.o)
    0x0801e878   0x0801e878   0x00000016   Data   RO         1949    .constdata          STM32F4xxlib.lib(can_driver.o)
    0x0801e88e   0x0801e88e   0x00000002   PAD
    0x0801e890   0x0801e890   0x000000d8   Data   RO         2041    .constdata          STM32F4xxlib.lib(serial_driver.o)
    0x0801e968   0x0801e968   0x00000020   Data   RO         2068    .constdata          STM32F4xxlib.lib(timer_driver.o)
    0x0801e988   0x0801e988   0x00000010   Data   RO         2257    .constdata          STM32F4xxlib.lib(version.o)
    0x0801e998   0x0801e998   0x0000002b   Data   RO         2315    .constdata          STM32F4xxlib.lib(rtc_driver.o)
    0x0801e9c3   0x0801e9c3   0x00000081   Data   RO         2756    .constdata          mc_w.l(ctype_o.o)
    0x0801ea44   0x0801ea44   0x00000004   Data   RO         2757    .constdata          mc_w.l(ctype_o.o)
    0x0801ea48   0x0801ea48   0x00000006   Data   RO          877    .conststring        at.o
    0x0801ea4e   0x0801ea4e   0x00000002   PAD
    0x0801ea50   0x0801ea50   0x0000001c   Data   RO         1601    .conststring        STM32F4xxlib.lib(gpio.o)
    0x0801ea6c   0x0801ea6c   0x00000020   Data   RO         2787    Region$$Table       anon$$obj.o


==============================================================================

Image component sizes


      Code (inc. data)   RO Data    RW Data    ZI Data      Debug   Object Name

       208         12          2          0         16       2611   ad840x.o
       544         42          0          0        468       5249   adc.o
       872         70         46          1          0       2525   at.o
       274          0          0          0          0       2516   beep.o
      5944        252          0         24       1024      24919   cancmd.o
       424         52         49         10       1068       7738   config.o
       608         48          3         20          0       4923   dica.o
      4764        102          0          4        240      14849   display.o
       712         76          0          4      10240     387865   main.o
       224         20          0          0          0       1853   misc.o
        36          4          0          0          0       1808   printf.o
      1900         78          0          0        436       8182   qmi.o
       284         12         32          0        512       3588   relay.o
      3420         34         16          0       2688      12290   serial.o
        36          8        392          0       1024        844   startup_stm32f40_41xxx.o
      1124         24          0          0          0      10722   stm32f4xx_adc.o
      2544         38          0          0          0       8180   stm32f4xx_can.o
       936         32          0          0          0       6429   stm32f4xx_dma.o
       272         10          0          0          0       2319   stm32f4xx_exti.o
      1684         28          0          0          0       9454   stm32f4xx_flash.o
       660         44          0          0          0       4193   stm32f4xx_gpio.o
      1784         44          0          0          0       6091   stm32f4xx_it.o
        64          6          0          0          0       1361   stm32f4xx_iwdg.o
       364         12          0          0          0       3811   stm32f4xx_pwr.o
      1628         52          0         16          0      13088   stm32f4xx_rcc.o
      3432         44          0          0          0      15468   stm32f4xx_rtc.o
      1152         36          0          0          0       6941   stm32f4xx_spi.o
       148         12          0          0          0       1861   stm32f4xx_syscfg.o
      3234         60          0          0          0      23048   stm32f4xx_tim.o
      1108         34          0          0          0       7916   stm32f4xx_usart.o
       528         46          0         20          0       1835   system_stm32f4xx.o
       472         20          0          0        520       3537   uartcmd.o
       696         12          0          0        112       3000   valve.o
      1058         30          0          4        200       5675   zb.o

    ----------------------------------------------------------------------
     43144       1394        576        105      18548     616689   Object Totals
         0          0         32          0          0          0   (incl. Generated)
         6          0          4          2          0          0   (incl. Padding)

    ----------------------------------------------------------------------

      Code (inc. data)   RO Data    RW Data    ZI Data      Debug   Library Member Name

       304         16          0          0          0       1376   adc_driver.o
       348         24          0          8          0      28194   bsp.o
       548         56         22         12          0       4772   can_driver.o
       204         26          0         12          0      29187   common.o
       188          8          0          1          0       2618   copyright.o
        40          4          0          0          0        272   cpu_a.o
         0          0          0        256          0        509   ctype.o
      1308         12         28        260        448      10772   gpio.o
         6          0          0          0          0        565   hal_assert.o
       892         74          0          0          0       4229   hal_flash.o
       884         28          0          0         48       6555   hal_spi_driver.o
      1160         18          0          0          0       4194   help.o
        92          0          0          0          0        835   iwdg_driver.o
       544         12          0          2        256       4186   keyboard.o
       384         16          0          2       4120       2446   memory.o
       544         14          0          8        432       6523   msg.o
      2200        160        256         60       5176      17000   os_core.o
       184         40          0          0          0        324   os_cpu_a.o
       578          0          0          0          0      13136   os_cpu_c.o
      2232         38          0          0          0       7136   os_flag.o
      1098         16          0          0          0       4354   os_mbox.o
       648         14          0          0          0       3388   os_mem.o
      1636         28          0          0          0       5769   os_q.o
      1028         18          0          0          0       4074   os_sem.o
      2120         64          0          0          0       7049   os_task.o
       496         24          0          0          0       1918   os_time.o
      1400         24          0          5          0       7761   osal_snv.o
      1392         50         43          2         10       6753   rtc_driver.o
      1256         86          8          8        392     370810   sapp.o
       248         46        216          0          0       4637   serial_driver.o
       452          4          0          4          0       3922   system_time.o
       344          8          0          4         36       2527   task.o
       468         14          0          0        208       3353   timer.o
      2144         74         32         16         64       6748   timer_driver.o
        72          4         16          0          0       1354   version.o
       100          0          0          0          0       2225   vos.o
       132         50          0          4          0       1809   voslog.o
        86          0          0          0          0          0   __dczerorl2.o
        28          0          0          0          0         68   _chval.o
       158          0          0          0          0         92   _strtoul.o
        26          0          0          0          0         80   atoi.o
         8          4        133          0          0         68   ctype_o.o
         0          0          0          0          0          0   entry.o
         0          0          0          0          0          0   entry10a.o
         0          0          0          0          0          0   entry11a.o
         8          4          0          0          0          0   entry2.o
         4          0          0          0          0          0   entry5.o
         0          0          0          0          0          0   entry7b.o
         0          0          0          0          0          0   entry8b.o
         8          4          0          0          0          0   entry9a.o
         8          4          0          4          0         68   errno.o
        30          0          0          0          0          0   handlers.o
        36          8          0          0          0         68   init.o
         0          0          0          0          0          0   iusefp.o
        30          0          0          0          0         68   llshl.o
        36          0          0          0          0         68   llsshr.o
        32          0          0          0          0         68   llushr.o
        26          0          0          0          0         80   memcmp.o
        36          0          0          0          0         68   memcpya.o
        36          0          0          0          0        108   memseta.o
      2360        110          0          0          0        752   printfa.o
        36         10          0          4          0        136   rand.o
         0          0          0          4          0          0   stdout.o
        20          0          0          0          0         68   strchr.o
        28          0          0          0          0         76   strcmp.o
        18          0          0          0          0         68   strcpy.o
        14          0          0          0          0         68   strlen.o
        30          0          0          0          0         80   strncmp.o
       112          0          0          0          0         88   strtol.o
        44          0          0          0          0         80   uidiv.o
        98          0          0          0          0         92   uldiv.o
        48          0          0          0          0         68   cdrcmple.o
        56          0          0          0          0         88   d2f.o
       334          0          0          0          0        148   dadd.o
       222          0          0          0          0        100   ddiv.o
       186          0          0          0          0        176   depilogue.o
        48          0          0          0          0         68   dfixul.o
        34          0          0          0          0         76   dflti.o
       228          0          0          0          0         96   dmul.o
        38          0          0          0          0         68   f2d.o
       110          0          0          0          0        168   fepilogue.o

    ----------------------------------------------------------------------
     32344       1214        756        683      11200     586748   Library Totals
        10          0          2          7         10          0   (incl. Padding)

    ----------------------------------------------------------------------

      Code (inc. data)   RO Data    RW Data    ZI Data      Debug   Library Name

     27674       1070        621        664      11190     583280   STM32F4xxlib.lib
      3356        144        133         12          0       2412   mc_w.l
      1304          0          0          0          0       1056   mf_w.l

    ----------------------------------------------------------------------
     32344       1214        756        683      11200     586748   Library Totals

    ----------------------------------------------------------------------

==============================================================================


      Code (inc. data)   RO Data    RW Data    ZI Data      Debug   

     75488       2608       1332        788      29748    1184997   Grand Totals
     75488       2608       1332        228      29748    1184997   ELF Image Totals (compressed)
     75488       2608       1332        228          0          0   ROM Totals

==============================================================================

    Total RO  Size (Code + RO Data)                76820 (  75.02kB)
    Total RW  Size (RW Data + ZI Data)             30536 (  29.82kB)
    Total ROM Size (Code + RO Data + RW Data)      77048 (  75.24kB)

==============================================================================

