<!doctype html public "-//w3c//dtd html 4.0 transitional//en">
<html><head>
<title>Static Call Graph - [..\Obj\0860210008PWEA_Main_V_1_0.axf]</title></head>
<body><HR>
<H1>Static Call Graph for image ..\Obj\0860210008PWEA_Main_V_1_0.axf</H1><HR>
<BR><P>#&#060CALLGRAPH&#062# ARM Linker, 5060750: Last Updated: Wed Feb 19 16:37:34 2020
<BR><P>
<H3>Maximum Stack Usage =        888 bytes + Unknown(Functions without stacksize, Cycles, Untraceable Function Pointers)</H3><H3>
Call chain for Maximum Stack Depth:</H3>
Main_Entry &rArr; Msg_proc &rArr; PidCanProcess &rArr; RcvCanData &rArr; CanRcvFrame &rArr; CanCcbAfProc &rArr; CanCcbAfDataMsg &rArr; CanCcbAfDataRptAckMsg &rArr; Disp_DinReportAck &rArr; Disp_DinReport &rArr; CanSndSappCmd2 &rArr; SHZNAPP_CanResp &rArr; CanSndBufPush &rArr; SndCanData &rArr; STM32_CANSendMsgNoWait &rArr; STM32_CANSendMsgNoWait_ext &rArr; CAN_Transmit
<P>
<H3>
Functions with no stack information
</H3><UL>
 <LI><a href="#[ae]">CPU_IntDis</a>
 <LI><a href="#[486]">CPU_IntEn</a>
 <LI><a href="#[487]">CPU_SR_Save</a>
 <LI><a href="#[488]">CPU_SR_Restore</a>
 <LI><a href="#[489]">CPU_EN_VFP</a>
 <LI><a href="#[b5]">OS_CPU_SR_Save</a>
 <LI><a href="#[b6]">OS_CPU_SR_Restore</a>
 <LI><a href="#[237]">OSStartHighRdy</a>
 <LI><a href="#[235]">OSCtxSw</a>
 <LI><a href="#[232]">OSIntCtxSw</a>
 <LI><a href="#[d]">PendSV_Handler</a>
</UL>
</UL>
<P>
<H3>
Mutually Recursive functions
</H3> <LI><a href="#[25]">CAN1_SCE_IRQHandler</a>&nbsp;&nbsp;&nbsp;&rArr;&nbsp;&nbsp;&nbsp;<a href="#[25]">CAN1_SCE_IRQHandler</a><BR>
</UL>
<P>
<H3>
Function Pointers
</H3><UL>
 <LI><a href="#[21]">ADC_IRQHandler</a> from stm32f4xx_it.o(.text) referenced from startup_stm32f40_41xxx.o(RESET)
 <LI><a href="#[62]">AppTaskRoot</a> from main.o(.text) referenced from main.o(.text)
 <LI><a href="#[9]">BusFault_Handler</a> from stm32f4xx_it.o(.text) referenced from startup_stm32f40_41xxx.o(RESET)
 <LI><a href="#[23]">CAN1_RX0_IRQHandler</a> from stm32f4xx_it.o(.text) referenced from startup_stm32f40_41xxx.o(RESET)
 <LI><a href="#[24]">CAN1_RX1_IRQHandler</a> from stm32f4xx_it.o(.text) referenced from startup_stm32f40_41xxx.o(RESET)
 <LI><a href="#[25]">CAN1_SCE_IRQHandler</a> from startup_stm32f40_41xxx.o(.text) referenced from startup_stm32f40_41xxx.o(RESET)
 <LI><a href="#[22]">CAN1_TX_IRQHandler</a> from stm32f4xx_it.o(.text) referenced from startup_stm32f40_41xxx.o(RESET)
 <LI><a href="#[4f]">CAN2_RX0_IRQHandler</a> from startup_stm32f40_41xxx.o(.text) referenced from startup_stm32f40_41xxx.o(RESET)
 <LI><a href="#[50]">CAN2_RX1_IRQHandler</a> from startup_stm32f40_41xxx.o(.text) referenced from startup_stm32f40_41xxx.o(RESET)
 <LI><a href="#[51]">CAN2_SCE_IRQHandler</a> from startup_stm32f40_41xxx.o(.text) referenced from startup_stm32f40_41xxx.o(RESET)
 <LI><a href="#[4e]">CAN2_TX_IRQHandler</a> from startup_stm32f40_41xxx.o(.text) referenced from startup_stm32f40_41xxx.o(RESET)
 <LI><a href="#[5e]">CRYP_IRQHandler</a> from startup_stm32f40_41xxx.o(.text) referenced from startup_stm32f40_41xxx.o(RESET)
 <LI><a href="#[149]">CanCcbHeartBeat</a> from cancmd.o(.text) referenced from cancmd.o(.text)
 <LI><a href="#[63]">CanCcbHeartBeatTimer</a> from cancmd.o(.text) referenced 3 times from cancmd.o(.text)
 <LI><a href="#[14a]">CanCcbHeartBeatTimer_msg_handler</a> from cancmd.o(.text) referenced from cancmd.o(.text)
 <LI><a href="#[148]">CanCcbHeartBeat_msg_handler</a> from cancmd.o(.text) referenced from cancmd.o(.text)
 <LI><a href="#[15e]">CanCcbRegister_msg_handler</a> from cancmd.o(.text) referenced from cancmd.o(.text)
 <LI><a href="#[15f]">CanCcb_Register</a> from cancmd.o(.text) referenced from cancmd.o(.text)
 <LI><a href="#[10c]">CanResetTimer</a> from cancmd.o(.text) referenced from cancmd.o(.text)
 <LI><a href="#[5d]">DCMI_IRQHandler</a> from startup_stm32f40_41xxx.o(.text) referenced from startup_stm32f40_41xxx.o(RESET)
 <LI><a href="#[1a]">DMA1_Stream0_IRQHandler</a> from startup_stm32f40_41xxx.o(.text) referenced from startup_stm32f40_41xxx.o(RESET)
 <LI><a href="#[1b]">DMA1_Stream1_IRQHandler</a> from startup_stm32f40_41xxx.o(.text) referenced from startup_stm32f40_41xxx.o(RESET)
 <LI><a href="#[1c]">DMA1_Stream2_IRQHandler</a> from startup_stm32f40_41xxx.o(.text) referenced from startup_stm32f40_41xxx.o(RESET)
 <LI><a href="#[1d]">DMA1_Stream3_IRQHandler</a> from startup_stm32f40_41xxx.o(.text) referenced from startup_stm32f40_41xxx.o(RESET)
 <LI><a href="#[1e]">DMA1_Stream4_IRQHandler</a> from startup_stm32f40_41xxx.o(.text) referenced from startup_stm32f40_41xxx.o(RESET)
 <LI><a href="#[1f]">DMA1_Stream5_IRQHandler</a> from startup_stm32f40_41xxx.o(.text) referenced from startup_stm32f40_41xxx.o(RESET)
 <LI><a href="#[20]">DMA1_Stream6_IRQHandler</a> from startup_stm32f40_41xxx.o(.text) referenced from startup_stm32f40_41xxx.o(RESET)
 <LI><a href="#[3e]">DMA1_Stream7_IRQHandler</a> from startup_stm32f40_41xxx.o(.text) referenced from startup_stm32f40_41xxx.o(RESET)
 <LI><a href="#[47]">DMA2_Stream0_IRQHandler</a> from stm32f4xx_it.o(.text) referenced from startup_stm32f40_41xxx.o(RESET)
 <LI><a href="#[48]">DMA2_Stream1_IRQHandler</a> from startup_stm32f40_41xxx.o(.text) referenced from startup_stm32f40_41xxx.o(RESET)
 <LI><a href="#[49]">DMA2_Stream2_IRQHandler</a> from startup_stm32f40_41xxx.o(.text) referenced from startup_stm32f40_41xxx.o(RESET)
 <LI><a href="#[4a]">DMA2_Stream3_IRQHandler</a> from startup_stm32f40_41xxx.o(.text) referenced from startup_stm32f40_41xxx.o(RESET)
 <LI><a href="#[4b]">DMA2_Stream4_IRQHandler</a> from startup_stm32f40_41xxx.o(.text) referenced from startup_stm32f40_41xxx.o(RESET)
 <LI><a href="#[53]">DMA2_Stream5_IRQHandler</a> from startup_stm32f40_41xxx.o(.text) referenced from startup_stm32f40_41xxx.o(RESET)
 <LI><a href="#[54]">DMA2_Stream6_IRQHandler</a> from startup_stm32f40_41xxx.o(.text) referenced from startup_stm32f40_41xxx.o(RESET)
 <LI><a href="#[55]">DMA2_Stream7_IRQHandler</a> from startup_stm32f40_41xxx.o(.text) referenced from startup_stm32f40_41xxx.o(RESET)
 <LI><a href="#[c]">DebugMon_Handler</a> from stm32f4xx_it.o(.text) referenced from startup_stm32f40_41xxx.o(RESET)
 <LI><a href="#[4c]">ETH_IRQHandler</a> from startup_stm32f40_41xxx.o(.text) referenced from startup_stm32f40_41xxx.o(RESET)
 <LI><a href="#[4d]">ETH_WKUP_IRQHandler</a> from startup_stm32f40_41xxx.o(.text) referenced from startup_stm32f40_41xxx.o(RESET)
 <LI><a href="#[15]">EXTI0_IRQHandler</a> from stm32f4xx_it.o(.text) referenced from startup_stm32f40_41xxx.o(RESET)
 <LI><a href="#[37]">EXTI15_10_IRQHandler</a> from stm32f4xx_it.o(.text) referenced from startup_stm32f40_41xxx.o(RESET)
 <LI><a href="#[16]">EXTI1_IRQHandler</a> from stm32f4xx_it.o(.text) referenced from startup_stm32f40_41xxx.o(RESET)
 <LI><a href="#[17]">EXTI2_IRQHandler</a> from stm32f4xx_it.o(.text) referenced from startup_stm32f40_41xxx.o(RESET)
 <LI><a href="#[18]">EXTI3_IRQHandler</a> from stm32f4xx_it.o(.text) referenced from startup_stm32f40_41xxx.o(RESET)
 <LI><a href="#[19]">EXTI4_IRQHandler</a> from stm32f4xx_it.o(.text) referenced from startup_stm32f40_41xxx.o(RESET)
 <LI><a href="#[26]">EXTI9_5_IRQHandler</a> from stm32f4xx_it.o(.text) referenced from startup_stm32f40_41xxx.o(RESET)
 <LI><a href="#[13]">FLASH_IRQHandler</a> from startup_stm32f40_41xxx.o(.text) referenced from startup_stm32f40_41xxx.o(RESET)
 <LI><a href="#[60]">FPU_IRQHandler</a> from startup_stm32f40_41xxx.o(.text) referenced from startup_stm32f40_41xxx.o(RESET)
 <LI><a href="#[3f]">FSMC_IRQHandler</a> from startup_stm32f40_41xxx.o(.text) referenced from startup_stm32f40_41xxx.o(RESET)
 <LI><a href="#[19e]">FlowMeter4_sh</a> from display.o(.text) referenced 4 times from display.o(.text)
 <LI><a href="#[5f]">HASH_RNG_IRQHandler</a> from startup_stm32f40_41xxx.o(.text) referenced from startup_stm32f40_41xxx.o(RESET)
 <LI><a href="#[7]">HardFault_Handler</a> from stm32f4xx_it.o(.text) referenced from startup_stm32f40_41xxx.o(RESET)
 <LI><a href="#[2f]">I2C1_ER_IRQHandler</a> from startup_stm32f40_41xxx.o(.text) referenced from startup_stm32f40_41xxx.o(RESET)
 <LI><a href="#[2e]">I2C1_EV_IRQHandler</a> from startup_stm32f40_41xxx.o(.text) referenced from startup_stm32f40_41xxx.o(RESET)
 <LI><a href="#[31]">I2C2_ER_IRQHandler</a> from startup_stm32f40_41xxx.o(.text) referenced from startup_stm32f40_41xxx.o(RESET)
 <LI><a href="#[30]">I2C2_EV_IRQHandler</a> from startup_stm32f40_41xxx.o(.text) referenced from startup_stm32f40_41xxx.o(RESET)
 <LI><a href="#[58]">I2C3_ER_IRQHandler</a> from startup_stm32f40_41xxx.o(.text) referenced from startup_stm32f40_41xxx.o(RESET)
 <LI><a href="#[57]">I2C3_EV_IRQHandler</a> from startup_stm32f40_41xxx.o(.text) referenced from startup_stm32f40_41xxx.o(RESET)
 <LI><a href="#[a7]">Main_Entry</a> from main.o(.text) referenced from main.o(.text)
 <LI><a href="#[76]">Main_SerialItfFilter</a> from main.o(.text) referenced from main.o(.text)
 <LI><a href="#[8]">MemManage_Handler</a> from stm32f4xx_it.o(.text) referenced from startup_stm32f40_41xxx.o(RESET)
 <LI><a href="#[1b4]">Modbus_CommActionDelayTimeoutHandler</a> from qmi.o(.text) referenced from qmi.o(.text)
 <LI><a href="#[1b1]">Modbus_CommActionDelay_msg_cb</a> from qmi.o(.text) referenced from qmi.o(.text)
 <LI><a href="#[1b7]">Modbus_CommStateTimeoutHandler</a> from qmi.o(.text) referenced from qmi.o(.text)
 <LI><a href="#[1b6]">Modbus_CommStateTimeout_msg_cb</a> from qmi.o(.text) referenced from qmi.o(.text)
 <LI><a href="#[1be]">Modbus_Scheduler_cb</a> from qmi.o(.text) referenced from qmi.o(.text)
 <LI><a href="#[1bd]">Modbus_Scheduler_msg_cb</a> from qmi.o(.text) referenced from qmi.o(.text)
 <LI><a href="#[6]">NMI_Handler</a> from stm32f4xx_it.o(.text) referenced from startup_stm32f40_41xxx.o(RESET)
 <LI><a href="#[67]">OSIntExit</a> from os_core.o(.text) referenced from os_cpu_a.o(.text)
 <LI><a href="#[66]">OSTaskSwHook</a> from os_cpu_c.o(.text) referenced from os_cpu_a.o(.text)
 <LI><a href="#[224]">OS_TaskIdle</a> from os_core.o(.text) referenced from os_core.o(.text)
 <LI><a href="#[52]">OTG_FS_IRQHandler</a> from startup_stm32f40_41xxx.o(.text) referenced from startup_stm32f40_41xxx.o(RESET)
 <LI><a href="#[39]">OTG_FS_WKUP_IRQHandler</a> from startup_stm32f40_41xxx.o(.text) referenced from startup_stm32f40_41xxx.o(RESET)
 <LI><a href="#[5a]">OTG_HS_EP1_IN_IRQHandler</a> from startup_stm32f40_41xxx.o(.text) referenced from startup_stm32f40_41xxx.o(RESET)
 <LI><a href="#[59]">OTG_HS_EP1_OUT_IRQHandler</a> from startup_stm32f40_41xxx.o(.text) referenced from startup_stm32f40_41xxx.o(RESET)
 <LI><a href="#[5c]">OTG_HS_IRQHandler</a> from startup_stm32f40_41xxx.o(.text) referenced from startup_stm32f40_41xxx.o(RESET)
 <LI><a href="#[5b]">OTG_HS_WKUP_IRQHandler</a> from startup_stm32f40_41xxx.o(.text) referenced from startup_stm32f40_41xxx.o(RESET)
 <LI><a href="#[10]">PVD_IRQHandler</a> from startup_stm32f40_41xxx.o(.text) referenced from startup_stm32f40_41xxx.o(RESET)
 <LI><a href="#[d]">PendSV_Handler</a> from os_cpu_a.o(.text) referenced from startup_stm32f40_41xxx.o(RESET)
 <LI><a href="#[14]">RCC_IRQHandler</a> from startup_stm32f40_41xxx.o(.text) referenced from startup_stm32f40_41xxx.o(RESET)
 <LI><a href="#[38]">RTC_Alarm_IRQHandler</a> from startup_stm32f40_41xxx.o(.text) referenced from startup_stm32f40_41xxx.o(RESET)
 <LI><a href="#[12]">RTC_WKUP_IRQHandler</a> from startup_stm32f40_41xxx.o(.text) referenced from startup_stm32f40_41xxx.o(RESET)
 <LI><a href="#[f6]">RelayPulse_cb</a> from relay.o(.text) referenced from relay.o(.text)
 <LI><a href="#[5]">Reset_Handler</a> from startup_stm32f40_41xxx.o(.text) referenced from startup_stm32f40_41xxx.o(RESET)
 <LI><a href="#[40]">SDIO_IRQHandler</a> from startup_stm32f40_41xxx.o(.text) referenced from startup_stm32f40_41xxx.o(RESET)
 <LI><a href="#[32]">SPI1_IRQHandler</a> from startup_stm32f40_41xxx.o(.text) referenced from startup_stm32f40_41xxx.o(RESET)
 <LI><a href="#[33]">SPI2_IRQHandler</a> from startup_stm32f40_41xxx.o(.text) referenced from startup_stm32f40_41xxx.o(RESET)
 <LI><a href="#[42]">SPI3_IRQHandler</a> from startup_stm32f40_41xxx.o(.text) referenced from startup_stm32f40_41xxx.o(RESET)
 <LI><a href="#[b]">SVC_Handler</a> from stm32f4xx_it.o(.text) referenced from startup_stm32f40_41xxx.o(RESET)
 <LI><a href="#[fe]">SerialCmd_Callback</a> from uartcmd.o(.text) referenced from uartcmd.o(.text)
 <LI><a href="#[109]">SerialCmd_RcvData</a> from uartcmd.o(.text) referenced from uartcmd.o(.text)
 <LI><a href="#[106]">SerialCmd_config_cb</a> from uartcmd.o(.text) referenced from uartcmd.o(.text)
 <LI><a href="#[e]">SysTick_Handler</a> from stm32f4xx_it.o(.text) referenced from startup_stm32f40_41xxx.o(RESET)
 <LI><a href="#[64]">SystemInit</a> from system_stm32f4xx.o(.text) referenced from startup_stm32f40_41xxx.o(.text)
 <LI><a href="#[11]">TAMP_STAMP_IRQHandler</a> from startup_stm32f40_41xxx.o(.text) referenced from startup_stm32f40_41xxx.o(RESET)
 <LI><a href="#[27]">TIM1_BRK_TIM9_IRQHandler</a> from startup_stm32f40_41xxx.o(.text) referenced from startup_stm32f40_41xxx.o(RESET)
 <LI><a href="#[2a]">TIM1_CC_IRQHandler</a> from stm32f4xx_it.o(.text) referenced from startup_stm32f40_41xxx.o(RESET)
 <LI><a href="#[29]">TIM1_TRG_COM_TIM11_IRQHandler</a> from startup_stm32f40_41xxx.o(.text) referenced from startup_stm32f40_41xxx.o(RESET)
 <LI><a href="#[28]">TIM1_UP_TIM10_IRQHandler</a> from startup_stm32f40_41xxx.o(.text) referenced from startup_stm32f40_41xxx.o(RESET)
 <LI><a href="#[d8]">TIM2_Handler</a> from adc.o(.text) referenced from adc.o(.text)
 <LI><a href="#[2b]">TIM2_IRQHandler</a> from stm32f4xx_it.o(.text) referenced from startup_stm32f40_41xxx.o(RESET)
 <LI><a href="#[2c]">TIM3_IRQHandler</a> from leakage.o(.text) referenced from startup_stm32f40_41xxx.o(RESET)
 <LI><a href="#[2d]">TIM4_IRQHandler</a> from stm32f4xx_it.o(.text) referenced from startup_stm32f40_41xxx.o(RESET)
 <LI><a href="#[41]">TIM5_IRQHandler</a> from startup_stm32f40_41xxx.o(.text) referenced from startup_stm32f40_41xxx.o(RESET)
 <LI><a href="#[45]">TIM6_DAC_IRQHandler</a> from startup_stm32f40_41xxx.o(.text) referenced from startup_stm32f40_41xxx.o(RESET)
 <LI><a href="#[46]">TIM7_IRQHandler</a> from startup_stm32f40_41xxx.o(.text) referenced from startup_stm32f40_41xxx.o(RESET)
 <LI><a href="#[3a]">TIM8_BRK_TIM12_IRQHandler</a> from startup_stm32f40_41xxx.o(.text) referenced from startup_stm32f40_41xxx.o(RESET)
 <LI><a href="#[3d]">TIM8_CC_IRQHandler</a> from startup_stm32f40_41xxx.o(.text) referenced from startup_stm32f40_41xxx.o(RESET)
 <LI><a href="#[3c]">TIM8_TRG_COM_TIM14_IRQHandler</a> from startup_stm32f40_41xxx.o(.text) referenced from startup_stm32f40_41xxx.o(RESET)
 <LI><a href="#[3b]">TIM8_UP_TIM13_IRQHandler</a> from startup_stm32f40_41xxx.o(.text) referenced from startup_stm32f40_41xxx.o(RESET)
 <LI><a href="#[43]">UART4_IRQHandler</a> from stm32f4xx_it.o(.text) referenced from startup_stm32f40_41xxx.o(RESET)
 <LI><a href="#[44]">UART5_IRQHandler</a> from stm32f4xx_it.o(.text) referenced from startup_stm32f40_41xxx.o(RESET)
 <LI><a href="#[34]">USART1_IRQHandler</a> from stm32f4xx_it.o(.text) referenced from startup_stm32f40_41xxx.o(RESET)
 <LI><a href="#[35]">USART2_IRQHandler</a> from stm32f4xx_it.o(.text) referenced from startup_stm32f40_41xxx.o(RESET)
 <LI><a href="#[36]">USART3_IRQHandler</a> from stm32f4xx_it.o(.text) referenced from startup_stm32f40_41xxx.o(RESET)
 <LI><a href="#[56]">USART6_IRQHandler</a> from stm32f4xx_it.o(.text) referenced from startup_stm32f40_41xxx.o(RESET)
 <LI><a href="#[a]">UsageFault_Handler</a> from stm32f4xx_it.o(.text) referenced from startup_stm32f40_41xxx.o(RESET)
 <LI><a href="#[277]">VOS_TaskEntry</a> from task.o(.text) referenced from task.o(.text)
 <LI><a href="#[f]">WWDG_IRQHandler</a> from startup_stm32f40_41xxx.o(.text) referenced from startup_stm32f40_41xxx.o(RESET)
 <LI><a href="#[65]">__main</a> from entry.o(.ARM.Collect$$$$00000000) referenced from startup_stm32f40_41xxx.o(.text)
 <LI><a href="#[6c]">_sputc</a> from printfa.o(i._sputc) referenced from printfa.o(i.__0sprintf)
 <LI><a href="#[1bb]">appQmi_ItfProcess</a> from qmi.o(.text) referenced from qmi.o(.text)
 <LI><a href="#[1af]">appQmi_config_cb</a> from qmi.o(.text) referenced from qmi.o(.text)
 <LI><a href="#[6b]">fputc</a> from printf.o(.text) referenced from printfa.o(i.__0printf)
 <LI><a href="#[6b]">fputc</a> from printf.o(.text) referenced from printfa.o(i.__0vprintf)
 <LI><a href="#[69]">hal_SPI1_CS_HIGH</a> from hal_spi_driver.o(.text) referenced from hal_spi_driver.o(.text)
 <LI><a href="#[68]">hal_SPI1_CS_LOW</a> from hal_spi_driver.o(.text) referenced from hal_spi_driver.o(.text)
 <LI><a href="#[2bb]">hal_SPI1_GetDin</a> from hal_spi_driver.o(.text) referenced from hal_spi_driver.o(.text)
 <LI><a href="#[2b8]">hal_SPI1_ReadByte</a> from hal_spi_driver.o(.text) referenced from hal_spi_driver.o(.text)
 <LI><a href="#[2b7]">hal_SPI1_SendByte</a> from hal_spi_driver.o(.text) referenced from hal_spi_driver.o(.text)
 <LI><a href="#[2ba]">hal_SPI1_State</a> from hal_spi_driver.o(.text) referenced from hal_spi_driver.o(.text)
 <LI><a href="#[6a]">hal_SPI2_CS_HIGH</a> from hal_spi_driver.o(.text) referenced from hal_spi_driver.o(.text)
 <LI><a href="#[2bd]">hal_SPI2_GetDin</a> from hal_spi_driver.o(.text) referenced from hal_spi_driver.o(.text)
 <LI><a href="#[2b1]">hal_SPI2_ReadByte</a> from hal_spi_driver.o(.text) referenced from hal_spi_driver.o(.text)
 <LI><a href="#[2ad]">hal_SPI2_SendByte</a> from hal_spi_driver.o(.text) referenced from hal_spi_driver.o(.text)
 <LI><a href="#[2bc]">hal_SPI2_State</a> from hal_spi_driver.o(.text) referenced from hal_spi_driver.o(.text)
 <LI><a href="#[265]">keyboard_sh</a> from keyboard.o(.text) referenced 2 times from keyboard.o(.text)
 <LI><a href="#[264]">keyboard_to</a> from keyboard.o(.text) referenced 2 times from keyboard.o(.text)
 <LI><a href="#[61]">main</a> from main.o(.text) referenced from entry9a.o(.ARM.Collect$$$$0000000B)
 <LI><a href="#[2]">stm32_gpiolib_get</a> from gpio.o(.text) referenced 14 times from gpio.o(.data)
 <LI><a href="#[0]">stm32_gpiolib_getcfg</a> from gpio.o(.text) referenced 2 times from gpio.o(.data)
 <LI><a href="#[3]">stm32_gpiolib_set</a> from gpio.o(.text) referenced 14 times from gpio.o(.data)
 <LI><a href="#[1]">stm32_gpiolib_setcfg</a> from gpio.o(.text) referenced 2 times from gpio.o(.data)
 <LI><a href="#[4]">stm32_gpiolib_toggle</a> from gpio.o(.text) referenced 14 times from gpio.o(.data)
 <LI><a href="#[1c9]">zb_ItfProcess</a> from zb.o(.text) referenced from zb.o(.text)
 <LI><a href="#[1c3]">zb_config_cb</a> from zb.o(.text) referenced from zb.o(.text)
</UL>
<P>
<H3>
Global Symbols
</H3>
<P><STRONG><a name="[65]"></a>__main</STRONG> (Thumb, 0 bytes, Stack size unknown bytes, entry.o(.ARM.Collect$$$$00000000))
<BR>[Address Reference Count : 1]<UL><LI> startup_stm32f40_41xxx.o(.text)
</UL>
<P><STRONG><a name="[35d]"></a>_main_stk</STRONG> (Thumb, 0 bytes, Stack size unknown bytes, entry2.o(.ARM.Collect$$$$00000001))

<P><STRONG><a name="[6d]"></a>_main_scatterload</STRONG> (Thumb, 0 bytes, Stack size unknown bytes, entry5.o(.ARM.Collect$$$$00000004))
<BR><BR>[Calls]<UL><LI><a href="#[6e]">&gt;&gt;</a>&nbsp;&nbsp;&nbsp;__scatterload
</UL>

<P><STRONG><a name="[353]"></a>__main_after_scatterload</STRONG> (Thumb, 0 bytes, Stack size unknown bytes, entry5.o(.ARM.Collect$$$$00000004))
<BR><BR>[Called By]<UL><LI><a href="#[6e]">&gt;&gt;</a>&nbsp;&nbsp;&nbsp;__scatterload
</UL>

<P><STRONG><a name="[35e]"></a>_main_clock</STRONG> (Thumb, 0 bytes, Stack size unknown bytes, entry7b.o(.ARM.Collect$$$$00000008))

<P><STRONG><a name="[35f]"></a>_main_cpp_init</STRONG> (Thumb, 0 bytes, Stack size unknown bytes, entry8b.o(.ARM.Collect$$$$0000000A))

<P><STRONG><a name="[360]"></a>_main_init</STRONG> (Thumb, 0 bytes, Stack size unknown bytes, entry9a.o(.ARM.Collect$$$$0000000B))

<P><STRONG><a name="[361]"></a>__rt_final_cpp</STRONG> (Thumb, 0 bytes, Stack size unknown bytes, entry10a.o(.ARM.Collect$$$$0000000D))

<P><STRONG><a name="[362]"></a>__rt_final_exit</STRONG> (Thumb, 0 bytes, Stack size unknown bytes, entry11a.o(.ARM.Collect$$$$0000000F))

<P><STRONG><a name="[6f]"></a>App_TaskIdleHook</STRONG> (Thumb, 8 bytes, Stack size 8 bytes, main.o(.text))
<BR><BR>[Stack]<UL><LI>Max Depth = 16<LI>Call Chain = App_TaskIdleHook &rArr; IWDG_Feed
</UL>
<BR>[Calls]<UL><LI><a href="#[70]">&gt;&gt;</a>&nbsp;&nbsp;&nbsp;IWDG_Feed
</UL>
<BR>[Called By]<UL><LI><a href="#[225]">&gt;&gt;</a>&nbsp;&nbsp;&nbsp;OSTaskIdleHook
</UL>

<P><STRONG><a name="[71]"></a>App_TimeTickHook</STRONG> (Thumb, 34 bytes, Stack size 8 bytes, main.o(.text))
<BR><BR>[Stack]<UL><LI>Max Depth = 120 + Unknown Stack Size
<LI>Call Chain = App_TimeTickHook &rArr; TimerProc &rArr; MessageSend &rArr; queueMessage &rArr; VOS_SemP &rArr; OSSemPost &rArr; OS_EventTaskRdy
</UL>
<BR>[Calls]<UL><LI><a href="#[73]">&gt;&gt;</a>&nbsp;&nbsp;&nbsp;system_time_proc
<LI><a href="#[72]">&gt;&gt;</a>&nbsp;&nbsp;&nbsp;TimerProc
<LI><a href="#[75]">&gt;&gt;</a>&nbsp;&nbsp;&nbsp;Serial_CheckRcvIdleTime
<LI><a href="#[74]">&gt;&gt;</a>&nbsp;&nbsp;&nbsp;LeakageTickTask
</UL>
<BR>[Called By]<UL><LI><a href="#[238]">&gt;&gt;</a>&nbsp;&nbsp;&nbsp;OSTimeTickHook
</UL>

<P><STRONG><a name="[87]"></a>InitKeys</STRONG> (Thumb, 2 bytes, Stack size 0 bytes, main.o(.text))
<BR><BR>[Called By]<UL><LI><a href="#[78]">&gt;&gt;</a>&nbsp;&nbsp;&nbsp;MainInit
</UL>

<P><STRONG><a name="[76]"></a>Main_SerialItfFilter</STRONG> (Thumb, 18 bytes, Stack size 16 bytes, main.o(.text))
<BR><BR>[Stack]<UL><LI>Max Depth = 136 + Unknown Stack Size
<LI>Call Chain = Main_SerialItfFilter &rArr; Serial_TriggerIdleEvent &rArr; Serial_CheckRcvIdleTime &rArr; MessageSend &rArr; queueMessage &rArr; VOS_SemP &rArr; OSSemPost &rArr; OS_EventTaskRdy
</UL>
<BR>[Calls]<UL><LI><a href="#[77]">&gt;&gt;</a>&nbsp;&nbsp;&nbsp;Serial_TriggerIdleEvent
</UL>
<BR>[Address Reference Count : 1]<UL><LI> main.o(.text)
</UL>
<P><STRONG><a name="[78]"></a>MainInit</STRONG> (Thumb, 134 bytes, Stack size 8 bytes, main.o(.text))
<BR><BR>[Stack]<UL><LI>Max Depth = 220 + Unknown Stack Size
<LI>Call Chain = MainInit &rArr; Config_Init &rArr; Config_SetItem &rArr; osal_snv_write &rArr; compactPage &rArr; xferItem &rArr; writeWord &rArr; verifyWordM &rArr; HalFlashRead
</UL>
<BR>[Calls]<UL><LI><a href="#[7b]">&gt;&gt;</a>&nbsp;&nbsp;&nbsp;stm32_gpio_init
<LI><a href="#[7e]">&gt;&gt;</a>&nbsp;&nbsp;&nbsp;osal_snv_init
<LI><a href="#[80]">&gt;&gt;</a>&nbsp;&nbsp;&nbsp;mfd_Init
<LI><a href="#[8c]">&gt;&gt;</a>&nbsp;&nbsp;&nbsp;appQmiInit
<LI><a href="#[88]">&gt;&gt;</a>&nbsp;&nbsp;&nbsp;ValveInit
<LI><a href="#[7a]">&gt;&gt;</a>&nbsp;&nbsp;&nbsp;VOS_SetLogLevel
<LI><a href="#[7d]">&gt;&gt;</a>&nbsp;&nbsp;&nbsp;UartCmd_SetFilter
<LI><a href="#[7c]">&gt;&gt;</a>&nbsp;&nbsp;&nbsp;SerialCmd_Init
<LI><a href="#[85]">&gt;&gt;</a>&nbsp;&nbsp;&nbsp;RunInit
<LI><a href="#[79]">&gt;&gt;</a>&nbsp;&nbsp;&nbsp;RCC_ClearFlag
<LI><a href="#[86]">&gt;&gt;</a>&nbsp;&nbsp;&nbsp;KeyboardInit
<LI><a href="#[82]">&gt;&gt;</a>&nbsp;&nbsp;&nbsp;Ioctrl_input_init
<LI><a href="#[81]">&gt;&gt;</a>&nbsp;&nbsp;&nbsp;InitRelays
<LI><a href="#[8e]">&gt;&gt;</a>&nbsp;&nbsp;&nbsp;IWDG_Init
<LI><a href="#[8d]">&gt;&gt;</a>&nbsp;&nbsp;&nbsp;Disp_Init
<LI><a href="#[7f]">&gt;&gt;</a>&nbsp;&nbsp;&nbsp;Config_Init
<LI><a href="#[8b]">&gt;&gt;</a>&nbsp;&nbsp;&nbsp;CanCmdInit
<LI><a href="#[83]">&gt;&gt;</a>&nbsp;&nbsp;&nbsp;BeepInit
<LI><a href="#[84]">&gt;&gt;</a>&nbsp;&nbsp;&nbsp;AlarmInit
<LI><a href="#[8f]">&gt;&gt;</a>&nbsp;&nbsp;&nbsp;AddTimer
<LI><a href="#[8a]">&gt;&gt;</a>&nbsp;&nbsp;&nbsp;ADC_Meas_Init
<LI><a href="#[89]">&gt;&gt;</a>&nbsp;&nbsp;&nbsp;AD840x_Init
<LI><a href="#[87]">&gt;&gt;</a>&nbsp;&nbsp;&nbsp;InitKeys
</UL>
<BR>[Called By]<UL><LI><a href="#[90]">&gt;&gt;</a>&nbsp;&nbsp;&nbsp;PidSelfProcess
</UL>

<P><STRONG><a name="[90]"></a>PidSelfProcess</STRONG> (Thumb, 52 bytes, Stack size 8 bytes, main.o(.text))
<BR><BR>[Stack]<UL><LI>Max Depth = 228 + Unknown Stack Size
<LI>Call Chain = PidSelfProcess &rArr; MainInit &rArr; Config_Init &rArr; Config_SetItem &rArr; osal_snv_write &rArr; compactPage &rArr; xferItem &rArr; writeWord &rArr; verifyWordM &rArr; HalFlashRead
</UL>
<BR>[Calls]<UL><LI><a href="#[91]">&gt;&gt;</a>&nbsp;&nbsp;&nbsp;appQmi_msg_Handler
<LI><a href="#[92]">&gt;&gt;</a>&nbsp;&nbsp;&nbsp;CanCmd_msg_Handler
<LI><a href="#[78]">&gt;&gt;</a>&nbsp;&nbsp;&nbsp;MainInit
</UL>
<BR>[Called By]<UL><LI><a href="#[a1]">&gt;&gt;</a>&nbsp;&nbsp;&nbsp;Msg_proc
</UL>

<P><STRONG><a name="[a2]"></a>PidKeyboardProcess</STRONG> (Thumb, 6 bytes, Stack size 0 bytes, main.o(.text))
<BR><BR>[Called By]<UL><LI><a href="#[a1]">&gt;&gt;</a>&nbsp;&nbsp;&nbsp;Msg_proc
</UL>

<P><STRONG><a name="[93]"></a>SecondTimer</STRONG> (Thumb, 26 bytes, Stack size 8 bytes, main.o(.text))
<BR><BR>[Stack]<UL><LI>Max Depth = 504 + Unknown Stack Size
<LI>Call Chain = SecondTimer &rArr; Disp_SecondTask &rArr; Disp_EDIReport &rArr; CanSndSappCmd2 &rArr; SHZNAPP_CanResp &rArr; CanSndBufPush &rArr; SndCanData &rArr; STM32_CANSendMsgNoWait &rArr; STM32_CANSendMsgNoWait_ext &rArr; CAN_Transmit
</UL>
<BR>[Calls]<UL><LI><a href="#[94]">&gt;&gt;</a>&nbsp;&nbsp;&nbsp;RunToggle
<LI><a href="#[96]">&gt;&gt;</a>&nbsp;&nbsp;&nbsp;Disp_SecondTask
<LI><a href="#[95]">&gt;&gt;</a>&nbsp;&nbsp;&nbsp;CanCcbSecondTask
</UL>
<BR>[Called By]<UL><LI><a href="#[97]">&gt;&gt;</a>&nbsp;&nbsp;&nbsp;PidTimerProcess
</UL>

<P><STRONG><a name="[97]"></a>PidTimerProcess</STRONG> (Thumb, 68 bytes, Stack size 16 bytes, main.o(.text))
<BR><BR>[Stack]<UL><LI>Max Depth = 520 + Unknown Stack Size
<LI>Call Chain = PidTimerProcess &rArr; SecondTimer &rArr; Disp_SecondTask &rArr; Disp_EDIReport &rArr; CanSndSappCmd2 &rArr; SHZNAPP_CanResp &rArr; CanSndBufPush &rArr; SndCanData &rArr; STM32_CANSendMsgNoWait &rArr; STM32_CANSendMsgNoWait_ext &rArr; CAN_Transmit
</UL>
<BR>[Calls]<UL><LI><a href="#[99]">&gt;&gt;</a>&nbsp;&nbsp;&nbsp;InputStateReport
<LI><a href="#[9a]">&gt;&gt;</a>&nbsp;&nbsp;&nbsp;CanCcbTimerProc
<LI><a href="#[98]">&gt;&gt;</a>&nbsp;&nbsp;&nbsp;Alarm
<LI><a href="#[93]">&gt;&gt;</a>&nbsp;&nbsp;&nbsp;SecondTimer
</UL>
<BR>[Called By]<UL><LI><a href="#[a1]">&gt;&gt;</a>&nbsp;&nbsp;&nbsp;Msg_proc
</UL>

<P><STRONG><a name="[9b]"></a>MainSappProc</STRONG> (Thumb, 88 bytes, Stack size 280 bytes, main.o(.text))
<BR><BR>[Stack]<UL><LI>Max Depth = 556 + Unknown Stack Size
<LI>Call Chain = MainSappProc &rArr; SHZNAPP_SerialAppProc &rArr; appAtCmd &rArr; Config_SetItem &rArr; osal_snv_write &rArr; compactPage &rArr; xferItem &rArr; writeWord &rArr; verifyWordM &rArr; HalFlashRead
</UL>
<BR>[Calls]<UL><LI><a href="#[9f]">&gt;&gt;</a>&nbsp;&nbsp;&nbsp;SHZNAPP_SerialUnknowProc
<LI><a href="#[a0]">&gt;&gt;</a>&nbsp;&nbsp;&nbsp;SHZNAPP_SerialResp
<LI><a href="#[9e]">&gt;&gt;</a>&nbsp;&nbsp;&nbsp;SHZNAPP_SerialBootProc
<LI><a href="#[9d]">&gt;&gt;</a>&nbsp;&nbsp;&nbsp;SHZNAPP_SerialAppProc
<LI><a href="#[9c]">&gt;&gt;</a>&nbsp;&nbsp;&nbsp;MainAlarmWithDuration
</UL>
<BR>[Called By]<UL><LI><a href="#[a1]">&gt;&gt;</a>&nbsp;&nbsp;&nbsp;Msg_proc
</UL>

<P><STRONG><a name="[a4]"></a>Main_Cmd</STRONG> (Thumb, 2 bytes, Stack size 0 bytes, main.o(.text))
<BR><BR>[Called By]<UL><LI><a href="#[a1]">&gt;&gt;</a>&nbsp;&nbsp;&nbsp;Msg_proc
</UL>

<P><STRONG><a name="[a1]"></a>Msg_proc</STRONG> (Thumb, 108 bytes, Stack size 8 bytes, main.o(.text))
<BR><BR>[Stack]<UL><LI>Max Depth = 880 + Unknown Stack Size
<LI>Call Chain = Msg_proc &rArr; PidCanProcess &rArr; RcvCanData &rArr; CanRcvFrame &rArr; CanCcbAfProc &rArr; CanCcbAfDataMsg &rArr; CanCcbAfDataRptAckMsg &rArr; Disp_DinReportAck &rArr; Disp_DinReport &rArr; CanSndSappCmd2 &rArr; SHZNAPP_CanResp &rArr; CanSndBufPush &rArr; SndCanData &rArr; STM32_CANSendMsgNoWait &rArr; STM32_CANSendMsgNoWait_ext &rArr; CAN_Transmit
</UL>
<BR>[Calls]<UL><LI><a href="#[a5]">&gt;&gt;</a>&nbsp;&nbsp;&nbsp;PidSerialProcess
<LI><a href="#[a6]">&gt;&gt;</a>&nbsp;&nbsp;&nbsp;PidCanProcess
<LI><a href="#[a3]">&gt;&gt;</a>&nbsp;&nbsp;&nbsp;PidAdcProcess
<LI><a href="#[a4]">&gt;&gt;</a>&nbsp;&nbsp;&nbsp;Main_Cmd
<LI><a href="#[9b]">&gt;&gt;</a>&nbsp;&nbsp;&nbsp;MainSappProc
<LI><a href="#[97]">&gt;&gt;</a>&nbsp;&nbsp;&nbsp;PidTimerProcess
<LI><a href="#[a2]">&gt;&gt;</a>&nbsp;&nbsp;&nbsp;PidKeyboardProcess
<LI><a href="#[90]">&gt;&gt;</a>&nbsp;&nbsp;&nbsp;PidSelfProcess
</UL>
<BR>[Called By]<UL><LI><a href="#[a7]">&gt;&gt;</a>&nbsp;&nbsp;&nbsp;Main_Entry
</UL>

<P><STRONG><a name="[a7]"></a>Main_Entry</STRONG> (Thumb, 12 bytes, Stack size 8 bytes, main.o(.text))
<BR><BR>[Stack]<UL><LI>Max Depth = 888 + Unknown Stack Size
<LI>Call Chain = Main_Entry &rArr; Msg_proc &rArr; PidCanProcess &rArr; RcvCanData &rArr; CanRcvFrame &rArr; CanCcbAfProc &rArr; CanCcbAfDataMsg &rArr; CanCcbAfDataRptAckMsg &rArr; Disp_DinReportAck &rArr; Disp_DinReport &rArr; CanSndSappCmd2 &rArr; SHZNAPP_CanResp &rArr; CanSndBufPush &rArr; SndCanData &rArr; STM32_CANSendMsgNoWait &rArr; STM32_CANSendMsgNoWait_ext &rArr; CAN_Transmit
</UL>
<BR>[Calls]<UL><LI><a href="#[a1]">&gt;&gt;</a>&nbsp;&nbsp;&nbsp;Msg_proc
</UL>
<BR>[Address Reference Count : 1]<UL><LI> main.o(.text)
</UL>
<P><STRONG><a name="[a8]"></a>MainKickoff</STRONG> (Thumb, 26 bytes, Stack size 8 bytes, main.o(.text))
<BR><BR>[Stack]<UL><LI>Max Depth = 104 + Unknown Stack Size
<LI>Call Chain = MainKickoff &rArr; MessageSend &rArr; queueMessage &rArr; VOS_SemP &rArr; OSSemPost &rArr; OS_EventTaskRdy
</UL>
<BR>[Calls]<UL><LI><a href="#[aa]">&gt;&gt;</a>&nbsp;&nbsp;&nbsp;MessageSend
<LI><a href="#[a9]">&gt;&gt;</a>&nbsp;&nbsp;&nbsp;MessageAlloc
</UL>
<BR>[Called By]<UL><LI><a href="#[62]">&gt;&gt;</a>&nbsp;&nbsp;&nbsp;AppTaskRoot
</UL>

<P><STRONG><a name="[61]"></a>main</STRONG> (Thumb, 86 bytes, Stack size 32 bytes, main.o(.text))
<BR><BR>[Stack]<UL><LI>Max Depth = 176 + Unknown Stack Size
<LI>Call Chain = main &rArr; OSInit &rArr; OS_InitTaskIdle &rArr; OSTaskCreateExt &rArr; OS_TCBInit &rArr; OSTaskCreateHook
</UL>
<BR>[Calls]<UL><LI><a href="#[ac]">&gt;&gt;</a>&nbsp;&nbsp;&nbsp;OSTaskNameSet
<LI><a href="#[b3]">&gt;&gt;</a>&nbsp;&nbsp;&nbsp;OSTaskCreateExt
<LI><a href="#[b4]">&gt;&gt;</a>&nbsp;&nbsp;&nbsp;OSStart
<LI><a href="#[b2]">&gt;&gt;</a>&nbsp;&nbsp;&nbsp;OSInit
<LI><a href="#[b0]">&gt;&gt;</a>&nbsp;&nbsp;&nbsp;NVIC_SetVectorTable
<LI><a href="#[b1]">&gt;&gt;</a>&nbsp;&nbsp;&nbsp;NVIC_PriorityGroupConfig
<LI><a href="#[ae]">&gt;&gt;</a>&nbsp;&nbsp;&nbsp;CPU_IntDis
<LI><a href="#[af]">&gt;&gt;</a>&nbsp;&nbsp;&nbsp;BSP_Init
</UL>
<BR>[Address Reference Count : 1]<UL><LI> entry9a.o(.ARM.Collect$$$$0000000B)
</UL>
<P><STRONG><a name="[6]"></a>NMI_Handler</STRONG> (Thumb, 2 bytes, Stack size 0 bytes, stm32f4xx_it.o(.text))
<BR>[Address Reference Count : 1]<UL><LI> startup_stm32f40_41xxx.o(RESET)
</UL>
<P><STRONG><a name="[7]"></a>HardFault_Handler</STRONG> (Thumb, 4 bytes, Stack size 0 bytes, stm32f4xx_it.o(.text))
<BR>[Address Reference Count : 1]<UL><LI> startup_stm32f40_41xxx.o(RESET)
</UL>
<P><STRONG><a name="[8]"></a>MemManage_Handler</STRONG> (Thumb, 4 bytes, Stack size 0 bytes, stm32f4xx_it.o(.text))
<BR>[Address Reference Count : 1]<UL><LI> startup_stm32f40_41xxx.o(RESET)
</UL>
<P><STRONG><a name="[9]"></a>BusFault_Handler</STRONG> (Thumb, 4 bytes, Stack size 0 bytes, stm32f4xx_it.o(.text))
<BR>[Address Reference Count : 1]<UL><LI> startup_stm32f40_41xxx.o(RESET)
</UL>
<P><STRONG><a name="[a]"></a>UsageFault_Handler</STRONG> (Thumb, 4 bytes, Stack size 0 bytes, stm32f4xx_it.o(.text))
<BR>[Address Reference Count : 1]<UL><LI> startup_stm32f40_41xxx.o(RESET)
</UL>
<P><STRONG><a name="[b]"></a>SVC_Handler</STRONG> (Thumb, 2 bytes, Stack size 0 bytes, stm32f4xx_it.o(.text))
<BR>[Address Reference Count : 1]<UL><LI> startup_stm32f40_41xxx.o(RESET)
</UL>
<P><STRONG><a name="[c]"></a>DebugMon_Handler</STRONG> (Thumb, 2 bytes, Stack size 0 bytes, stm32f4xx_it.o(.text))
<BR>[Address Reference Count : 1]<UL><LI> startup_stm32f40_41xxx.o(RESET)
</UL>
<P><STRONG><a name="[e]"></a>SysTick_Handler</STRONG> (Thumb, 40 bytes, Stack size 8 bytes, stm32f4xx_it.o(.text))
<BR><BR>[Stack]<UL><LI>Max Depth = 152 + Unknown Stack Size
<LI>Call Chain = SysTick_Handler &rArr; OSTimeTick &rArr; OSTimeTickHook &rArr; App_TimeTickHook &rArr; TimerProc &rArr; MessageSend &rArr; queueMessage &rArr; VOS_SemP &rArr; OSSemPost &rArr; OS_EventTaskRdy
</UL>
<BR>[Calls]<UL><LI><a href="#[b5]">&gt;&gt;</a>&nbsp;&nbsp;&nbsp;OS_CPU_SR_Save
<LI><a href="#[b6]">&gt;&gt;</a>&nbsp;&nbsp;&nbsp;OS_CPU_SR_Restore
<LI><a href="#[b7]">&gt;&gt;</a>&nbsp;&nbsp;&nbsp;OSTimeTick
<LI><a href="#[67]">&gt;&gt;</a>&nbsp;&nbsp;&nbsp;OSIntExit
</UL>
<BR>[Address Reference Count : 1]<UL><LI> startup_stm32f40_41xxx.o(RESET)
</UL>
<P><STRONG><a name="[34]"></a>USART1_IRQHandler</STRONG> (Thumb, 48 bytes, Stack size 8 bytes, stm32f4xx_it.o(.text))
<BR><BR>[Stack]<UL><LI>Max Depth = 56<LI>Call Chain = USART1_IRQHandler &rArr; USART_IRQCommHandler &rArr; SerialEnableTx &rArr; stm32_gpio_set_value
</UL>
<BR>[Calls]<UL><LI><a href="#[b9]">&gt;&gt;</a>&nbsp;&nbsp;&nbsp;USART_StdioCommHandler
<LI><a href="#[b8]">&gt;&gt;</a>&nbsp;&nbsp;&nbsp;USART_IRQCommHandler
<LI><a href="#[ba]">&gt;&gt;</a>&nbsp;&nbsp;&nbsp;USART_CmdCommHandler
</UL>
<BR>[Address Reference Count : 1]<UL><LI> startup_stm32f40_41xxx.o(RESET)
</UL>
<P><STRONG><a name="[35]"></a>USART2_IRQHandler</STRONG> (Thumb, 26 bytes, Stack size 8 bytes, stm32f4xx_it.o(.text))
<BR><BR>[Stack]<UL><LI>Max Depth = 56<LI>Call Chain = USART2_IRQHandler &rArr; USART_IRQCommHandler &rArr; SerialEnableTx &rArr; stm32_gpio_set_value
</UL>
<BR>[Calls]<UL><LI><a href="#[b9]">&gt;&gt;</a>&nbsp;&nbsp;&nbsp;USART_StdioCommHandler
<LI><a href="#[b8]">&gt;&gt;</a>&nbsp;&nbsp;&nbsp;USART_IRQCommHandler
</UL>
<BR>[Address Reference Count : 1]<UL><LI> startup_stm32f40_41xxx.o(RESET)
</UL>
<P><STRONG><a name="[36]"></a>USART3_IRQHandler</STRONG> (Thumb, 28 bytes, Stack size 8 bytes, stm32f4xx_it.o(.text))
<BR><BR>[Stack]<UL><LI>Max Depth = 56<LI>Call Chain = USART3_IRQHandler &rArr; USART_IRQCommHandler &rArr; SerialEnableTx &rArr; stm32_gpio_set_value
</UL>
<BR>[Calls]<UL><LI><a href="#[b9]">&gt;&gt;</a>&nbsp;&nbsp;&nbsp;USART_StdioCommHandler
<LI><a href="#[b8]">&gt;&gt;</a>&nbsp;&nbsp;&nbsp;USART_IRQCommHandler
</UL>
<BR>[Address Reference Count : 1]<UL><LI> startup_stm32f40_41xxx.o(RESET)
</UL>
<P><STRONG><a name="[43]"></a>UART4_IRQHandler</STRONG> (Thumb, 28 bytes, Stack size 8 bytes, stm32f4xx_it.o(.text))
<BR><BR>[Stack]<UL><LI>Max Depth = 56<LI>Call Chain = UART4_IRQHandler &rArr; USART_IRQCommHandler &rArr; SerialEnableTx &rArr; stm32_gpio_set_value
</UL>
<BR>[Calls]<UL><LI><a href="#[b9]">&gt;&gt;</a>&nbsp;&nbsp;&nbsp;USART_StdioCommHandler
<LI><a href="#[b8]">&gt;&gt;</a>&nbsp;&nbsp;&nbsp;USART_IRQCommHandler
</UL>
<BR>[Address Reference Count : 1]<UL><LI> startup_stm32f40_41xxx.o(RESET)
</UL>
<P><STRONG><a name="[44]"></a>UART5_IRQHandler</STRONG> (Thumb, 28 bytes, Stack size 8 bytes, stm32f4xx_it.o(.text))
<BR><BR>[Stack]<UL><LI>Max Depth = 56<LI>Call Chain = UART5_IRQHandler &rArr; USART_IRQCommHandler &rArr; SerialEnableTx &rArr; stm32_gpio_set_value
</UL>
<BR>[Calls]<UL><LI><a href="#[b9]">&gt;&gt;</a>&nbsp;&nbsp;&nbsp;USART_StdioCommHandler
<LI><a href="#[b8]">&gt;&gt;</a>&nbsp;&nbsp;&nbsp;USART_IRQCommHandler
</UL>
<BR>[Address Reference Count : 1]<UL><LI> startup_stm32f40_41xxx.o(RESET)
</UL>
<P><STRONG><a name="[56]"></a>USART6_IRQHandler</STRONG> (Thumb, 28 bytes, Stack size 8 bytes, stm32f4xx_it.o(.text))
<BR><BR>[Stack]<UL><LI>Max Depth = 56<LI>Call Chain = USART6_IRQHandler &rArr; USART_IRQCommHandler &rArr; SerialEnableTx &rArr; stm32_gpio_set_value
</UL>
<BR>[Calls]<UL><LI><a href="#[b9]">&gt;&gt;</a>&nbsp;&nbsp;&nbsp;USART_StdioCommHandler
<LI><a href="#[b8]">&gt;&gt;</a>&nbsp;&nbsp;&nbsp;USART_IRQCommHandler
</UL>
<BR>[Address Reference Count : 1]<UL><LI> startup_stm32f40_41xxx.o(RESET)
</UL>
<P><STRONG><a name="[2a]"></a>TIM1_CC_IRQHandler</STRONG> (Thumb, 50 bytes, Stack size 8 bytes, stm32f4xx_it.o(.text))
<BR><BR>[Stack]<UL><LI>Max Depth = 32<LI>Call Chain = TIM1_CC_IRQHandler &rArr; TIM_event_handler
</UL>
<BR>[Calls]<UL><LI><a href="#[bf]">&gt;&gt;</a>&nbsp;&nbsp;&nbsp;TIM_event_handler
<LI><a href="#[be]">&gt;&gt;</a>&nbsp;&nbsp;&nbsp;TIM_SetCompare1
<LI><a href="#[bb]">&gt;&gt;</a>&nbsp;&nbsp;&nbsp;TIM_GetITStatus
<LI><a href="#[bd]">&gt;&gt;</a>&nbsp;&nbsp;&nbsp;TIM_GetCapture1
<LI><a href="#[bc]">&gt;&gt;</a>&nbsp;&nbsp;&nbsp;TIM_ClearITPendingBit
</UL>
<BR>[Address Reference Count : 1]<UL><LI> startup_stm32f40_41xxx.o(RESET)
</UL>
<P><STRONG><a name="[2b]"></a>TIM2_IRQHandler</STRONG> (Thumb, 108 bytes, Stack size 8 bytes, stm32f4xx_it.o(.text))
<BR><BR>[Stack]<UL><LI>Max Depth = 32<LI>Call Chain = TIM2_IRQHandler &rArr; TIM_event_handler
</UL>
<BR>[Calls]<UL><LI><a href="#[bf]">&gt;&gt;</a>&nbsp;&nbsp;&nbsp;TIM_event_handler
<LI><a href="#[bb]">&gt;&gt;</a>&nbsp;&nbsp;&nbsp;TIM_GetITStatus
<LI><a href="#[bc]">&gt;&gt;</a>&nbsp;&nbsp;&nbsp;TIM_ClearITPendingBit
</UL>
<BR>[Address Reference Count : 1]<UL><LI> startup_stm32f40_41xxx.o(RESET)
</UL>
<P><STRONG><a name="[2d]"></a>TIM4_IRQHandler</STRONG> (Thumb, 108 bytes, Stack size 8 bytes, stm32f4xx_it.o(.text))
<BR><BR>[Stack]<UL><LI>Max Depth = 32<LI>Call Chain = TIM4_IRQHandler &rArr; TIM_event_handler
</UL>
<BR>[Calls]<UL><LI><a href="#[bf]">&gt;&gt;</a>&nbsp;&nbsp;&nbsp;TIM_event_handler
<LI><a href="#[bb]">&gt;&gt;</a>&nbsp;&nbsp;&nbsp;TIM_GetITStatus
<LI><a href="#[bc]">&gt;&gt;</a>&nbsp;&nbsp;&nbsp;TIM_ClearITPendingBit
</UL>
<BR>[Address Reference Count : 1]<UL><LI> startup_stm32f40_41xxx.o(RESET)
</UL>
<P><STRONG><a name="[23]"></a>CAN1_RX0_IRQHandler</STRONG> (Thumb, 40 bytes, Stack size 8 bytes, stm32f4xx_it.o(.text))
<BR><BR>[Stack]<UL><LI>Max Depth = 104 + Unknown Stack Size
<LI>Call Chain = CAN1_RX0_IRQHandler &rArr; MessageSend &rArr; queueMessage &rArr; VOS_SemP &rArr; OSSemPost &rArr; OS_EventTaskRdy
</UL>
<BR>[Calls]<UL><LI><a href="#[c0]">&gt;&gt;</a>&nbsp;&nbsp;&nbsp;CAN_Receive
<LI><a href="#[aa]">&gt;&gt;</a>&nbsp;&nbsp;&nbsp;MessageSend
<LI><a href="#[a9]">&gt;&gt;</a>&nbsp;&nbsp;&nbsp;MessageAlloc
</UL>
<BR>[Address Reference Count : 1]<UL><LI> startup_stm32f40_41xxx.o(RESET)
</UL>
<P><STRONG><a name="[24]"></a>CAN1_RX1_IRQHandler</STRONG> (Thumb, 40 bytes, Stack size 8 bytes, stm32f4xx_it.o(.text))
<BR><BR>[Stack]<UL><LI>Max Depth = 104 + Unknown Stack Size
<LI>Call Chain = CAN1_RX1_IRQHandler &rArr; MessageSend &rArr; queueMessage &rArr; VOS_SemP &rArr; OSSemPost &rArr; OS_EventTaskRdy
</UL>
<BR>[Calls]<UL><LI><a href="#[c0]">&gt;&gt;</a>&nbsp;&nbsp;&nbsp;CAN_Receive
<LI><a href="#[aa]">&gt;&gt;</a>&nbsp;&nbsp;&nbsp;MessageSend
<LI><a href="#[a9]">&gt;&gt;</a>&nbsp;&nbsp;&nbsp;MessageAlloc
</UL>
<BR>[Address Reference Count : 1]<UL><LI> startup_stm32f40_41xxx.o(RESET)
</UL>
<P><STRONG><a name="[22]"></a>CAN1_TX_IRQHandler</STRONG> (Thumb, 76 bytes, Stack size 8 bytes, stm32f4xx_it.o(.text))
<BR><BR>[Stack]<UL><LI>Max Depth = 112 + Unknown Stack Size
<LI>Call Chain = CAN1_TX_IRQHandler &rArr; SndCanData &rArr; STM32_CANSendMsgNoWait &rArr; STM32_CANSendMsgNoWait_ext &rArr; CAN_Transmit
</UL>
<BR>[Calls]<UL><LI><a href="#[c3]">&gt;&gt;</a>&nbsp;&nbsp;&nbsp;SndCanData
<LI><a href="#[c1]">&gt;&gt;</a>&nbsp;&nbsp;&nbsp;CAN_GetITStatus
<LI><a href="#[c2]">&gt;&gt;</a>&nbsp;&nbsp;&nbsp;CAN_ClearITPendingBit
</UL>
<BR>[Address Reference Count : 1]<UL><LI> startup_stm32f40_41xxx.o(RESET)
</UL>
<P><STRONG><a name="[15]"></a>EXTI0_IRQHandler</STRONG> (Thumb, 16 bytes, Stack size 8 bytes, stm32f4xx_it.o(.text))
<BR><BR>[Stack]<UL><LI>Max Depth = 40<LI>Call Chain = EXTI0_IRQHandler &rArr; sensor_event_handler
</UL>
<BR>[Calls]<UL><LI><a href="#[c5]">&gt;&gt;</a>&nbsp;&nbsp;&nbsp;sensor_event_handler
<LI><a href="#[c4]">&gt;&gt;</a>&nbsp;&nbsp;&nbsp;EXTI_ClearITPendingBit
</UL>
<BR>[Address Reference Count : 1]<UL><LI> startup_stm32f40_41xxx.o(RESET)
</UL>
<P><STRONG><a name="[16]"></a>EXTI1_IRQHandler</STRONG> (Thumb, 16 bytes, Stack size 8 bytes, stm32f4xx_it.o(.text))
<BR><BR>[Stack]<UL><LI>Max Depth = 40<LI>Call Chain = EXTI1_IRQHandler &rArr; sensor_event_handler
</UL>
<BR>[Calls]<UL><LI><a href="#[c5]">&gt;&gt;</a>&nbsp;&nbsp;&nbsp;sensor_event_handler
<LI><a href="#[c4]">&gt;&gt;</a>&nbsp;&nbsp;&nbsp;EXTI_ClearITPendingBit
</UL>
<BR>[Address Reference Count : 1]<UL><LI> startup_stm32f40_41xxx.o(RESET)
</UL>
<P><STRONG><a name="[17]"></a>EXTI2_IRQHandler</STRONG> (Thumb, 16 bytes, Stack size 8 bytes, stm32f4xx_it.o(.text))
<BR><BR>[Stack]<UL><LI>Max Depth = 40<LI>Call Chain = EXTI2_IRQHandler &rArr; sensor_event_handler
</UL>
<BR>[Calls]<UL><LI><a href="#[c5]">&gt;&gt;</a>&nbsp;&nbsp;&nbsp;sensor_event_handler
<LI><a href="#[c4]">&gt;&gt;</a>&nbsp;&nbsp;&nbsp;EXTI_ClearITPendingBit
</UL>
<BR>[Address Reference Count : 1]<UL><LI> startup_stm32f40_41xxx.o(RESET)
</UL>
<P><STRONG><a name="[18]"></a>EXTI3_IRQHandler</STRONG> (Thumb, 16 bytes, Stack size 8 bytes, stm32f4xx_it.o(.text))
<BR><BR>[Stack]<UL><LI>Max Depth = 40<LI>Call Chain = EXTI3_IRQHandler &rArr; sensor_event_handler
</UL>
<BR>[Calls]<UL><LI><a href="#[c5]">&gt;&gt;</a>&nbsp;&nbsp;&nbsp;sensor_event_handler
<LI><a href="#[c4]">&gt;&gt;</a>&nbsp;&nbsp;&nbsp;EXTI_ClearITPendingBit
</UL>
<BR>[Address Reference Count : 1]<UL><LI> startup_stm32f40_41xxx.o(RESET)
</UL>
<P><STRONG><a name="[19]"></a>EXTI4_IRQHandler</STRONG> (Thumb, 16 bytes, Stack size 8 bytes, stm32f4xx_it.o(.text))
<BR><BR>[Stack]<UL><LI>Max Depth = 40<LI>Call Chain = EXTI4_IRQHandler &rArr; sensor_event_handler
</UL>
<BR>[Calls]<UL><LI><a href="#[c5]">&gt;&gt;</a>&nbsp;&nbsp;&nbsp;sensor_event_handler
<LI><a href="#[c4]">&gt;&gt;</a>&nbsp;&nbsp;&nbsp;EXTI_ClearITPendingBit
</UL>
<BR>[Address Reference Count : 1]<UL><LI> startup_stm32f40_41xxx.o(RESET)
</UL>
<P><STRONG><a name="[26]"></a>EXTI9_5_IRQHandler</STRONG> (Thumb, 112 bytes, Stack size 8 bytes, stm32f4xx_it.o(.text))
<BR><BR>[Stack]<UL><LI>Max Depth = 40<LI>Call Chain = EXTI9_5_IRQHandler &rArr; sensor_event_handler
</UL>
<BR>[Calls]<UL><LI><a href="#[c5]">&gt;&gt;</a>&nbsp;&nbsp;&nbsp;sensor_event_handler
<LI><a href="#[c6]">&gt;&gt;</a>&nbsp;&nbsp;&nbsp;EXTI_GetITStatus
<LI><a href="#[c4]">&gt;&gt;</a>&nbsp;&nbsp;&nbsp;EXTI_ClearITPendingBit
</UL>
<BR>[Address Reference Count : 1]<UL><LI> startup_stm32f40_41xxx.o(RESET)
</UL>
<P><STRONG><a name="[37]"></a>EXTI15_10_IRQHandler</STRONG> (Thumb, 148 bytes, Stack size 8 bytes, stm32f4xx_it.o(.text))
<BR><BR>[Stack]<UL><LI>Max Depth = 40<LI>Call Chain = EXTI15_10_IRQHandler &rArr; sensor_event_handler
</UL>
<BR>[Calls]<UL><LI><a href="#[c5]">&gt;&gt;</a>&nbsp;&nbsp;&nbsp;sensor_event_handler
<LI><a href="#[c6]">&gt;&gt;</a>&nbsp;&nbsp;&nbsp;EXTI_GetITStatus
<LI><a href="#[c4]">&gt;&gt;</a>&nbsp;&nbsp;&nbsp;EXTI_ClearITPendingBit
</UL>
<BR>[Address Reference Count : 1]<UL><LI> startup_stm32f40_41xxx.o(RESET)
</UL>
<P><STRONG><a name="[21]"></a>ADC_IRQHandler</STRONG> (Thumb, 54 bytes, Stack size 8 bytes, stm32f4xx_it.o(.text))
<BR><BR>[Stack]<UL><LI>Max Depth = 24<LI>Call Chain = ADC_IRQHandler &rArr; ADC_GetITStatus
</UL>
<BR>[Calls]<UL><LI><a href="#[c7]">&gt;&gt;</a>&nbsp;&nbsp;&nbsp;ADC_GetITStatus
<LI><a href="#[c8]">&gt;&gt;</a>&nbsp;&nbsp;&nbsp;ADC_ClearITPendingBit
</UL>
<BR>[Address Reference Count : 1]<UL><LI> startup_stm32f40_41xxx.o(RESET)
</UL>
<P><STRONG><a name="[47]"></a>DMA2_Stream0_IRQHandler</STRONG> (Thumb, 54 bytes, Stack size 8 bytes, stm32f4xx_it.o(.text))
<BR><BR>[Stack]<UL><LI>Max Depth = 104 + Unknown Stack Size
<LI>Call Chain = DMA2_Stream0_IRQHandler &rArr; MessageSend &rArr; queueMessage &rArr; VOS_SemP &rArr; OSSemPost &rArr; OS_EventTaskRdy
</UL>
<BR>[Calls]<UL><LI><a href="#[cc]">&gt;&gt;</a>&nbsp;&nbsp;&nbsp;Oversampling_GetConversion
<LI><a href="#[cb]">&gt;&gt;</a>&nbsp;&nbsp;&nbsp;DMA_Cmd
<LI><a href="#[c9]">&gt;&gt;</a>&nbsp;&nbsp;&nbsp;DMA_ClearFlag
<LI><a href="#[ca]">&gt;&gt;</a>&nbsp;&nbsp;&nbsp;ADC_Cmd
<LI><a href="#[aa]">&gt;&gt;</a>&nbsp;&nbsp;&nbsp;MessageSend
<LI><a href="#[a9]">&gt;&gt;</a>&nbsp;&nbsp;&nbsp;MessageAlloc
</UL>
<BR>[Address Reference Count : 1]<UL><LI> startup_stm32f40_41xxx.o(RESET)
</UL>
<P><STRONG><a name="[64]"></a>SystemInit</STRONG> (Thumb, 88 bytes, Stack size 8 bytes, system_stm32f4xx.o(.text))
<BR><BR>[Stack]<UL><LI>Max Depth = 20<LI>Call Chain = SystemInit &rArr; SetSysClock
</UL>
<BR>[Calls]<UL><LI><a href="#[cd]">&gt;&gt;</a>&nbsp;&nbsp;&nbsp;SetSysClock
</UL>
<BR>[Called By]<UL><LI><a href="#[af]">&gt;&gt;</a>&nbsp;&nbsp;&nbsp;BSP_Init
</UL>
<BR>[Address Reference Count : 1]<UL><LI> startup_stm32f40_41xxx.o(.text)
</UL>
<P><STRONG><a name="[363]"></a>SystemCoreClockUpdate</STRONG> (Thumb, 174 bytes, Stack size 16 bytes, system_stm32f4xx.o(.text), UNUSED)

<P><STRONG><a name="[84]"></a>AlarmInit</STRONG> (Thumb, 22 bytes, Stack size 8 bytes, beep.o(.text))
<BR><BR>[Stack]<UL><LI>Max Depth = 32<LI>Call Chain = AlarmInit &rArr; stm32_gpio_cfgpin
</UL>
<BR>[Calls]<UL><LI><a href="#[cf]">&gt;&gt;</a>&nbsp;&nbsp;&nbsp;stm32_gpio_set_value
<LI><a href="#[ce]">&gt;&gt;</a>&nbsp;&nbsp;&nbsp;stm32_gpio_cfgpin
</UL>
<BR>[Called By]<UL><LI><a href="#[78]">&gt;&gt;</a>&nbsp;&nbsp;&nbsp;MainInit
</UL>

<P><STRONG><a name="[98]"></a>Alarm</STRONG> (Thumb, 26 bytes, Stack size 8 bytes, beep.o(.text))
<BR><BR>[Stack]<UL><LI>Max Depth = 24<LI>Call Chain = Alarm &rArr; stm32_gpio_set_value
</UL>
<BR>[Calls]<UL><LI><a href="#[cf]">&gt;&gt;</a>&nbsp;&nbsp;&nbsp;stm32_gpio_set_value
</UL>
<BR>[Called By]<UL><LI><a href="#[9c]">&gt;&gt;</a>&nbsp;&nbsp;&nbsp;MainAlarmWithDuration
<LI><a href="#[97]">&gt;&gt;</a>&nbsp;&nbsp;&nbsp;PidTimerProcess
</UL>

<P><STRONG><a name="[d0]"></a>AlarmToggle</STRONG> (Thumb, 10 bytes, Stack size 8 bytes, beep.o(.text), UNUSED)
<BR><BR>[Calls]<UL><LI><a href="#[d1]">&gt;&gt;</a>&nbsp;&nbsp;&nbsp;stm32_gpio_toggle_value
</UL>

<P><STRONG><a name="[9c]"></a>MainAlarmWithDuration</STRONG> (Thumb, 50 bytes, Stack size 8 bytes, beep.o(.text))
<BR><BR>[Stack]<UL><LI>Max Depth = 56 + Unknown Stack Size
<LI>Call Chain = MainAlarmWithDuration &rArr; AddTimer &rArr; ModTimer
</UL>
<BR>[Calls]<UL><LI><a href="#[98]">&gt;&gt;</a>&nbsp;&nbsp;&nbsp;Alarm
<LI><a href="#[8f]">&gt;&gt;</a>&nbsp;&nbsp;&nbsp;AddTimer
</UL>
<BR>[Called By]<UL><LI><a href="#[9b]">&gt;&gt;</a>&nbsp;&nbsp;&nbsp;MainSappProc
<LI><a href="#[1ba]">&gt;&gt;</a>&nbsp;&nbsp;&nbsp;Modbus_MsgHandler
<LI><a href="#[16a]">&gt;&gt;</a>&nbsp;&nbsp;&nbsp;Config_Entry
<LI><a href="#[156]">&gt;&gt;</a>&nbsp;&nbsp;&nbsp;CanRcvFrame
</UL>

<P><STRONG><a name="[83]"></a>BeepInit</STRONG> (Thumb, 22 bytes, Stack size 8 bytes, beep.o(.text))
<BR><BR>[Stack]<UL><LI>Max Depth = 32<LI>Call Chain = BeepInit &rArr; stm32_gpio_cfgpin
</UL>
<BR>[Calls]<UL><LI><a href="#[cf]">&gt;&gt;</a>&nbsp;&nbsp;&nbsp;stm32_gpio_set_value
<LI><a href="#[ce]">&gt;&gt;</a>&nbsp;&nbsp;&nbsp;stm32_gpio_cfgpin
</UL>
<BR>[Called By]<UL><LI><a href="#[78]">&gt;&gt;</a>&nbsp;&nbsp;&nbsp;MainInit
</UL>

<P><STRONG><a name="[d2]"></a>Beep</STRONG> (Thumb, 26 bytes, Stack size 8 bytes, beep.o(.text))
<BR><BR>[Stack]<UL><LI>Max Depth = 24<LI>Call Chain = Beep &rArr; stm32_gpio_set_value
</UL>
<BR>[Calls]<UL><LI><a href="#[cf]">&gt;&gt;</a>&nbsp;&nbsp;&nbsp;stm32_gpio_set_value
</UL>
<BR>[Called By]<UL><LI><a href="#[d4]">&gt;&gt;</a>&nbsp;&nbsp;&nbsp;MainBeepWithDuration
</UL>

<P><STRONG><a name="[d3]"></a>BeepToggle</STRONG> (Thumb, 10 bytes, Stack size 8 bytes, beep.o(.text), UNUSED)
<BR><BR>[Calls]<UL><LI><a href="#[d1]">&gt;&gt;</a>&nbsp;&nbsp;&nbsp;stm32_gpio_toggle_value
</UL>

<P><STRONG><a name="[d4]"></a>MainBeepWithDuration</STRONG> (Thumb, 50 bytes, Stack size 8 bytes, beep.o(.text))
<BR><BR>[Stack]<UL><LI>Max Depth = 56 + Unknown Stack Size
<LI>Call Chain = MainBeepWithDuration &rArr; AddTimer &rArr; ModTimer
</UL>
<BR>[Calls]<UL><LI><a href="#[d2]">&gt;&gt;</a>&nbsp;&nbsp;&nbsp;Beep
<LI><a href="#[8f]">&gt;&gt;</a>&nbsp;&nbsp;&nbsp;AddTimer
</UL>
<BR>[Called By]<UL><LI><a href="#[16a]">&gt;&gt;</a>&nbsp;&nbsp;&nbsp;Config_Entry
</UL>

<P><STRONG><a name="[85]"></a>RunInit</STRONG> (Thumb, 22 bytes, Stack size 8 bytes, beep.o(.text))
<BR><BR>[Stack]<UL><LI>Max Depth = 32<LI>Call Chain = RunInit &rArr; stm32_gpio_cfgpin
</UL>
<BR>[Calls]<UL><LI><a href="#[cf]">&gt;&gt;</a>&nbsp;&nbsp;&nbsp;stm32_gpio_set_value
<LI><a href="#[ce]">&gt;&gt;</a>&nbsp;&nbsp;&nbsp;stm32_gpio_cfgpin
</UL>
<BR>[Called By]<UL><LI><a href="#[78]">&gt;&gt;</a>&nbsp;&nbsp;&nbsp;MainInit
</UL>

<P><STRONG><a name="[d5]"></a>Run</STRONG> (Thumb, 26 bytes, Stack size 8 bytes, beep.o(.text), UNUSED)
<BR><BR>[Calls]<UL><LI><a href="#[cf]">&gt;&gt;</a>&nbsp;&nbsp;&nbsp;stm32_gpio_set_value
</UL>

<P><STRONG><a name="[94]"></a>RunToggle</STRONG> (Thumb, 10 bytes, Stack size 8 bytes, beep.o(.text))
<BR><BR>[Stack]<UL><LI>Max Depth = 24<LI>Call Chain = RunToggle &rArr; stm32_gpio_toggle_value
</UL>
<BR>[Calls]<UL><LI><a href="#[d1]">&gt;&gt;</a>&nbsp;&nbsp;&nbsp;stm32_gpio_toggle_value
</UL>
<BR>[Called By]<UL><LI><a href="#[93]">&gt;&gt;</a>&nbsp;&nbsp;&nbsp;SecondTimer
</UL>

<P><STRONG><a name="[d6]"></a>NVIC_Configuration</STRONG> (Thumb, 64 bytes, Stack size 8 bytes, adc.o(.text))
<BR><BR>[Stack]<UL><LI>Max Depth = 24<LI>Call Chain = NVIC_Configuration &rArr; NVIC_Init
</UL>
<BR>[Calls]<UL><LI><a href="#[d7]">&gt;&gt;</a>&nbsp;&nbsp;&nbsp;NVIC_Init
</UL>
<BR>[Called By]<UL><LI><a href="#[8a]">&gt;&gt;</a>&nbsp;&nbsp;&nbsp;ADC_Meas_Init
</UL>

<P><STRONG><a name="[d8]"></a>TIM2_Handler</STRONG> (Thumb, 48 bytes, Stack size 24 bytes, adc.o(.text))
<BR><BR>[Stack]<UL><LI>Max Depth = 24<LI>Call Chain = TIM2_Handler
</UL>
<BR>[Calls]<UL><LI><a href="#[d9]">&gt;&gt;</a>&nbsp;&nbsp;&nbsp;ADC_SoftwareStartConv
<LI><a href="#[ca]">&gt;&gt;</a>&nbsp;&nbsp;&nbsp;ADC_Cmd
</UL>
<BR>[Address Reference Count : 1]<UL><LI> adc.o(.text)
</UL>
<P><STRONG><a name="[da]"></a>TIM2_Configuration</STRONG> (Thumb, 34 bytes, Stack size 16 bytes, adc.o(.text))
<BR><BR>[Stack]<UL><LI>Max Depth = 84 + Unknown Stack Size
<LI>Call Chain = TIM2_Configuration &rArr; TIM_Init_General &rArr; RCC_GetClocksFreq
</UL>
<BR>[Calls]<UL><LI><a href="#[dc]">&gt;&gt;</a>&nbsp;&nbsp;&nbsp;TIM_InstallHandler
<LI><a href="#[db]">&gt;&gt;</a>&nbsp;&nbsp;&nbsp;TIM_Init_General
</UL>
<BR>[Called By]<UL><LI><a href="#[8a]">&gt;&gt;</a>&nbsp;&nbsp;&nbsp;ADC_Meas_Init
</UL>

<P><STRONG><a name="[8a]"></a>ADC_Meas_Init</STRONG> (Thumb, 128 bytes, Stack size 16 bytes, adc.o(.text))
<BR><BR>[Stack]<UL><LI>Max Depth = 204 + Unknown Stack Size
<LI>Call Chain = ADC_Meas_Init &rArr; ADC_DMA_Configuration &rArr; ADC_DMA_Configuration_ex &rArr; ADC_RegularChannelConfig
</UL>
<BR>[Calls]<UL><LI><a href="#[de]">&gt;&gt;</a>&nbsp;&nbsp;&nbsp;RCC_APB2PeriphClockCmd
<LI><a href="#[dd]">&gt;&gt;</a>&nbsp;&nbsp;&nbsp;RCC_AHB1PeriphClockCmd
<LI><a href="#[df]">&gt;&gt;</a>&nbsp;&nbsp;&nbsp;GPIO_StructInit
<LI><a href="#[e0]">&gt;&gt;</a>&nbsp;&nbsp;&nbsp;GPIO_Init
<LI><a href="#[d9]">&gt;&gt;</a>&nbsp;&nbsp;&nbsp;ADC_SoftwareStartConv
<LI><a href="#[e1]">&gt;&gt;</a>&nbsp;&nbsp;&nbsp;ADC_DMA_Configuration
<LI><a href="#[da]">&gt;&gt;</a>&nbsp;&nbsp;&nbsp;TIM2_Configuration
<LI><a href="#[d6]">&gt;&gt;</a>&nbsp;&nbsp;&nbsp;NVIC_Configuration
</UL>
<BR>[Called By]<UL><LI><a href="#[78]">&gt;&gt;</a>&nbsp;&nbsp;&nbsp;MainInit
</UL>

<P><STRONG><a name="[cc]"></a>Oversampling_GetConversion</STRONG> (Thumb, 100 bytes, Stack size 0 bytes, adc.o(.text))
<BR><BR>[Called By]<UL><LI><a href="#[47]">&gt;&gt;</a>&nbsp;&nbsp;&nbsp;DMA2_Stream0_IRQHandler
</UL>

<P><STRONG><a name="[e2]"></a>GetAdcData</STRONG> (Thumb, 18 bytes, Stack size 0 bytes, adc.o(.text))
<BR><BR>[Called By]<UL><LI><a href="#[a3]">&gt;&gt;</a>&nbsp;&nbsp;&nbsp;PidAdcProcess
</UL>

<P><STRONG><a name="[a3]"></a>PidAdcProcess</STRONG> (Thumb, 110 bytes, Stack size 12 bytes, adc.o(.text))
<BR><BR>[Stack]<UL><LI>Max Depth = 12<LI>Call Chain = PidAdcProcess
</UL>
<BR>[Calls]<UL><LI><a href="#[e2]">&gt;&gt;</a>&nbsp;&nbsp;&nbsp;GetAdcData
</UL>
<BR>[Called By]<UL><LI><a href="#[a1]">&gt;&gt;</a>&nbsp;&nbsp;&nbsp;Msg_proc
</UL>

<P><STRONG><a name="[e3]"></a>Ioctrl_input_get_key_state</STRONG> (Thumb, 16 bytes, Stack size 8 bytes, dica.o(.text))
<BR><BR>[Stack]<UL><LI>Max Depth = 8<LI>Call Chain = Ioctrl_input_get_key_state
</UL>
<BR>[Calls]<UL><LI><a href="#[e4]">&gt;&gt;</a>&nbsp;&nbsp;&nbsp;GPIO_ReadInputData
</UL>
<BR>[Called By]<UL><LI><a href="#[e5]">&gt;&gt;</a>&nbsp;&nbsp;&nbsp;Ioctrl_input_Keys_Get_Report
</UL>

<P><STRONG><a name="[ed]"></a>Ioctrl_input_Debounce_Init</STRONG> (Thumb, 24 bytes, Stack size 0 bytes, dica.o(.text))
<BR><BR>[Called By]<UL><LI><a href="#[82]">&gt;&gt;</a>&nbsp;&nbsp;&nbsp;Ioctrl_input_init
</UL>

<P><STRONG><a name="[e7]"></a>Ioctrl_input_age_debounce_queue</STRONG> (Thumb, 40 bytes, Stack size 0 bytes, dica.o(.text))
<BR><BR>[Called By]<UL><LI><a href="#[e5]">&gt;&gt;</a>&nbsp;&nbsp;&nbsp;Ioctrl_input_Keys_Get_Report
</UL>

<P><STRONG><a name="[e6]"></a>Ioctrl_input_debounce</STRONG> (Thumb, 92 bytes, Stack size 0 bytes, dica.o(.text))
<BR><BR>[Called By]<UL><LI><a href="#[e5]">&gt;&gt;</a>&nbsp;&nbsp;&nbsp;Ioctrl_input_Keys_Get_Report
</UL>

<P><STRONG><a name="[e5]"></a>Ioctrl_input_Keys_Get_Report</STRONG> (Thumb, 172 bytes, Stack size 16 bytes, dica.o(.text))
<BR><BR>[Stack]<UL><LI>Max Depth = 24<LI>Call Chain = Ioctrl_input_Keys_Get_Report &rArr; Ioctrl_input_get_key_state
</UL>
<BR>[Calls]<UL><LI><a href="#[e6]">&gt;&gt;</a>&nbsp;&nbsp;&nbsp;Ioctrl_input_debounce
<LI><a href="#[e7]">&gt;&gt;</a>&nbsp;&nbsp;&nbsp;Ioctrl_input_age_debounce_queue
<LI><a href="#[e3]">&gt;&gt;</a>&nbsp;&nbsp;&nbsp;Ioctrl_input_get_key_state
</UL>
<BR>[Called By]<UL><LI><a href="#[99]">&gt;&gt;</a>&nbsp;&nbsp;&nbsp;InputStateReport
</UL>

<P><STRONG><a name="[e9]"></a>GetInputLogicStatus</STRONG> (Thumb, 24 bytes, Stack size 0 bytes, dica.o(.text))
<BR><BR>[Called By]<UL><LI><a href="#[e8]">&gt;&gt;</a>&nbsp;&nbsp;&nbsp;GetAllInputLogicState
<LI><a href="#[13a]">&gt;&gt;</a>&nbsp;&nbsp;&nbsp;Disp_ModbusReadInputStatus
</UL>

<P><STRONG><a name="[e8]"></a>GetAllInputLogicState</STRONG> (Thumb, 36 bytes, Stack size 12 bytes, dica.o(.text))
<BR><BR>[Stack]<UL><LI>Max Depth = 12<LI>Call Chain = GetAllInputLogicState
</UL>
<BR>[Calls]<UL><LI><a href="#[e9]">&gt;&gt;</a>&nbsp;&nbsp;&nbsp;GetInputLogicStatus
</UL>
<BR>[Called By]<UL><LI><a href="#[82]">&gt;&gt;</a>&nbsp;&nbsp;&nbsp;Ioctrl_input_init
<LI><a href="#[99]">&gt;&gt;</a>&nbsp;&nbsp;&nbsp;InputStateReport
</UL>

<P><STRONG><a name="[99]"></a>InputStateReport</STRONG> (Thumb, 36 bytes, Stack size 8 bytes, dica.o(.text))
<BR><BR>[Stack]<UL><LI>Max Depth = 496 + Unknown Stack Size
<LI>Call Chain = InputStateReport &rArr; Disp_DinStateChange &rArr; Disp_DinReport &rArr; CanSndSappCmd2 &rArr; SHZNAPP_CanResp &rArr; CanSndBufPush &rArr; SndCanData &rArr; STM32_CANSendMsgNoWait &rArr; STM32_CANSendMsgNoWait_ext &rArr; CAN_Transmit
</UL>
<BR>[Calls]<UL><LI><a href="#[ea]">&gt;&gt;</a>&nbsp;&nbsp;&nbsp;Disp_DinStateChange
<LI><a href="#[e8]">&gt;&gt;</a>&nbsp;&nbsp;&nbsp;GetAllInputLogicState
<LI><a href="#[e5]">&gt;&gt;</a>&nbsp;&nbsp;&nbsp;Ioctrl_input_Keys_Get_Report
</UL>
<BR>[Called By]<UL><LI><a href="#[97]">&gt;&gt;</a>&nbsp;&nbsp;&nbsp;PidTimerProcess
</UL>

<P><STRONG><a name="[ec]"></a>Ioctrl_input_keys_init</STRONG> (Thumb, 38 bytes, Stack size 0 bytes, dica.o(.text))
<BR><BR>[Called By]<UL><LI><a href="#[eb]">&gt;&gt;</a>&nbsp;&nbsp;&nbsp;InputReset
<LI><a href="#[82]">&gt;&gt;</a>&nbsp;&nbsp;&nbsp;Ioctrl_input_init
</UL>

<P><STRONG><a name="[eb]"></a>InputReset</STRONG> (Thumb, 8 bytes, Stack size 4 bytes, dica.o(.text))
<BR><BR>[Stack]<UL><LI>Max Depth = 4<LI>Call Chain = InputReset
</UL>
<BR>[Calls]<UL><LI><a href="#[ec]">&gt;&gt;</a>&nbsp;&nbsp;&nbsp;Ioctrl_input_keys_init
</UL>
<BR>[Called By]<UL><LI><a href="#[144]">&gt;&gt;</a>&nbsp;&nbsp;&nbsp;CanCcbAfDataClientClientHostResetMsg
</UL>

<P><STRONG><a name="[82]"></a>Ioctrl_input_init</STRONG> (Thumb, 74 bytes, Stack size 8 bytes, dica.o(.text))
<BR><BR>[Stack]<UL><LI>Max Depth = 32<LI>Call Chain = Ioctrl_input_init &rArr; stm32_gpio_cfgpin
</UL>
<BR>[Calls]<UL><LI><a href="#[f0]">&gt;&gt;</a>&nbsp;&nbsp;&nbsp;RCC_LSEConfig
<LI><a href="#[ee]">&gt;&gt;</a>&nbsp;&nbsp;&nbsp;RCC_APB1PeriphClockCmd
<LI><a href="#[ef]">&gt;&gt;</a>&nbsp;&nbsp;&nbsp;PWR_BackupAccessCmd
<LI><a href="#[ec]">&gt;&gt;</a>&nbsp;&nbsp;&nbsp;Ioctrl_input_keys_init
<LI><a href="#[e8]">&gt;&gt;</a>&nbsp;&nbsp;&nbsp;GetAllInputLogicState
<LI><a href="#[ed]">&gt;&gt;</a>&nbsp;&nbsp;&nbsp;Ioctrl_input_Debounce_Init
<LI><a href="#[de]">&gt;&gt;</a>&nbsp;&nbsp;&nbsp;RCC_APB2PeriphClockCmd
<LI><a href="#[ce]">&gt;&gt;</a>&nbsp;&nbsp;&nbsp;stm32_gpio_cfgpin
</UL>
<BR>[Called By]<UL><LI><a href="#[78]">&gt;&gt;</a>&nbsp;&nbsp;&nbsp;MainInit
</UL>

<P><STRONG><a name="[81]"></a>InitRelays</STRONG> (Thumb, 58 bytes, Stack size 8 bytes, relay.o(.text))
<BR><BR>[Stack]<UL><LI>Max Depth = 32<LI>Call Chain = InitRelays &rArr; stm32_gpio_cfgpin
</UL>
<BR>[Calls]<UL><LI><a href="#[cf]">&gt;&gt;</a>&nbsp;&nbsp;&nbsp;stm32_gpio_set_value
<LI><a href="#[ce]">&gt;&gt;</a>&nbsp;&nbsp;&nbsp;stm32_gpio_cfgpin
<LI><a href="#[f1]">&gt;&gt;</a>&nbsp;&nbsp;&nbsp;__aeabi_memclr4
</UL>
<BR>[Called By]<UL><LI><a href="#[78]">&gt;&gt;</a>&nbsp;&nbsp;&nbsp;MainInit
</UL>

<P><STRONG><a name="[f2]"></a>RelayLogicCtrl</STRONG> (Thumb, 18 bytes, Stack size 16 bytes, relay.o(.text))
<BR><BR>[Stack]<UL><LI>Max Depth = 32<LI>Call Chain = RelayLogicCtrl &rArr; stm32_gpio_set_value
</UL>
<BR>[Calls]<UL><LI><a href="#[cf]">&gt;&gt;</a>&nbsp;&nbsp;&nbsp;stm32_gpio_set_value
</UL>
<BR>[Called By]<UL><LI><a href="#[fb]">&gt;&gt;</a>&nbsp;&nbsp;&nbsp;RelayLogicTurnonAll
<LI><a href="#[fa]">&gt;&gt;</a>&nbsp;&nbsp;&nbsp;RelayLogicTurnoffAll
<LI><a href="#[f7]">&gt;&gt;</a>&nbsp;&nbsp;&nbsp;RelayPulse
<LI><a href="#[f6]">&gt;&gt;</a>&nbsp;&nbsp;&nbsp;RelayPulse_cb
<LI><a href="#[18e]">&gt;&gt;</a>&nbsp;&nbsp;&nbsp;ValveCtrl
</UL>

<P><STRONG><a name="[f3]"></a>GetRelayLogicStatus</STRONG> (Thumb, 16 bytes, Stack size 8 bytes, relay.o(.text))
<BR><BR>[Stack]<UL><LI>Max Depth = 24<LI>Call Chain = GetRelayLogicStatus &rArr; stm32_gpio_get_value
</UL>
<BR>[Calls]<UL><LI><a href="#[f4]">&gt;&gt;</a>&nbsp;&nbsp;&nbsp;stm32_gpio_get_value
</UL>
<BR>[Called By]<UL><LI><a href="#[f9]">&gt;&gt;</a>&nbsp;&nbsp;&nbsp;GetAllRelayLogicStatus
<LI><a href="#[18f]">&gt;&gt;</a>&nbsp;&nbsp;&nbsp;ValveGetStatus
<LI><a href="#[190]">&gt;&gt;</a>&nbsp;&nbsp;&nbsp;ValveGetAllStatus
</UL>

<P><STRONG><a name="[f5]"></a>RelayToggle</STRONG> (Thumb, 14 bytes, Stack size 8 bytes, relay.o(.text), UNUSED)
<BR><BR>[Calls]<UL><LI><a href="#[d1]">&gt;&gt;</a>&nbsp;&nbsp;&nbsp;stm32_gpio_toggle_value
</UL>

<P><STRONG><a name="[f6]"></a>RelayPulse_cb</STRONG> (Thumb, 24 bytes, Stack size 16 bytes, relay.o(.text))
<BR><BR>[Stack]<UL><LI>Max Depth = 48<LI>Call Chain = RelayPulse_cb &rArr; RelayLogicCtrl &rArr; stm32_gpio_set_value
</UL>
<BR>[Calls]<UL><LI><a href="#[f2]">&gt;&gt;</a>&nbsp;&nbsp;&nbsp;RelayLogicCtrl
</UL>
<BR>[Address Reference Count : 1]<UL><LI> relay.o(.text)
</UL>
<P><STRONG><a name="[f7]"></a>RelayPulse</STRONG> (Thumb, 58 bytes, Stack size 24 bytes, relay.o(.text), UNUSED)
<BR><BR>[Calls]<UL><LI><a href="#[f8]">&gt;&gt;</a>&nbsp;&nbsp;&nbsp;system_timeout
<LI><a href="#[f2]">&gt;&gt;</a>&nbsp;&nbsp;&nbsp;RelayLogicCtrl
</UL>

<P><STRONG><a name="[f9]"></a>GetAllRelayLogicStatus</STRONG> (Thumb, 36 bytes, Stack size 16 bytes, relay.o(.text), UNUSED)
<BR><BR>[Calls]<UL><LI><a href="#[f3]">&gt;&gt;</a>&nbsp;&nbsp;&nbsp;GetRelayLogicStatus
</UL>

<P><STRONG><a name="[fa]"></a>RelayLogicTurnoffAll</STRONG> (Thumb, 24 bytes, Stack size 8 bytes, relay.o(.text), UNUSED)
<BR><BR>[Calls]<UL><LI><a href="#[f2]">&gt;&gt;</a>&nbsp;&nbsp;&nbsp;RelayLogicCtrl
</UL>

<P><STRONG><a name="[fb]"></a>RelayLogicTurnonAll</STRONG> (Thumb, 24 bytes, Stack size 8 bytes, relay.o(.text), UNUSED)
<BR><BR>[Calls]<UL><LI><a href="#[f2]">&gt;&gt;</a>&nbsp;&nbsp;&nbsp;RelayLogicCtrl
</UL>

<P><STRONG><a name="[6b]"></a>fputc</STRONG> (Thumb, 32 bytes, Stack size 16 bytes, printf.o(.text))
<BR><BR>[Stack]<UL><LI>Max Depth = 16<LI>Call Chain = fputc
</UL>
<BR>[Calls]<UL><LI><a href="#[fc]">&gt;&gt;</a>&nbsp;&nbsp;&nbsp;USART_SendData
<LI><a href="#[fd]">&gt;&gt;</a>&nbsp;&nbsp;&nbsp;USART_GetFlagStatus
</UL>
<BR>[Address Reference Count : 2]<UL><LI> printfa.o(i.__0vprintf)
<LI> printfa.o(i.__0printf)
</UL>
<P><STRONG><a name="[fe]"></a>SerialCmd_Callback</STRONG> (Thumb, 58 bytes, Stack size 16 bytes, uartcmd.o(.text))
<BR><BR>[Stack]<UL><LI>Max Depth = 136 + Unknown Stack Size
<LI>Call Chain = SerialCmd_Callback &rArr; SHZNAPP_SerialParse &rArr; MessageSend &rArr; queueMessage &rArr; VOS_SemP &rArr; OSSemPost &rArr; OS_EventTaskRdy
</UL>
<BR>[Calls]<UL><LI><a href="#[ff]">&gt;&gt;</a>&nbsp;&nbsp;&nbsp;SHZNAPP_SerialParse
<LI><a href="#[100]">&gt;&gt;</a>&nbsp;&nbsp;&nbsp;HAL_SYSTEM_RESET
</UL>
<BR>[Address Reference Count : 1]<UL><LI> uartcmd.o(.text)
</UL>
<P><STRONG><a name="[364]"></a>UartCmdInit</STRONG> (Thumb, 2 bytes, Stack size 0 bytes, uartcmd.o(.text), UNUSED)

<P><STRONG><a name="[365]"></a>UartCmdPutData</STRONG> (Thumb, 38 bytes, Stack size 8 bytes, uartcmd.o(.text), UNUSED)

<P><STRONG><a name="[101]"></a>UartCmdSendData</STRONG> (Thumb, 28 bytes, Stack size 8 bytes, uartcmd.o(.text))
<BR><BR>[Stack]<UL><LI>Max Depth = 8<LI>Call Chain = UartCmdSendData
</UL>
<BR>[Calls]<UL><LI><a href="#[fc]">&gt;&gt;</a>&nbsp;&nbsp;&nbsp;USART_SendData
<LI><a href="#[fd]">&gt;&gt;</a>&nbsp;&nbsp;&nbsp;USART_GetFlagStatus
</UL>
<BR>[Called By]<UL><LI><a href="#[102]">&gt;&gt;</a>&nbsp;&nbsp;&nbsp;UartCmdSendMsg
</UL>

<P><STRONG><a name="[102]"></a>UartCmdSendMsg</STRONG> (Thumb, 38 bytes, Stack size 16 bytes, uartcmd.o(.text))
<BR><BR>[Stack]<UL><LI>Max Depth = 24<LI>Call Chain = UartCmdSendMsg &rArr; UartCmdSendData
</UL>
<BR>[Calls]<UL><LI><a href="#[101]">&gt;&gt;</a>&nbsp;&nbsp;&nbsp;UartCmdSendData
</UL>
<BR>[Called By]<UL><LI><a href="#[105]">&gt;&gt;</a>&nbsp;&nbsp;&nbsp;HalUARTWrite
</UL>

<P><STRONG><a name="[103]"></a>UartCmdSerialWrite</STRONG> (Thumb, 32 bytes, Stack size 16 bytes, uartcmd.o(.text), UNUSED)
<BR><BR>[Calls]<UL><LI><a href="#[a0]">&gt;&gt;</a>&nbsp;&nbsp;&nbsp;SHZNAPP_SerialResp
</UL>
<BR>[Called By]<UL><LI><a href="#[104]">&gt;&gt;</a>&nbsp;&nbsp;&nbsp;UartCmdRs485Report
</UL>

<P><STRONG><a name="[104]"></a>UartCmdRs485Report</STRONG> (Thumb, 24 bytes, Stack size 16 bytes, uartcmd.o(.text), UNUSED)
<BR><BR>[Calls]<UL><LI><a href="#[103]">&gt;&gt;</a>&nbsp;&nbsp;&nbsp;UartCmdSerialWrite
</UL>

<P><STRONG><a name="[105]"></a>HalUARTWrite</STRONG> (Thumb, 30 bytes, Stack size 16 bytes, uartcmd.o(.text))
<BR><BR>[Stack]<UL><LI>Max Depth = 40<LI>Call Chain = HalUARTWrite &rArr; UartCmdSendMsg &rArr; UartCmdSendData
</UL>
<BR>[Calls]<UL><LI><a href="#[102]">&gt;&gt;</a>&nbsp;&nbsp;&nbsp;UartCmdSendMsg
</UL>
<BR>[Called By]<UL><LI><a href="#[a0]">&gt;&gt;</a>&nbsp;&nbsp;&nbsp;SHZNAPP_SerialResp
</UL>

<P><STRONG><a name="[21f]"></a>HalUARTRead</STRONG> (Thumb, 70 bytes, Stack size 12 bytes, uartcmd.o(.text))
<BR><BR>[Stack]<UL><LI>Max Depth = 12<LI>Call Chain = HalUARTRead
</UL>
<BR>[Called By]<UL><LI><a href="#[ff]">&gt;&gt;</a>&nbsp;&nbsp;&nbsp;SHZNAPP_SerialParse
</UL>

<P><STRONG><a name="[106]"></a>SerialCmd_config_cb</STRONG> (Thumb, 192 bytes, Stack size 8 bytes, uartcmd.o(.text))
<BR><BR>[Stack]<UL><LI>Max Depth = 8<LI>Call Chain = SerialCmd_config_cb
</UL>
<BR>[Calls]<UL><LI><a href="#[f1]">&gt;&gt;</a>&nbsp;&nbsp;&nbsp;__aeabi_memclr4
</UL>
<BR>[Address Reference Count : 1]<UL><LI> uartcmd.o(.text)
</UL>
<P><STRONG><a name="[109]"></a>SerialCmd_RcvData</STRONG> (Thumb, 46 bytes, Stack size 8 bytes, uartcmd.o(.text))
<BR><BR>[Stack]<UL><LI>Max Depth = 8<LI>Call Chain = SerialCmd_RcvData
</UL>
<BR>[Address Reference Count : 1]<UL><LI> uartcmd.o(.text)
</UL>
<P><STRONG><a name="[107]"></a>SerialCmd_FillSndBuf</STRONG> (Thumb, 18 bytes, Stack size 16 bytes, uartcmd.o(.text), UNUSED)
<BR><BR>[Calls]<UL><LI><a href="#[108]">&gt;&gt;</a>&nbsp;&nbsp;&nbsp;Serial_FillSndBuf
</UL>

<P><STRONG><a name="[7c]"></a>SerialCmd_Init</STRONG> (Thumb, 58 bytes, Stack size 8 bytes, uartcmd.o(.text))
<BR><BR>[Stack]<UL><LI>Max Depth = 132 + Unknown Stack Size
<LI>Call Chain = SerialCmd_Init &rArr; SerialInitPort &rArr; STM_EVAL_COMInit &rArr; USART_Init &rArr; RCC_GetClocksFreq
</UL>
<BR>[Calls]<UL><LI><a href="#[10a]">&gt;&gt;</a>&nbsp;&nbsp;&nbsp;SerialInitPort
<LI><a href="#[10b]">&gt;&gt;</a>&nbsp;&nbsp;&nbsp;SHZNAPP_ProtolInit
<LI><a href="#[f1]">&gt;&gt;</a>&nbsp;&nbsp;&nbsp;__aeabi_memclr4
</UL>
<BR>[Called By]<UL><LI><a href="#[78]">&gt;&gt;</a>&nbsp;&nbsp;&nbsp;MainInit
</UL>

<P><STRONG><a name="[7d]"></a>UartCmd_SetFilter</STRONG> (Thumb, 16 bytes, Stack size 0 bytes, uartcmd.o(.text))
<BR><BR>[Called By]<UL><LI><a href="#[78]">&gt;&gt;</a>&nbsp;&nbsp;&nbsp;MainInit
</UL>

<P><STRONG><a name="[126]"></a>CanAllocSndBuff</STRONG> (Thumb, 48 bytes, Stack size 0 bytes, cancmd.o(.text))
<BR><BR>[Called By]<UL><LI><a href="#[124]">&gt;&gt;</a>&nbsp;&nbsp;&nbsp;SHZNAPP_CanResp
</UL>

<P><STRONG><a name="[113]"></a>CanFreeSndBuff</STRONG> (Thumb, 20 bytes, Stack size 0 bytes, cancmd.o(.text))
<BR><BR>[Called By]<UL><LI><a href="#[c3]">&gt;&gt;</a>&nbsp;&nbsp;&nbsp;SndCanData
<LI><a href="#[121]">&gt;&gt;</a>&nbsp;&nbsp;&nbsp;CanCleanSndBuf
</UL>

<P><STRONG><a name="[112]"></a>CanSndBufPop</STRONG> (Thumb, 50 bytes, Stack size 0 bytes, cancmd.o(.text))
<BR><BR>[Called By]<UL><LI><a href="#[c3]">&gt;&gt;</a>&nbsp;&nbsp;&nbsp;SndCanData
<LI><a href="#[121]">&gt;&gt;</a>&nbsp;&nbsp;&nbsp;CanCleanSndBuf
</UL>

<P><STRONG><a name="[366]"></a>CanSndBufFull</STRONG> (Thumb, 34 bytes, Stack size 0 bytes, cancmd.o(.text), UNUSED)

<P><STRONG><a name="[10e]"></a>CanSndBufEmpty</STRONG> (Thumb, 20 bytes, Stack size 0 bytes, cancmd.o(.text))
<BR><BR>[Called By]<UL><LI><a href="#[c3]">&gt;&gt;</a>&nbsp;&nbsp;&nbsp;SndCanData
</UL>

<P><STRONG><a name="[10c]"></a>CanResetTimer</STRONG> (Thumb, 10 bytes, Stack size 8 bytes, cancmd.o(.text))
<BR><BR>[Stack]<UL><LI>Max Depth = 8<LI>Call Chain = CanResetTimer
</UL>
<BR>[Calls]<UL><LI><a href="#[100]">&gt;&gt;</a>&nbsp;&nbsp;&nbsp;HAL_SYSTEM_RESET
</UL>
<BR>[Address Reference Count : 1]<UL><LI> cancmd.o(.text)
</UL>
<P><STRONG><a name="[10d]"></a>CanMsgSndCb</STRONG> (Thumb, 64 bytes, Stack size 24 bytes, cancmd.o(.text))
<BR><BR>[Stack]<UL><LI>Max Depth = 68 + Unknown Stack Size
<LI>Call Chain = CanMsgSndCb &rArr; system_timeout &rArr; __system_timeout
</UL>
<BR>[Calls]<UL><LI><a href="#[f8]">&gt;&gt;</a>&nbsp;&nbsp;&nbsp;system_timeout
</UL>
<BR>[Called By]<UL><LI><a href="#[c3]">&gt;&gt;</a>&nbsp;&nbsp;&nbsp;SndCanData
</UL>

<P><STRONG><a name="[c3]"></a>SndCanData</STRONG> (Thumb, 298 bytes, Stack size 32 bytes, cancmd.o(.text))
<BR><BR>[Stack]<UL><LI>Max Depth = 104 + Unknown Stack Size
<LI>Call Chain = SndCanData &rArr; STM32_CANSendMsgNoWait &rArr; STM32_CANSendMsgNoWait_ext &rArr; CAN_Transmit
</UL>
<BR>[Calls]<UL><LI><a href="#[b5]">&gt;&gt;</a>&nbsp;&nbsp;&nbsp;OS_CPU_SR_Save
<LI><a href="#[b6]">&gt;&gt;</a>&nbsp;&nbsp;&nbsp;OS_CPU_SR_Restore
<LI><a href="#[110]">&gt;&gt;</a>&nbsp;&nbsp;&nbsp;STM32_CANSendMsgNoWait
<LI><a href="#[111]">&gt;&gt;</a>&nbsp;&nbsp;&nbsp;FreeMem
<LI><a href="#[114]">&gt;&gt;</a>&nbsp;&nbsp;&nbsp;CAN_ITConfig
<LI><a href="#[10d]">&gt;&gt;</a>&nbsp;&nbsp;&nbsp;CanMsgSndCb
<LI><a href="#[10e]">&gt;&gt;</a>&nbsp;&nbsp;&nbsp;CanSndBufEmpty
<LI><a href="#[112]">&gt;&gt;</a>&nbsp;&nbsp;&nbsp;CanSndBufPop
<LI><a href="#[113]">&gt;&gt;</a>&nbsp;&nbsp;&nbsp;CanFreeSndBuff
<LI><a href="#[10f]">&gt;&gt;</a>&nbsp;&nbsp;&nbsp;__aeabi_memcpy
</UL>
<BR>[Called By]<UL><LI><a href="#[22]">&gt;&gt;</a>&nbsp;&nbsp;&nbsp;CAN1_TX_IRQHandler
<LI><a href="#[115]">&gt;&gt;</a>&nbsp;&nbsp;&nbsp;CanSndBufPush
</UL>

<P><STRONG><a name="[115]"></a>CanSndBufPush</STRONG> (Thumb, 76 bytes, Stack size 8 bytes, cancmd.o(.text))
<BR><BR>[Stack]<UL><LI>Max Depth = 112 + Unknown Stack Size
<LI>Call Chain = CanSndBufPush &rArr; SndCanData &rArr; STM32_CANSendMsgNoWait &rArr; STM32_CANSendMsgNoWait_ext &rArr; CAN_Transmit
</UL>
<BR>[Calls]<UL><LI><a href="#[c3]">&gt;&gt;</a>&nbsp;&nbsp;&nbsp;SndCanData
</UL>
<BR>[Called By]<UL><LI><a href="#[124]">&gt;&gt;</a>&nbsp;&nbsp;&nbsp;SHZNAPP_CanResp
</UL>

<P><STRONG><a name="[123]"></a>CanCheckZombieCcb</STRONG> (Thumb, 30 bytes, Stack size 0 bytes, cancmd.o(.text))
<BR><BR>[Called By]<UL><LI><a href="#[122]">&gt;&gt;</a>&nbsp;&nbsp;&nbsp;CanBusyCheck
</UL>

<P><STRONG><a name="[116]"></a>CanCcbInit</STRONG> (Thumb, 52 bytes, Stack size 8 bytes, cancmd.o(.text))
<BR><BR>[Stack]<UL><LI>Max Depth = 8<LI>Call Chain = CanCcbInit
</UL>
<BR>[Calls]<UL><LI><a href="#[f1]">&gt;&gt;</a>&nbsp;&nbsp;&nbsp;__aeabi_memclr4
</UL>
<BR>[Called By]<UL><LI><a href="#[8b]">&gt;&gt;</a>&nbsp;&nbsp;&nbsp;CanCmdInit
</UL>

<P><STRONG><a name="[11f]"></a>CanCcbInitCanId</STRONG> (Thumb, 66 bytes, Stack size 0 bytes, cancmd.o(.text))
<BR><BR>[Called By]<UL><LI><a href="#[8b]">&gt;&gt;</a>&nbsp;&nbsp;&nbsp;CanCmdInit
<LI><a href="#[159]">&gt;&gt;</a>&nbsp;&nbsp;&nbsp;CanCmdSetAddr
</UL>

<P><STRONG><a name="[120]"></a>CanTranceiveBufInit</STRONG> (Thumb, 70 bytes, Stack size 0 bytes, cancmd.o(.text))
<BR><BR>[Called By]<UL><LI><a href="#[8b]">&gt;&gt;</a>&nbsp;&nbsp;&nbsp;CanCmdInit
</UL>

<P><STRONG><a name="[117]"></a>CanCmd_report</STRONG> (Thumb, 42 bytes, Stack size 24 bytes, cancmd.o(.text))
<BR><BR>[Stack]<UL><LI>Max Depth = 120 + Unknown Stack Size
<LI>Call Chain = CanCmd_report &rArr; MessageSend &rArr; queueMessage &rArr; VOS_SemP &rArr; OSSemPost &rArr; OS_EventTaskRdy
</UL>
<BR>[Calls]<UL><LI><a href="#[aa]">&gt;&gt;</a>&nbsp;&nbsp;&nbsp;MessageSend
<LI><a href="#[a9]">&gt;&gt;</a>&nbsp;&nbsp;&nbsp;MessageAlloc
</UL>
<BR>[Called By]<UL><LI><a href="#[15f]">&gt;&gt;</a>&nbsp;&nbsp;&nbsp;CanCcb_Register
<LI><a href="#[63]">&gt;&gt;</a>&nbsp;&nbsp;&nbsp;CanCcbHeartBeatTimer
<LI><a href="#[149]">&gt;&gt;</a>&nbsp;&nbsp;&nbsp;CanCcbHeartBeat
</UL>

<P><STRONG><a name="[118]"></a>CanCmdInitizeCAN</STRONG> (Thumb, 642 bytes, Stack size 40 bytes, cancmd.o(.text))
<BR><BR>[Stack]<UL><LI>Max Depth = 92<LI>Call Chain = CanCmdInitizeCAN &rArr; STM_EVAL_CANInit &rArr; STM_EVAL_CANInit_ext &rArr; GPIO_Init
</UL>
<BR>[Calls]<UL><LI><a href="#[11b]">&gt;&gt;</a>&nbsp;&nbsp;&nbsp;STM_EVAL_CANInit
<LI><a href="#[11a]">&gt;&gt;</a>&nbsp;&nbsp;&nbsp;CAN_StructInit
<LI><a href="#[114]">&gt;&gt;</a>&nbsp;&nbsp;&nbsp;CAN_ITConfig
<LI><a href="#[11c]">&gt;&gt;</a>&nbsp;&nbsp;&nbsp;CAN_FilterInit
<LI><a href="#[119]">&gt;&gt;</a>&nbsp;&nbsp;&nbsp;CAN_DeInit
</UL>
<BR>[Called By]<UL><LI><a href="#[8b]">&gt;&gt;</a>&nbsp;&nbsp;&nbsp;CanCmdInit
<LI><a href="#[159]">&gt;&gt;</a>&nbsp;&nbsp;&nbsp;CanCmdSetAddr
<LI><a href="#[122]">&gt;&gt;</a>&nbsp;&nbsp;&nbsp;CanBusyCheck
</UL>

<P><STRONG><a name="[8b]"></a>CanCmdInit</STRONG> (Thumb, 76 bytes, Stack size 8 bytes, cancmd.o(.text))
<BR><BR>[Stack]<UL><LI>Max Depth = 212<LI>Call Chain = CanCmdInit &rArr; Config_SetItem &rArr; osal_snv_write &rArr; compactPage &rArr; xferItem &rArr; writeWord &rArr; verifyWordM &rArr; HalFlashRead
</UL>
<BR>[Calls]<UL><LI><a href="#[11d]">&gt;&gt;</a>&nbsp;&nbsp;&nbsp;osal_snv_read
<LI><a href="#[11e]">&gt;&gt;</a>&nbsp;&nbsp;&nbsp;Config_SetItem
<LI><a href="#[118]">&gt;&gt;</a>&nbsp;&nbsp;&nbsp;CanCmdInitizeCAN
<LI><a href="#[120]">&gt;&gt;</a>&nbsp;&nbsp;&nbsp;CanTranceiveBufInit
<LI><a href="#[11f]">&gt;&gt;</a>&nbsp;&nbsp;&nbsp;CanCcbInitCanId
<LI><a href="#[116]">&gt;&gt;</a>&nbsp;&nbsp;&nbsp;CanCcbInit
</UL>
<BR>[Called By]<UL><LI><a href="#[78]">&gt;&gt;</a>&nbsp;&nbsp;&nbsp;MainInit
</UL>

<P><STRONG><a name="[121]"></a>CanCleanSndBuf</STRONG> (Thumb, 78 bytes, Stack size 16 bytes, cancmd.o(.text))
<BR><BR>[Stack]<UL><LI>Max Depth = 40 + Unknown Stack Size
<LI>Call Chain = CanCleanSndBuf &rArr; FreeMem
</UL>
<BR>[Calls]<UL><LI><a href="#[b5]">&gt;&gt;</a>&nbsp;&nbsp;&nbsp;OS_CPU_SR_Save
<LI><a href="#[b6]">&gt;&gt;</a>&nbsp;&nbsp;&nbsp;OS_CPU_SR_Restore
<LI><a href="#[111]">&gt;&gt;</a>&nbsp;&nbsp;&nbsp;FreeMem
<LI><a href="#[112]">&gt;&gt;</a>&nbsp;&nbsp;&nbsp;CanSndBufPop
<LI><a href="#[113]">&gt;&gt;</a>&nbsp;&nbsp;&nbsp;CanFreeSndBuff
</UL>
<BR>[Called By]<UL><LI><a href="#[122]">&gt;&gt;</a>&nbsp;&nbsp;&nbsp;CanBusyCheck
</UL>

<P><STRONG><a name="[122]"></a>CanBusyCheck</STRONG> (Thumb, 46 bytes, Stack size 8 bytes, cancmd.o(.text))
<BR><BR>[Stack]<UL><LI>Max Depth = 100 + Unknown Stack Size
<LI>Call Chain = CanBusyCheck &rArr; CanCmdInitizeCAN &rArr; STM_EVAL_CANInit &rArr; STM_EVAL_CANInit_ext &rArr; GPIO_Init
</UL>
<BR>[Calls]<UL><LI><a href="#[121]">&gt;&gt;</a>&nbsp;&nbsp;&nbsp;CanCleanSndBuf
<LI><a href="#[118]">&gt;&gt;</a>&nbsp;&nbsp;&nbsp;CanCmdInitizeCAN
<LI><a href="#[123]">&gt;&gt;</a>&nbsp;&nbsp;&nbsp;CanCheckZombieCcb
</UL>
<BR>[Called By]<UL><LI><a href="#[95]">&gt;&gt;</a>&nbsp;&nbsp;&nbsp;CanCcbSecondTask
</UL>

<P><STRONG><a name="[124]"></a>SHZNAPP_CanResp</STRONG> (Thumb, 260 bytes, Stack size 40 bytes, cancmd.o(.text))
<BR><BR>[Stack]<UL><LI>Max Depth = 152 + Unknown Stack Size
<LI>Call Chain = SHZNAPP_CanResp &rArr; CanSndBufPush &rArr; SndCanData &rArr; STM32_CANSendMsgNoWait &rArr; STM32_CANSendMsgNoWait_ext &rArr; CAN_Transmit
</UL>
<BR>[Calls]<UL><LI><a href="#[111]">&gt;&gt;</a>&nbsp;&nbsp;&nbsp;FreeMem
<LI><a href="#[125]">&gt;&gt;</a>&nbsp;&nbsp;&nbsp;AllocMem
<LI><a href="#[115]">&gt;&gt;</a>&nbsp;&nbsp;&nbsp;CanSndBufPush
<LI><a href="#[126]">&gt;&gt;</a>&nbsp;&nbsp;&nbsp;CanAllocSndBuff
<LI><a href="#[10f]">&gt;&gt;</a>&nbsp;&nbsp;&nbsp;__aeabi_memcpy
</UL>
<BR>[Called By]<UL><LI><a href="#[15d]">&gt;&gt;</a>&nbsp;&nbsp;&nbsp;CanSndSappCmd2
<LI><a href="#[15c]">&gt;&gt;</a>&nbsp;&nbsp;&nbsp;CanSndSappRawCmd2
<LI><a href="#[156]">&gt;&gt;</a>&nbsp;&nbsp;&nbsp;CanRcvFrame
<LI><a href="#[127]">&gt;&gt;</a>&nbsp;&nbsp;&nbsp;CanSndSappCmd
</UL>

<P><STRONG><a name="[127]"></a>CanSndSappCmd</STRONG> (Thumb, 164 bytes, Stack size 288 bytes, cancmd.o(.text))
<BR><BR>[Stack]<UL><LI>Max Depth = 440 + Unknown Stack Size
<LI>Call Chain = CanSndSappCmd &rArr; SHZNAPP_CanResp &rArr; CanSndBufPush &rArr; SndCanData &rArr; STM32_CANSendMsgNoWait &rArr; STM32_CANSendMsgNoWait_ext &rArr; CAN_Transmit
</UL>
<BR>[Calls]<UL><LI><a href="#[128]">&gt;&gt;</a>&nbsp;&nbsp;&nbsp;zb_SerialResp
<LI><a href="#[124]">&gt;&gt;</a>&nbsp;&nbsp;&nbsp;SHZNAPP_CanResp
<LI><a href="#[10f]">&gt;&gt;</a>&nbsp;&nbsp;&nbsp;__aeabi_memcpy
</UL>
<BR>[Called By]<UL><LI><a href="#[162]">&gt;&gt;</a>&nbsp;&nbsp;&nbsp;CanCcbSndZigbeeIndMsg
<LI><a href="#[15e]">&gt;&gt;</a>&nbsp;&nbsp;&nbsp;CanCcbRegister_msg_handler
<LI><a href="#[148]">&gt;&gt;</a>&nbsp;&nbsp;&nbsp;CanCcbHeartBeat_msg_handler
<LI><a href="#[13f]">&gt;&gt;</a>&nbsp;&nbsp;&nbsp;CanCcbAfDataClientOpsMsg
<LI><a href="#[13b]">&gt;&gt;</a>&nbsp;&nbsp;&nbsp;CanCcbAfModbusReadInputRegister
<LI><a href="#[139]">&gt;&gt;</a>&nbsp;&nbsp;&nbsp;CanCcbAfModbusReadInputStatus
<LI><a href="#[137]">&gt;&gt;</a>&nbsp;&nbsp;&nbsp;CanCcbAfModbusReadCoilStatus
<LI><a href="#[135]">&gt;&gt;</a>&nbsp;&nbsp;&nbsp;CanCcbAfModbusForceSingleCoil
<LI><a href="#[133]">&gt;&gt;</a>&nbsp;&nbsp;&nbsp;CanCcbAfModbusForceMultipleCoils
<LI><a href="#[131]">&gt;&gt;</a>&nbsp;&nbsp;&nbsp;CanCcbAfModbusMaskWrite0XRegister
<LI><a href="#[12f]">&gt;&gt;</a>&nbsp;&nbsp;&nbsp;CanCcbAfModbusMaskWrite4XRegister
<LI><a href="#[12d]">&gt;&gt;</a>&nbsp;&nbsp;&nbsp;CanCcbAfModbusPresetSingleRegister
<LI><a href="#[12b]">&gt;&gt;</a>&nbsp;&nbsp;&nbsp;CanCcbAfModbusPresetMultipleRegister
<LI><a href="#[129]">&gt;&gt;</a>&nbsp;&nbsp;&nbsp;CanCcbAfModbusReadHoldRegister
</UL>

<P><STRONG><a name="[129]"></a>CanCcbAfModbusReadHoldRegister</STRONG> (Thumb, 102 bytes, Stack size 24 bytes, cancmd.o(.text))
<BR><BR>[Stack]<UL><LI>Max Depth = 464 + Unknown Stack Size
<LI>Call Chain = CanCcbAfModbusReadHoldRegister &rArr; CanSndSappCmd &rArr; SHZNAPP_CanResp &rArr; CanSndBufPush &rArr; SndCanData &rArr; STM32_CANSendMsgNoWait &rArr; STM32_CANSendMsgNoWait_ext &rArr; CAN_Transmit
</UL>
<BR>[Calls]<UL><LI><a href="#[12a]">&gt;&gt;</a>&nbsp;&nbsp;&nbsp;Disp_ModbusReadHoldRegister
<LI><a href="#[127]">&gt;&gt;</a>&nbsp;&nbsp;&nbsp;CanSndSappCmd
</UL>
<BR>[Called By]<UL><LI><a href="#[13d]">&gt;&gt;</a>&nbsp;&nbsp;&nbsp;CanCcbAfModbusMsg
</UL>

<P><STRONG><a name="[12b]"></a>CanCcbAfModbusPresetMultipleRegister</STRONG> (Thumb, 48 bytes, Stack size 56 bytes, cancmd.o(.text))
<BR><BR>[Stack]<UL><LI>Max Depth = 496 + Unknown Stack Size
<LI>Call Chain = CanCcbAfModbusPresetMultipleRegister &rArr; CanSndSappCmd &rArr; SHZNAPP_CanResp &rArr; CanSndBufPush &rArr; SndCanData &rArr; STM32_CANSendMsgNoWait &rArr; STM32_CANSendMsgNoWait_ext &rArr; CAN_Transmit
</UL>
<BR>[Calls]<UL><LI><a href="#[12c]">&gt;&gt;</a>&nbsp;&nbsp;&nbsp;Disp_ModbusPresetMultipleRegister
<LI><a href="#[127]">&gt;&gt;</a>&nbsp;&nbsp;&nbsp;CanSndSappCmd
</UL>
<BR>[Called By]<UL><LI><a href="#[13d]">&gt;&gt;</a>&nbsp;&nbsp;&nbsp;CanCcbAfModbusMsg
</UL>

<P><STRONG><a name="[12d]"></a>CanCcbAfModbusPresetSingleRegister</STRONG> (Thumb, 48 bytes, Stack size 56 bytes, cancmd.o(.text))
<BR><BR>[Stack]<UL><LI>Max Depth = 496 + Unknown Stack Size
<LI>Call Chain = CanCcbAfModbusPresetSingleRegister &rArr; CanSndSappCmd &rArr; SHZNAPP_CanResp &rArr; CanSndBufPush &rArr; SndCanData &rArr; STM32_CANSendMsgNoWait &rArr; STM32_CANSendMsgNoWait_ext &rArr; CAN_Transmit
</UL>
<BR>[Calls]<UL><LI><a href="#[12e]">&gt;&gt;</a>&nbsp;&nbsp;&nbsp;Disp_ModbusPresetSingleRegister
<LI><a href="#[127]">&gt;&gt;</a>&nbsp;&nbsp;&nbsp;CanSndSappCmd
</UL>
<BR>[Called By]<UL><LI><a href="#[13d]">&gt;&gt;</a>&nbsp;&nbsp;&nbsp;CanCcbAfModbusMsg
</UL>

<P><STRONG><a name="[12f]"></a>CanCcbAfModbusMaskWrite4XRegister</STRONG> (Thumb, 50 bytes, Stack size 24 bytes, cancmd.o(.text))
<BR><BR>[Stack]<UL><LI>Max Depth = 464 + Unknown Stack Size
<LI>Call Chain = CanCcbAfModbusMaskWrite4XRegister &rArr; CanSndSappCmd &rArr; SHZNAPP_CanResp &rArr; CanSndBufPush &rArr; SndCanData &rArr; STM32_CANSendMsgNoWait &rArr; STM32_CANSendMsgNoWait_ext &rArr; CAN_Transmit
</UL>
<BR>[Calls]<UL><LI><a href="#[130]">&gt;&gt;</a>&nbsp;&nbsp;&nbsp;Disp_ModbusMaskWrite4XRegister
<LI><a href="#[127]">&gt;&gt;</a>&nbsp;&nbsp;&nbsp;CanSndSappCmd
</UL>
<BR>[Called By]<UL><LI><a href="#[13d]">&gt;&gt;</a>&nbsp;&nbsp;&nbsp;CanCcbAfModbusMsg
</UL>

<P><STRONG><a name="[131]"></a>CanCcbAfModbusMaskWrite0XRegister</STRONG> (Thumb, 50 bytes, Stack size 24 bytes, cancmd.o(.text))
<BR><BR>[Stack]<UL><LI>Max Depth = 464 + Unknown Stack Size
<LI>Call Chain = CanCcbAfModbusMaskWrite0XRegister &rArr; CanSndSappCmd &rArr; SHZNAPP_CanResp &rArr; CanSndBufPush &rArr; SndCanData &rArr; STM32_CANSendMsgNoWait &rArr; STM32_CANSendMsgNoWait_ext &rArr; CAN_Transmit
</UL>
<BR>[Calls]<UL><LI><a href="#[132]">&gt;&gt;</a>&nbsp;&nbsp;&nbsp;Disp_ModbusMaskWrite0XRegister
<LI><a href="#[127]">&gt;&gt;</a>&nbsp;&nbsp;&nbsp;CanSndSappCmd
</UL>
<BR>[Called By]<UL><LI><a href="#[13d]">&gt;&gt;</a>&nbsp;&nbsp;&nbsp;CanCcbAfModbusMsg
</UL>

<P><STRONG><a name="[133]"></a>CanCcbAfModbusForceMultipleCoils</STRONG> (Thumb, 50 bytes, Stack size 24 bytes, cancmd.o(.text))
<BR><BR>[Stack]<UL><LI>Max Depth = 464 + Unknown Stack Size
<LI>Call Chain = CanCcbAfModbusForceMultipleCoils &rArr; CanSndSappCmd &rArr; SHZNAPP_CanResp &rArr; CanSndBufPush &rArr; SndCanData &rArr; STM32_CANSendMsgNoWait &rArr; STM32_CANSendMsgNoWait_ext &rArr; CAN_Transmit
</UL>
<BR>[Calls]<UL><LI><a href="#[134]">&gt;&gt;</a>&nbsp;&nbsp;&nbsp;Disp_ModbusForceMultipleCoils
<LI><a href="#[127]">&gt;&gt;</a>&nbsp;&nbsp;&nbsp;CanSndSappCmd
</UL>
<BR>[Called By]<UL><LI><a href="#[13d]">&gt;&gt;</a>&nbsp;&nbsp;&nbsp;CanCcbAfModbusMsg
</UL>

<P><STRONG><a name="[135]"></a>CanCcbAfModbusForceSingleCoil</STRONG> (Thumb, 50 bytes, Stack size 24 bytes, cancmd.o(.text))
<BR><BR>[Stack]<UL><LI>Max Depth = 464 + Unknown Stack Size
<LI>Call Chain = CanCcbAfModbusForceSingleCoil &rArr; CanSndSappCmd &rArr; SHZNAPP_CanResp &rArr; CanSndBufPush &rArr; SndCanData &rArr; STM32_CANSendMsgNoWait &rArr; STM32_CANSendMsgNoWait_ext &rArr; CAN_Transmit
</UL>
[...]
</UL>
<BR>[Calls]<UL><LI><a href="#[2bf]">&gt;&gt;</a>&nbsp;&nbsp;&nbsp;HalFlashRead
</UL>
<BR>[Called By]<UL><LI><a href="#[2cb]">&gt;&gt;</a>&nbsp;&nbsp;&nbsp;initNV
</UL>

<P><STRONG><a name="[2c0]"></a>erasePage</STRONG> (Thumb, 72 bytes, Stack size 16 bytes, osal_snv.o(.text))
<BR><BR>[Stack]<UL><LI>Max Depth = 80<LI>Call Chain = erasePage &rArr; HalFlashErasePage &rArr; HalFlashErase &rArr; FLASH_EraseSector &rArr; FLASH_WaitForLastOperation
</UL>
<BR>[Calls]<UL><LI><a href="#[2bf]">&gt;&gt;</a>&nbsp;&nbsp;&nbsp;HalFlashRead
<LI><a href="#[2c1]">&gt;&gt;</a>&nbsp;&nbsp;&nbsp;HalFlashErasePage
</UL>
<BR>[Called By]<UL><LI><a href="#[2cb]">&gt;&gt;</a>&nbsp;&nbsp;&nbsp;initNV
<LI><a href="#[2ca]">&gt;&gt;</a>&nbsp;&nbsp;&nbsp;cleanErasedPage
<LI><a href="#[2c9]">&gt;&gt;</a>&nbsp;&nbsp;&nbsp;compactPage
</UL>

<P><STRONG><a name="[2c2]"></a>verifyWordM</STRONG> (Thumb, 64 bytes, Stack size 24 bytes, osal_snv.o(.text))
<BR><BR>[Stack]<UL><LI>Max Depth = 60<LI>Call Chain = verifyWordM &rArr; HalFlashRead
</UL>
<BR>[Calls]<UL><LI><a href="#[2bf]">&gt;&gt;</a>&nbsp;&nbsp;&nbsp;HalFlashRead
<LI><a href="#[16d]">&gt;&gt;</a>&nbsp;&nbsp;&nbsp;memcmp
</UL>
<BR>[Called By]<UL><LI><a href="#[2cd]">&gt;&gt;</a>&nbsp;&nbsp;&nbsp;writeWordM
<LI><a href="#[2c3]">&gt;&gt;</a>&nbsp;&nbsp;&nbsp;writeWord
</UL>

<P><STRONG><a name="[2c3]"></a>writeWord</STRONG> (Thumb, 48 bytes, Stack size 24 bytes, osal_snv.o(.text))
<BR><BR>[Stack]<UL><LI>Max Depth = 84<LI>Call Chain = writeWord &rArr; verifyWordM &rArr; HalFlashRead
</UL>
<BR>[Calls]<UL><LI><a href="#[2c4]">&gt;&gt;</a>&nbsp;&nbsp;&nbsp;HalFlashWrite
<LI><a href="#[2c2]">&gt;&gt;</a>&nbsp;&nbsp;&nbsp;verifyWordM
</UL>
<BR>[Called By]<UL><LI><a href="#[2ce]">&gt;&gt;</a>&nbsp;&nbsp;&nbsp;writeItem
<LI><a href="#[2cc]">&gt;&gt;</a>&nbsp;&nbsp;&nbsp;setXferPage
<LI><a href="#[2c6]">&gt;&gt;</a>&nbsp;&nbsp;&nbsp;xferItem
<LI><a href="#[2c5]">&gt;&gt;</a>&nbsp;&nbsp;&nbsp;setActivePage
</UL>

<P><STRONG><a name="[2c5]"></a>setActivePage</STRONG> (Thumb, 32 bytes, Stack size 16 bytes, osal_snv.o(.text))
<BR><BR>[Stack]<UL><LI>Max Depth = 100<LI>Call Chain = setActivePage &rArr; writeWord &rArr; verifyWordM &rArr; HalFlashRead
</UL>
<BR>[Calls]<UL><LI><a href="#[2c3]">&gt;&gt;</a>&nbsp;&nbsp;&nbsp;writeWord
</UL>
<BR>[Called By]<UL><LI><a href="#[2cb]">&gt;&gt;</a>&nbsp;&nbsp;&nbsp;initNV
<LI><a href="#[2c9]">&gt;&gt;</a>&nbsp;&nbsp;&nbsp;compactPage
</UL>

<P><STRONG><a name="[2c6]"></a>xferItem</STRONG> (Thumb, 54 bytes, Stack size 32 bytes, osal_snv.o(.text))
<BR><BR>[Stack]<UL><LI>Max Depth = 116<LI>Call Chain = xferItem &rArr; writeWord &rArr; verifyWordM &rArr; HalFlashRead
</UL>
<BR>[Calls]<UL><LI><a href="#[2bf]">&gt;&gt;</a>&nbsp;&nbsp;&nbsp;HalFlashRead
<LI><a href="#[2c3]">&gt;&gt;</a>&nbsp;&nbsp;&nbsp;writeWord
</UL>
<BR>[Called By]<UL><LI><a href="#[2c9]">&gt;&gt;</a>&nbsp;&nbsp;&nbsp;compactPage
</UL>

<P><STRONG><a name="[2c7]"></a>findItem</STRONG> (Thumb, 104 bytes, Stack size 24 bytes, osal_snv.o(.text))
<BR><BR>[Stack]<UL><LI>Max Depth = 60<LI>Call Chain = findItem &rArr; HalFlashRead
</UL>
<BR>[Calls]<UL><LI><a href="#[2c8]">&gt;&gt;</a>&nbsp;&nbsp;&nbsp;halAssertHandler
<LI><a href="#[2bf]">&gt;&gt;</a>&nbsp;&nbsp;&nbsp;HalFlashRead
</UL>
<BR>[Called By]<UL><LI><a href="#[163]">&gt;&gt;</a>&nbsp;&nbsp;&nbsp;osal_snv_write
<LI><a href="#[11d]">&gt;&gt;</a>&nbsp;&nbsp;&nbsp;osal_snv_read
<LI><a href="#[2c9]">&gt;&gt;</a>&nbsp;&nbsp;&nbsp;compactPage
</UL>

<P><STRONG><a name="[2c9]"></a>compactPage</STRONG> (Thumb, 220 bytes, Stack size 32 bytes, osal_snv.o(.text))
<BR><BR>[Stack]<UL><LI>Max Depth = 148<LI>Call Chain = compactPage &rArr; xferItem &rArr; writeWord &rArr; verifyWordM &rArr; HalFlashRead
</UL>
<BR>[Calls]<UL><LI><a href="#[2c8]">&gt;&gt;</a>&nbsp;&nbsp;&nbsp;halAssertHandler
<LI><a href="#[2bf]">&gt;&gt;</a>&nbsp;&nbsp;&nbsp;HalFlashRead
<LI><a href="#[2c7]">&gt;&gt;</a>&nbsp;&nbsp;&nbsp;findItem
<LI><a href="#[2c6]">&gt;&gt;</a>&nbsp;&nbsp;&nbsp;xferItem
<LI><a href="#[2c5]">&gt;&gt;</a>&nbsp;&nbsp;&nbsp;setActivePage
<LI><a href="#[2c0]">&gt;&gt;</a>&nbsp;&nbsp;&nbsp;erasePage
</UL>
<BR>[Called By]<UL><LI><a href="#[163]">&gt;&gt;</a>&nbsp;&nbsp;&nbsp;osal_snv_write
<LI><a href="#[2cf]">&gt;&gt;</a>&nbsp;&nbsp;&nbsp;osal_snv_compact
<LI><a href="#[2cb]">&gt;&gt;</a>&nbsp;&nbsp;&nbsp;initNV
</UL>

<P><STRONG><a name="[2ca]"></a>cleanErasedPage</STRONG> (Thumb, 50 bytes, Stack size 16 bytes, osal_snv.o(.text))
<BR><BR>[Stack]<UL><LI>Max Depth = 96<LI>Call Chain = cleanErasedPage &rArr; erasePage &rArr; HalFlashErasePage &rArr; HalFlashErase &rArr; FLASH_EraseSector &rArr; FLASH_WaitForLastOperation
</UL>
<BR>[Calls]<UL><LI><a href="#[2bf]">&gt;&gt;</a>&nbsp;&nbsp;&nbsp;HalFlashRead
<LI><a href="#[2c0]">&gt;&gt;</a>&nbsp;&nbsp;&nbsp;erasePage
</UL>
<BR>[Called By]<UL><LI><a href="#[2cb]">&gt;&gt;</a>&nbsp;&nbsp;&nbsp;initNV
</UL>

<P><STRONG><a name="[2cb]"></a>initNV</STRONG> (Thumb, 160 bytes, Stack size 16 bytes, osal_snv.o(.text))
<BR><BR>[Stack]<UL><LI>Max Depth = 164<LI>Call Chain = initNV &rArr; compactPage &rArr; xferItem &rArr; writeWord &rArr; verifyWordM &rArr; HalFlashRead
</UL>
<BR>[Calls]<UL><LI><a href="#[2be]">&gt;&gt;</a>&nbsp;&nbsp;&nbsp;findOffset
<LI><a href="#[2bf]">&gt;&gt;</a>&nbsp;&nbsp;&nbsp;HalFlashRead
<LI><a href="#[2ca]">&gt;&gt;</a>&nbsp;&nbsp;&nbsp;cleanErasedPage
<LI><a href="#[2c9]">&gt;&gt;</a>&nbsp;&nbsp;&nbsp;compactPage
<LI><a href="#[2c5]">&gt;&gt;</a>&nbsp;&nbsp;&nbsp;setActivePage
<LI><a href="#[2c0]">&gt;&gt;</a>&nbsp;&nbsp;&nbsp;erasePage
</UL>
<BR>[Called By]<UL><LI><a href="#[7e]">&gt;&gt;</a>&nbsp;&nbsp;&nbsp;osal_snv_init
<LI><a href="#[219]">&gt;&gt;</a>&nbsp;&nbsp;&nbsp;osal_snv_reset
</UL>

<P><STRONG><a name="[2cc]"></a>setXferPage</STRONG> (Thumb, 20 bytes, Stack size 8 bytes, osal_snv.o(.text))
<BR><BR>[Stack]<UL><LI>Max Depth = 92<LI>Call Chain = setXferPage &rArr; writeWord &rArr; verifyWordM &rArr; HalFlashRead
</UL>
<BR>[Calls]<UL><LI><a href="#[2c3]">&gt;&gt;</a>&nbsp;&nbsp;&nbsp;writeWord
</UL>
<BR>[Called By]<UL><LI><a href="#[163]">&gt;&gt;</a>&nbsp;&nbsp;&nbsp;osal_snv_write
<LI><a href="#[2cf]">&gt;&gt;</a>&nbsp;&nbsp;&nbsp;osal_snv_compact
</UL>

<P><STRONG><a name="[2cd]"></a>writeWordM</STRONG> (Thumb, 50 bytes, Stack size 24 bytes, osal_snv.o(.text))
<BR><BR>[Stack]<UL><LI>Max Depth = 84<LI>Call Chain = writeWordM &rArr; verifyWordM &rArr; HalFlashRead
</UL>
<BR>[Calls]<UL><LI><a href="#[2c4]">&gt;&gt;</a>&nbsp;&nbsp;&nbsp;HalFlashWrite
<LI><a href="#[2c2]">&gt;&gt;</a>&nbsp;&nbsp;&nbsp;verifyWordM
</UL>
<BR>[Called By]<UL><LI><a href="#[2ce]">&gt;&gt;</a>&nbsp;&nbsp;&nbsp;writeItem
</UL>

<P><STRONG><a name="[2ce]"></a>writeItem</STRONG> (Thumb, 114 bytes, Stack size 32 bytes, osal_snv.o(.text))
<BR><BR>[Stack]<UL><LI>Max Depth = 116<LI>Call Chain = writeItem &rArr; writeWordM &rArr; verifyWordM &rArr; HalFlashRead
</UL>
<BR>[Calls]<UL><LI><a href="#[2cd]">&gt;&gt;</a>&nbsp;&nbsp;&nbsp;writeWordM
<LI><a href="#[2c3]">&gt;&gt;</a>&nbsp;&nbsp;&nbsp;writeWord
</UL>
<BR>[Called By]<UL><LI><a href="#[163]">&gt;&gt;</a>&nbsp;&nbsp;&nbsp;osal_snv_write
</UL>

<P><STRONG><a name="[2f0]"></a>sysDelayUs</STRONG> (Thumb, 82 bytes, Stack size 16 bytes, mfddriver.o(.text))
<BR><BR>[Stack]<UL><LI>Max Depth = 16<LI>Call Chain = sysDelayUs
</UL>
<BR>[Called By]<UL><LI><a href="#[2f9]">&gt;&gt;</a>&nbsp;&nbsp;&nbsp;mfd_Reset
<LI><a href="#[2f5]">&gt;&gt;</a>&nbsp;&nbsp;&nbsp;I2C_Stop
<LI><a href="#[2f4]">&gt;&gt;</a>&nbsp;&nbsp;&nbsp;I2C_Start
<LI><a href="#[2f3]">&gt;&gt;</a>&nbsp;&nbsp;&nbsp;I2C_Wait
<LI><a href="#[2f2]">&gt;&gt;</a>&nbsp;&nbsp;&nbsp;readBit
<LI><a href="#[2f1]">&gt;&gt;</a>&nbsp;&nbsp;&nbsp;WriteBit1
<LI><a href="#[2ef]">&gt;&gt;</a>&nbsp;&nbsp;&nbsp;WriteBit0
</UL>

<P><STRONG><a name="[2ef]"></a>WriteBit0</STRONG> (Thumb, 40 bytes, Stack size 8 bytes, mfddriver.o(.text))
<BR><BR>[Stack]<UL><LI>Max Depth = 24<LI>Call Chain = WriteBit0 &rArr; stm32_gpio_set_value
</UL>
<BR>[Calls]<UL><LI><a href="#[cf]">&gt;&gt;</a>&nbsp;&nbsp;&nbsp;stm32_gpio_set_value
<LI><a href="#[2f0]">&gt;&gt;</a>&nbsp;&nbsp;&nbsp;sysDelayUs
</UL>
<BR>[Called By]<UL><LI><a href="#[2f7]">&gt;&gt;</a>&nbsp;&nbsp;&nbsp;I2C_SendByte
<LI><a href="#[2f6]">&gt;&gt;</a>&nbsp;&nbsp;&nbsp;I2C_SendAck
</UL>

<P><STRONG><a name="[2f1]"></a>WriteBit1</STRONG> (Thumb, 40 bytes, Stack size 8 bytes, mfddriver.o(.text))
<BR><BR>[Stack]<UL><LI>Max Depth = 24<LI>Call Chain = WriteBit1 &rArr; stm32_gpio_set_value
</UL>
<BR>[Calls]<UL><LI><a href="#[cf]">&gt;&gt;</a>&nbsp;&nbsp;&nbsp;stm32_gpio_set_value
<LI><a href="#[2f0]">&gt;&gt;</a>&nbsp;&nbsp;&nbsp;sysDelayUs
</UL>
<BR>[Called By]<UL><LI><a href="#[2f7]">&gt;&gt;</a>&nbsp;&nbsp;&nbsp;I2C_SendByte
<LI><a href="#[2f6]">&gt;&gt;</a>&nbsp;&nbsp;&nbsp;I2C_SendAck
</UL>

<P><STRONG><a name="[2f2]"></a>readBit</STRONG> (Thumb, 68 bytes, Stack size 16 bytes, mfddriver.o(.text))
<BR><BR>[Stack]<UL><LI>Max Depth = 32<LI>Call Chain = readBit &rArr; stm32_gpio_get_value
</UL>
<BR>[Calls]<UL><LI><a href="#[f4]">&gt;&gt;</a>&nbsp;&nbsp;&nbsp;stm32_gpio_get_value
<LI><a href="#[cf]">&gt;&gt;</a>&nbsp;&nbsp;&nbsp;stm32_gpio_set_value
<LI><a href="#[2f0]">&gt;&gt;</a>&nbsp;&nbsp;&nbsp;sysDelayUs
</UL>
<BR>[Called By]<UL><LI><a href="#[2f8]">&gt;&gt;</a>&nbsp;&nbsp;&nbsp;I2C_ReceiveByte
<LI><a href="#[2f7]">&gt;&gt;</a>&nbsp;&nbsp;&nbsp;I2C_SendByte
</UL>

<P><STRONG><a name="[2f3]"></a>I2C_Wait</STRONG> (Thumb, 10 bytes, Stack size 8 bytes, mfddriver.o(.text))
<BR><BR>[Stack]<UL><LI>Max Depth = 24<LI>Call Chain = I2C_Wait &rArr; sysDelayUs
</UL>
<BR>[Calls]<UL><LI><a href="#[2f0]">&gt;&gt;</a>&nbsp;&nbsp;&nbsp;sysDelayUs
</UL>
<BR>[Called By]<UL><LI><a href="#[2f8]">&gt;&gt;</a>&nbsp;&nbsp;&nbsp;I2C_ReceiveByte
<LI><a href="#[2f7]">&gt;&gt;</a>&nbsp;&nbsp;&nbsp;I2C_SendByte
</UL>

<P><STRONG><a name="[2f4]"></a>I2C_Start</STRONG> (Thumb, 20 bytes, Stack size 8 bytes, mfddriver.o(.text))
<BR><BR>[Stack]<UL><LI>Max Depth = 24<LI>Call Chain = I2C_Start &rArr; stm32_gpio_set_value
</UL>
<BR>[Calls]<UL><LI><a href="#[cf]">&gt;&gt;</a>&nbsp;&nbsp;&nbsp;stm32_gpio_set_value
<LI><a href="#[2f0]">&gt;&gt;</a>&nbsp;&nbsp;&nbsp;sysDelayUs
</UL>
<BR>[Called By]<UL><LI><a href="#[2fb]">&gt;&gt;</a>&nbsp;&nbsp;&nbsp;mfd_readid
<LI><a href="#[2fa]">&gt;&gt;</a>&nbsp;&nbsp;&nbsp;mfd_readmfd
<LI><a href="#[2fd]">&gt;&gt;</a>&nbsp;&nbsp;&nbsp;mfd_read
<LI><a href="#[2fc]">&gt;&gt;</a>&nbsp;&nbsp;&nbsp;mfd_PageWrite
</UL>

<P><STRONG><a name="[2f5]"></a>I2C_Stop</STRONG> (Thumb, 20 bytes, Stack size 8 bytes, mfddriver.o(.text))
<BR><BR>[Stack]<UL><LI>Max Depth = 24<LI>Call Chain = I2C_Stop &rArr; stm32_gpio_set_value
</UL>
<BR>[Calls]<UL><LI><a href="#[cf]">&gt;&gt;</a>&nbsp;&nbsp;&nbsp;stm32_gpio_set_value
<LI><a href="#[2f0]">&gt;&gt;</a>&nbsp;&nbsp;&nbsp;sysDelayUs
</UL>
<BR>[Called By]<UL><LI><a href="#[2fb]">&gt;&gt;</a>&nbsp;&nbsp;&nbsp;mfd_readid
<LI><a href="#[2fa]">&gt;&gt;</a>&nbsp;&nbsp;&nbsp;mfd_readmfd
<LI><a href="#[2fd]">&gt;&gt;</a>&nbsp;&nbsp;&nbsp;mfd_read
<LI><a href="#[2fc]">&gt;&gt;</a>&nbsp;&nbsp;&nbsp;mfd_PageWrite
</UL>

<P><STRONG><a name="[2f6]"></a>I2C_SendAck</STRONG> (Thumb, 18 bytes, Stack size 8 bytes, mfddriver.o(.text))
<BR><BR>[Stack]<UL><LI>Max Depth = 32<LI>Call Chain = I2C_SendAck &rArr; WriteBit1 &rArr; stm32_gpio_set_value
</UL>
<BR>[Calls]<UL><LI><a href="#[2f1]">&gt;&gt;</a>&nbsp;&nbsp;&nbsp;WriteBit1
<LI><a href="#[2ef]">&gt;&gt;</a>&nbsp;&nbsp;&nbsp;WriteBit0
</UL>
<BR>[Called By]<UL><LI><a href="#[2f8]">&gt;&gt;</a>&nbsp;&nbsp;&nbsp;I2C_ReceiveByte
</UL>

<P><STRONG><a name="[2f7]"></a>I2C_SendByte</STRONG> (Thumb, 62 bytes, Stack size 16 bytes, mfddriver.o(.text))
<BR><BR>[Stack]<UL><LI>Max Depth = 48<LI>Call Chain = I2C_SendByte &rArr; readBit &rArr; stm32_gpio_get_value
</UL>
<BR>[Calls]<UL><LI><a href="#[2f3]">&gt;&gt;</a>&nbsp;&nbsp;&nbsp;I2C_Wait
<LI><a href="#[2f2]">&gt;&gt;</a>&nbsp;&nbsp;&nbsp;readBit
<LI><a href="#[2f1]">&gt;&gt;</a>&nbsp;&nbsp;&nbsp;WriteBit1
<LI><a href="#[2ef]">&gt;&gt;</a>&nbsp;&nbsp;&nbsp;WriteBit0
</UL>
<BR>[Called By]<UL><LI><a href="#[2fb]">&gt;&gt;</a>&nbsp;&nbsp;&nbsp;mfd_readid
<LI><a href="#[2fa]">&gt;&gt;</a>&nbsp;&nbsp;&nbsp;mfd_readmfd
<LI><a href="#[2fd]">&gt;&gt;</a>&nbsp;&nbsp;&nbsp;mfd_read
<LI><a href="#[2fc]">&gt;&gt;</a>&nbsp;&nbsp;&nbsp;mfd_PageWrite
</UL>

<P><STRONG><a name="[2f8]"></a>I2C_ReceiveByte</STRONG> (Thumb, 54 bytes, Stack size 16 bytes, mfddriver.o(.text))
<BR><BR>[Stack]<UL><LI>Max Depth = 48<LI>Call Chain = I2C_ReceiveByte &rArr; I2C_SendAck &rArr; WriteBit1 &rArr; stm32_gpio_set_value
</UL>
<BR>[Calls]<UL><LI><a href="#[2f6]">&gt;&gt;</a>&nbsp;&nbsp;&nbsp;I2C_SendAck
<LI><a href="#[2f3]">&gt;&gt;</a>&nbsp;&nbsp;&nbsp;I2C_Wait
<LI><a href="#[2f2]">&gt;&gt;</a>&nbsp;&nbsp;&nbsp;readBit
</UL>
<BR>[Called By]<UL><LI><a href="#[2fb]">&gt;&gt;</a>&nbsp;&nbsp;&nbsp;mfd_readid
<LI><a href="#[2fa]">&gt;&gt;</a>&nbsp;&nbsp;&nbsp;mfd_readmfd
<LI><a href="#[2fd]">&gt;&gt;</a>&nbsp;&nbsp;&nbsp;mfd_read
</UL>

<P><STRONG><a name="[2f9]"></a>mfd_Reset</STRONG> (Thumb, 102 bytes, Stack size 16 bytes, mfddriver.o(.text))
<BR><BR>[Stack]<UL><LI>Max Depth = 32<LI>Call Chain = mfd_Reset &rArr; stm32_gpio_get_value
</UL>
<BR>[Calls]<UL><LI><a href="#[f4]">&gt;&gt;</a>&nbsp;&nbsp;&nbsp;stm32_gpio_get_value
<LI><a href="#[cf]">&gt;&gt;</a>&nbsp;&nbsp;&nbsp;stm32_gpio_set_value
<LI><a href="#[2f0]">&gt;&gt;</a>&nbsp;&nbsp;&nbsp;sysDelayUs
</UL>
<BR>[Called By]<UL><LI><a href="#[80]">&gt;&gt;</a>&nbsp;&nbsp;&nbsp;mfd_Init
</UL>

<P><STRONG><a name="[2fc]"></a>mfd_PageWrite</STRONG> (Thumb, 92 bytes, Stack size 32 bytes, mfddriver.o(.text))
<BR><BR>[Stack]<UL><LI>Max Depth = 80<LI>Call Chain = mfd_PageWrite &rArr; I2C_SendByte &rArr; readBit &rArr; stm32_gpio_get_value
</UL>
<BR>[Calls]<UL><LI><a href="#[2f7]">&gt;&gt;</a>&nbsp;&nbsp;&nbsp;I2C_SendByte
<LI><a href="#[2f5]">&gt;&gt;</a>&nbsp;&nbsp;&nbsp;I2C_Stop
<LI><a href="#[2f4]">&gt;&gt;</a>&nbsp;&nbsp;&nbsp;I2C_Start
</UL>
<BR>[Called By]<UL><LI><a href="#[167]">&gt;&gt;</a>&nbsp;&nbsp;&nbsp;write_mfd
</UL>

<P><STRONG><a name="[2fd]"></a>mfd_read</STRONG> (Thumb, 120 bytes, Stack size 32 bytes, mfddriver.o(.text))
<BR><BR>[Stack]<UL><LI>Max Depth = 80<LI>Call Chain = mfd_read &rArr; I2C_ReceiveByte &rArr; I2C_SendAck &rArr; WriteBit1 &rArr; stm32_gpio_set_value
</UL>
<BR>[Calls]<UL><LI><a href="#[2f8]">&gt;&gt;</a>&nbsp;&nbsp;&nbsp;I2C_ReceiveByte
<LI><a href="#[2f7]">&gt;&gt;</a>&nbsp;&nbsp;&nbsp;I2C_SendByte
<LI><a href="#[2f5]">&gt;&gt;</a>&nbsp;&nbsp;&nbsp;I2C_Stop
<LI><a href="#[2f4]">&gt;&gt;</a>&nbsp;&nbsp;&nbsp;I2C_Start
</UL>
<BR>[Called By]<UL><LI><a href="#[169]">&gt;&gt;</a>&nbsp;&nbsp;&nbsp;read_mfd
<LI><a href="#[300]">&gt;&gt;</a>&nbsp;&nbsp;&nbsp;check_mfd
</UL>

<P><STRONG><a name="[2ff]"></a>encryption</STRONG> (Thumb, 80 bytes, Stack size 20 bytes, mfddriver.o(.text))
<BR><BR>[Stack]<UL><LI>Max Depth = 20<LI>Call Chain = encryption
</UL>
<BR>[Called By]<UL><LI><a href="#[167]">&gt;&gt;</a>&nbsp;&nbsp;&nbsp;write_mfd
<LI><a href="#[169]">&gt;&gt;</a>&nbsp;&nbsp;&nbsp;read_mfd
<LI><a href="#[300]">&gt;&gt;</a>&nbsp;&nbsp;&nbsp;check_mfd
</UL>

<P><STRONG><a name="[2fe]"></a>mfd_id_validate</STRONG> (Thumb, 32 bytes, Stack size 0 bytes, mfddriver.o(.text))
<BR><BR>[Called By]<UL><LI><a href="#[167]">&gt;&gt;</a>&nbsp;&nbsp;&nbsp;write_mfd
<LI><a href="#[169]">&gt;&gt;</a>&nbsp;&nbsp;&nbsp;read_mfd
</UL>

<P><STRONG><a name="[300]"></a>check_mfd</STRONG> (Thumb, 56 bytes, Stack size 40 bytes, mfddriver.o(.text))
<BR><BR>[Stack]<UL><LI>Max Depth = 120<LI>Call Chain = check_mfd &rArr; mfd_read &rArr; I2C_ReceiveByte &rArr; I2C_SendAck &rArr; WriteBit1 &rArr; stm32_gpio_set_value
</UL>
<BR>[Calls]<UL><LI><a href="#[15a]">&gt;&gt;</a>&nbsp;&nbsp;&nbsp;CmpDeviceElecId
<LI><a href="#[2ff]">&gt;&gt;</a>&nbsp;&nbsp;&nbsp;encryption
<LI><a href="#[2fd]">&gt;&gt;</a>&nbsp;&nbsp;&nbsp;mfd_read
</UL>
<BR>[Called By]<UL><LI><a href="#[80]">&gt;&gt;</a>&nbsp;&nbsp;&nbsp;mfd_Init
</UL>

<P><STRONG><a name="[301]"></a>TIM3_CH3_PWM_Init</STRONG> (Thumb, 202 bytes, Stack size 64 bytes, leakage.o(.text))
<BR><BR>[Stack]<UL><LI>Max Depth = 84<LI>Call Chain = TIM3_CH3_PWM_Init &rArr; GPIO_Init
</UL>
<BR>[Calls]<UL><LI><a href="#[ee]">&gt;&gt;</a>&nbsp;&nbsp;&nbsp;RCC_APB1PeriphClockCmd
<LI><a href="#[dd]">&gt;&gt;</a>&nbsp;&nbsp;&nbsp;RCC_AHB1PeriphClockCmd
<LI><a href="#[d7]">&gt;&gt;</a>&nbsp;&nbsp;&nbsp;NVIC_Init
<LI><a href="#[e0]">&gt;&gt;</a>&nbsp;&nbsp;&nbsp;GPIO_Init
<LI><a href="#[2a7]">&gt;&gt;</a>&nbsp;&nbsp;&nbsp;GPIO_PinAFConfig
<LI><a href="#[2e2]">&gt;&gt;</a>&nbsp;&nbsp;&nbsp;TIM_ITConfig
<LI><a href="#[2d9]">&gt;&gt;</a>&nbsp;&nbsp;&nbsp;TIM_OC3PreloadConfig
<LI><a href="#[2d8]">&gt;&gt;</a>&nbsp;&nbsp;&nbsp;TIM_OC3Init
<LI><a href="#[2da]">&gt;&gt;</a>&nbsp;&nbsp;&nbsp;TIM_Cmd
<LI><a href="#[2dd]">&gt;&gt;</a>&nbsp;&nbsp;&nbsp;TIM_ARRPreloadConfig
<LI><a href="#[2d3]">&gt;&gt;</a>&nbsp;&nbsp;&nbsp;TIM_TimeBaseInit
</UL>
<BR>[Called By]<UL><LI><a href="#[1a0]">&gt;&gt;</a>&nbsp;&nbsp;&nbsp;LeakageInit
</UL>

<P><STRONG><a name="[30b]"></a>OS_FlagTaskRdy</STRONG> (Thumb, 82 bytes, Stack size 20 bytes, os_flag.o(.text), UNUSED)
<BR><BR>[Calls]<UL><LI><a href="#[24b]">&gt;&gt;</a>&nbsp;&nbsp;&nbsp;OS_FlagUnlink
</UL>
<BR>[Called By]<UL><LI><a href="#[312]">&gt;&gt;</a>&nbsp;&nbsp;&nbsp;OSFlagPost
<LI><a href="#[30c]">&gt;&gt;</a>&nbsp;&nbsp;&nbsp;OSFlagDel
</UL>

<P><STRONG><a name="[310]"></a>OS_FlagBlock</STRONG> (Thumb, 152 bytes, Stack size 20 bytes, os_flag.o(.text), UNUSED)
<BR><BR>[Called By]<UL><LI><a href="#[30f]">&gt;&gt;</a>&nbsp;&nbsp;&nbsp;OSFlagPend
</UL>

<P><STRONG><a name="[340]"></a>format_decode</STRONG> (Thumb, 60 bytes, Stack size 0 bytes, copyright.o(.text), UNUSED)
<BR><BR>[Called By]<UL><LI><a href="#[2a2]">&gt;&gt;</a>&nbsp;&nbsp;&nbsp;CopyRight_return_type
</UL>

<P><STRONG><a name="[359]"></a>_fp_digits</STRONG> (Thumb, 366 bytes, Stack size 64 bytes, printfa.o(i._fp_digits), UNUSED)
<BR><BR>[Calls]<UL><LI><a href="#[1ce]">&gt;&gt;</a>&nbsp;&nbsp;&nbsp;__aeabi_ddiv
<LI><a href="#[1d0]">&gt;&gt;</a>&nbsp;&nbsp;&nbsp;__aeabi_cdrcmple
<LI><a href="#[195]">&gt;&gt;</a>&nbsp;&nbsp;&nbsp;__aeabi_dmul
<LI><a href="#[196]">&gt;&gt;</a>&nbsp;&nbsp;&nbsp;__aeabi_dadd
<LI><a href="#[34e]">&gt;&gt;</a>&nbsp;&nbsp;&nbsp;__aeabi_uldivmod
<LI><a href="#[352]">&gt;&gt;</a>&nbsp;&nbsp;&nbsp;__aeabi_d2ulz
</UL>
<BR>[Called By]<UL><LI><a href="#[356]">&gt;&gt;</a>&nbsp;&nbsp;&nbsp;_printf_core
</UL>

<P><STRONG><a name="[356]"></a>_printf_core</STRONG> (Thumb, 1744 bytes, Stack size 136 bytes, printfa.o(i._printf_core), UNUSED)
<BR><BR>[Calls]<UL><LI><a href="#[34e]">&gt;&gt;</a>&nbsp;&nbsp;&nbsp;__aeabi_uldivmod
<LI><a href="#[35c]">&gt;&gt;</a>&nbsp;&nbsp;&nbsp;__aeabi_uidivmod
<LI><a href="#[35a]">&gt;&gt;</a>&nbsp;&nbsp;&nbsp;_printf_pre_padding
<LI><a href="#[35b]">&gt;&gt;</a>&nbsp;&nbsp;&nbsp;_printf_post_padding
<LI><a href="#[359]">&gt;&gt;</a>&nbsp;&nbsp;&nbsp;_fp_digits
</UL>
<BR>[Called By]<UL><LI><a href="#[358]">&gt;&gt;</a>&nbsp;&nbsp;&nbsp;__0vprintf
<LI><a href="#[357]">&gt;&gt;</a>&nbsp;&nbsp;&nbsp;__0sprintf
<LI><a href="#[355]">&gt;&gt;</a>&nbsp;&nbsp;&nbsp;__0printf
</UL>

<P><STRONG><a name="[35b]"></a>_printf_post_padding</STRONG> (Thumb, 36 bytes, Stack size 24 bytes, printfa.o(i._printf_post_padding), UNUSED)
<BR><BR>[Called By]<UL><LI><a href="#[356]">&gt;&gt;</a>&nbsp;&nbsp;&nbsp;_printf_core
</UL>

<P><STRONG><a name="[35a]"></a>_printf_pre_padding</STRONG> (Thumb, 46 bytes, Stack size 24 bytes, printfa.o(i._printf_pre_padding), UNUSED)
<BR><BR>[Called By]<UL><LI><a href="#[356]">&gt;&gt;</a>&nbsp;&nbsp;&nbsp;_printf_core
</UL>

<P><STRONG><a name="[6c]"></a>_sputc</STRONG> (Thumb, 10 bytes, Stack size 0 bytes, printfa.o(i._sputc))
<BR><BR>[Called By]<UL><LI><a href="#[357]">&gt;&gt;</a>&nbsp;&nbsp;&nbsp;__0sprintf
</UL>
<BR>[Address Reference Count : 1]<UL><LI> printfa.o(i.__0sprintf)
</UL><P>
<H3>
Undefined Global Symbols
</H3><HR></body></html>
